Archive member included to satisfy reference by file (symbol)

C:/Program Files/SEGGER/SEGGER Embedded Studio for ARM 5.68/lib/libc_v7em_fpv4_sp_d16_hard_t_le_eabi.a(libc2.o)
                              Output/Debug/Obj/saadc_pca10056/nrf_log_str_formatter.o (isprint)
C:/Program Files/SEGGER/SEGGER Embedded Studio for ARM 5.68/lib/libc_v7em_fpv4_sp_d16_hard_t_le_eabi.a(libc2_asm.o)
                              Output/Debug/Obj/saadc_pca10056/nrf_log_frontend.o (memcpy)
C:/Program Files/SEGGER/SEGGER Embedded Studio for ARM 5.68/lib/libc_v7em_fpv4_sp_d16_hard_t_le_eabi.a(libvfprintf.o)
                              (__vfprintf_long)
C:/Program Files/SEGGER/SEGGER Embedded Studio for ARM 5.68/lib/libc_v7em_fpv4_sp_d16_hard_t_le_eabi.a(libvfscanf.o)
                              (__vfscanf_long)
C:/Program Files/SEGGER/SEGGER Embedded Studio for ARM 5.68/lib/libc_v7em_fpv4_sp_d16_hard_t_le_eabi.a(libc.o)
                              C:/Program Files/SEGGER/SEGGER Embedded Studio for ARM 5.68/lib/libc_v7em_fpv4_sp_d16_hard_t_le_eabi.a(libc2.o) (__heap_lock)
C:/Program Files/SEGGER/SEGGER Embedded Studio for ARM 5.68/lib/libc_v7em_fpv4_sp_d16_hard_t_le_eabi.a(libc_asm.o)
                              C:/Program Files/SEGGER/SEGGER Embedded Studio for ARM 5.68/lib/libc_v7em_fpv4_sp_d16_hard_t_le_eabi.a(libc2.o) (__aeabi_uldivmod)
C:/Program Files/SEGGER/SEGGER Embedded Studio for ARM 5.68/lib/libdebugio_v7em_fpv4_sp_d16_hard_t_le_eabi.a(libdebugio.o)
                              Output/Debug/Obj/saadc_pca10056/thumb_crt0.o (debug_fopen)
C:/Program Files/SEGGER/SEGGER Embedded Studio for ARM 5.68/lib/libdebugio_v7em_fpv4_sp_d16_hard_t_le_eabi.a(do_nv_debug_operation.o)
                              C:/Program Files/SEGGER/SEGGER Embedded Studio for ARM 5.68/lib/libdebugio_v7em_fpv4_sp_d16_hard_t_le_eabi.a(libdebugio.o) (__do_nvdebug_operation)
C:/Program Files/SEGGER/SEGGER Embedded Studio for ARM 5.68/lib/libdebugio_v7em_fpv4_sp_d16_hard_t_le_eabi.a(mempoll_debug_operations.o)
                              (__do_debug_operation_mempoll)
C:/Program Files/SEGGER/SEGGER Embedded Studio for ARM 5.68/lib/libm_v7em_fpv4_sp_d16_hard_t_le_eabi.a(libm_asm.o)
                              C:/Program Files/SEGGER/SEGGER Embedded Studio for ARM 5.68/lib/libc_v7em_fpv4_sp_d16_hard_t_le_eabi.a(libc2.o) (__aeabi_dadd)
C:/Program Files/SEGGER/SEGGER Embedded Studio for ARM 5.68/lib/libm_v7em_fpv4_sp_d16_hard_t_le_eabi.a(libm2.o)
                              C:/Program Files/SEGGER/SEGGER Embedded Studio for ARM 5.68/lib/libc_v7em_fpv4_sp_d16_hard_t_le_eabi.a(libvfprintf.o) (frexp)

Discarded input sections

 .text          0x0000000000000000        0x0 Output/Debug/Obj/saadc_pca10056/thumb_crt0.o
 .data          0x0000000000000000        0x0 Output/Debug/Obj/saadc_pca10056/thumb_crt0.o
 .bss           0x0000000000000000        0x0 Output/Debug/Obj/saadc_pca10056/thumb_crt0.o
 .text.__aeabi_read_tp
                0x0000000000000000        0x8 Output/Debug/Obj/saadc_pca10056/thumb_crt0.o
 .text.abort    0x0000000000000000        0x2 Output/Debug/Obj/saadc_pca10056/thumb_crt0.o
 .text.__assert
                0x0000000000000000        0x2 Output/Debug/Obj/saadc_pca10056/thumb_crt0.o
 .text.__assert_func
                0x0000000000000000        0x2 Output/Debug/Obj/saadc_pca10056/thumb_crt0.o
 .text.__aeabi_assert
                0x0000000000000000        0x2 Output/Debug/Obj/saadc_pca10056/thumb_crt0.o
 .text.__sync_synchronize
                0x0000000000000000        0x2 Output/Debug/Obj/saadc_pca10056/thumb_crt0.o
 .text.__getchar
                0x0000000000000000        0x4 Output/Debug/Obj/saadc_pca10056/thumb_crt0.o
 .text.__putchar
                0x0000000000000000        0x4 Output/Debug/Obj/saadc_pca10056/thumb_crt0.o
 .text.__open   0x0000000000000000        0x4 Output/Debug/Obj/saadc_pca10056/thumb_crt0.o
 .text.__close  0x0000000000000000        0x4 Output/Debug/Obj/saadc_pca10056/thumb_crt0.o
 .text.__write  0x0000000000000000        0xa Output/Debug/Obj/saadc_pca10056/thumb_crt0.o
 .text.__read   0x0000000000000000        0xa Output/Debug/Obj/saadc_pca10056/thumb_crt0.o
 .text.__seek   0x0000000000000000       0x1a Output/Debug/Obj/saadc_pca10056/thumb_crt0.o
 .text.remove   0x0000000000000000        0x4 Output/Debug/Obj/saadc_pca10056/thumb_crt0.o
 .text.rename   0x0000000000000000        0x4 Output/Debug/Obj/saadc_pca10056/thumb_crt0.o
 .bss.__user_locale_name_buffer
                0x0000000000000000        0x4 Output/Debug/Obj/saadc_pca10056/thumb_crt0.o
 .stack         0x0000000000000000        0x0 Output/Debug/Obj/saadc_pca10056/thumb_crt0.o
 .stack_process
                0x0000000000000000        0x0 Output/Debug/Obj/saadc_pca10056/thumb_crt0.o
 .heap          0x0000000000000000        0x0 Output/Debug/Obj/saadc_pca10056/thumb_crt0.o
 .group         0x0000000000000000        0xc Output/Debug/Obj/saadc_pca10056/nrf_log_backend_rtt.o
[...]
Memory Configuration

Name             Origin             Length             Attributes
UNPLACED_SECTIONS 0x0000000100000000 0x0000000000000000 xw
RAM1             0x0000000020000000 0x0000000000040000 xw
FLASH1           0x0000000000000000 0x0000000000100000 xw
*default*        0x0000000000000000 0xffffffffffffffff

Linker script and memory map

                0x0000000000000000                __do_debug_operation = __do_debug_operation_mempoll
                0x0000000000000000                __vfprintf = __vfprintf_long
                0x0000000000000000                __vfscanf = __vfscanf_long
                0x0000000020000000                __RAM1_segment_start__ = 0x20000000
                0x0000000020040000                __RAM1_segment_end__ = 0x20040000
                0x0000000000040000                __RAM1_segment_size__ = 0x40000
                0x0000000000000000                __FLASH1_segment_start__ = 0x0
                0x0000000000100000                __FLASH1_segment_end__ = 0x100000
                0x0000000000100000                __FLASH1_segment_size__ = 0x100000
                0x0000000000002000                __HEAPSIZE__ = 0x2000
                0x0000000000000000                __STACKSIZE_PROCESS__ = 0x0
                0x0000000000002000                __STACKSIZE__ = 0x2000
                0x0000000020000000                __vectors_ram_load_start__ = 0x20000000

.vectors_ram    0x0000000020000000        0x0
                0x0000000020000000                __vectors_ram_start__ = .
                0x0000000020000000                __app_ram_start__ = __vectors_ram_start__
 *(.vectors_ram .vectors_ram.*)
                0x0000000020000000                __vectors_ram_end__ = (__vectors_ram_start__ + SIZEOF (.vectors_ram))
                0x0000000000000000                __vectors_ram_size__ = SIZEOF (.vectors_ram)
                0x0000000020000000                __vectors_ram_load_end__ = __vectors_ram_end__
                0x0000000000000001                . = ASSERT (((__vectors_ram_start__ == __vectors_ram_end__) || ((__vectors_ram_end__ - __RAM1_segment_start__) <= __RAM1_segment_size__)), error: .vectors_ram is too large to fit in RAM1 memory segment)
                0x0000000020000000                __nrf_sections_run_load_start__ = ALIGN (__vectors_ram_end__, 0x4)

.nrf_sections_run
                0x0000000020000000        0x0
                0x0000000020000000                __nrf_sections_run_start__ = .
                0x0000000020000000                __start_nrf_sections_run = __nrf_sections_run_start__
 *(.nrf_sections_run .nrf_sections_run.*)
                0x0000000020000000                __nrf_sections_run_end__ = (__nrf_sections_run_start__ + SIZEOF (.nrf_sections_run))
                0x0000000000000000                __nrf_sections_run_size__ = SIZEOF (.nrf_sections_run)
                0x0000000020000000                __nrf_sections_run_load_end__ = __nrf_sections_run_end__
                0x0000000000000001                . = ASSERT (((__nrf_sections_run_start__ == __nrf_sections_run_end__) || ((__nrf_sections_run_end__ - __RAM1_segment_start__) <= __RAM1_segment_size__)), error: .nrf_sections_run is too large to fit in RAM1 memory segment)
                0x0000000000000000                __vectors_load_start__ = 0x0

.vectors        0x0000000000000000      0x200
                0x0000000000000000                __vectors_start__ = .
 *(.vectors .vectors.*)
 .vectors       0x0000000000000000      0x200 Output/Debug/Obj/saadc_pca10056/ses_startup_nrf52840.o
                0x0000000000000000                _vectors
                0x0000000000000200                __vectors_end__ = (__vectors_start__ + SIZEOF (.vectors))
                0x0000000000000200                __vectors_size__ = SIZEOF (.vectors)
                0x0000000000000200                __vectors_load_end__ = __vectors_end__
                0x0000000000000001                . = ASSERT (((__vectors_start__ == __vectors_end__) || ((__vectors_end__ - __FLASH1_segment_start__) <= __FLASH1_segment_size__)), error: .vectors is too large to fit in FLASH1 memory segment)
                0x0000000000000200                __init_load_start__ = ALIGN (__vectors_end__, 0x4)

.init           0x0000000000000200      0x1d0
                0x0000000000000200                __init_start__ = .
 *(.init .init.*)
 .init          0x0000000000000200      0x15c Output/Debug/Obj/saadc_pca10056/thumb_crt0.o
                0x0000000000000200                _start
                0x00000000000002b4                exit
 .init          0x000000000000035c       0x18 Output/Debug/Obj/saadc_pca10056/ses_startup_nrf52840.o
                0x000000000000035c                NMI_Handler
                0x000000000000035e                HardFault_Handler
                0x0000000000000360                MemoryManagement_Handler
                0x0000000000000362                BusFault_Handler
                0x0000000000000364                UsageFault_Handler
                0x0000000000000366                SVC_Handler
                0x0000000000000368                DebugMon_Handler
                0x000000000000036a                PendSV_Handler
                0x000000000000036c                SysTick_Handler
                0x000000000000036e                PWM1_IRQHandler
                0x000000000000036e                GPIOTE_IRQHandler
                0x000000000000036e                RTC0_IRQHandler
                0x000000000000036e                POWER_CLOCK_IRQHandler
                0x000000000000036e                RADIO_IRQHandler
                0x000000000000036e                SWI2_EGU2_IRQHandler
                0x000000000000036e                TEMP_IRQHandler
                0x000000000000036e                QDEC_IRQHandler
                0x000000000000036e                TIMER3_IRQHandler
                0x000000000000036e                PWM3_IRQHandler
                0x000000000000036e                FPU_IRQHandler
                0x000000000000036e                USBD_IRQHandler
                0x000000000000036e                SPIM0_SPIS0_TWIM0_TWIS0_SPI0_TWI0_IRQHandler
                0x000000000000036e                QSPI_IRQHandler
                0x000000000000036e                PDM_IRQHandler
                0x000000000000036e                CRYPTOCELL_IRQHandler
                0x000000000000036e                I2S_IRQHandler
                0x000000000000036e                SWI4_EGU4_IRQHandler
                0x000000000000036e                UARTE1_IRQHandler
                0x000000000000036e                Dummy_Handler
                0x000000000000036e                TIMER1_IRQHandler
                0x000000000000036e                SPIM3_IRQHandler
                0x000000000000036e                PWM2_IRQHandler
                0x000000000000036e                ECB_IRQHandler
                0x000000000000036e                SPIM1_SPIS1_TWIM1_TWIS1_SPI1_TWI1_IRQHandler
                0x000000000000036e                CCM_AAR_IRQHandler
                0x000000000000036e                WDT_IRQHandler
                0x000000000000036e                SWI0_EGU0_IRQHandler
                0x000000000000036e                SWI5_EGU5_IRQHandler
                0x000000000000036e                RNG_IRQHandler
                0x000000000000036e                RTC2_IRQHandler
                0x000000000000036e                PWM0_IRQHandler
                0x000000000000036e                SWI3_EGU3_IRQHandler
                0x000000000000036e                RTC1_IRQHandler
                0x000000000000036e                SWI1_EGU1_IRQHandler
                0x000000000000036e                SPIM2_SPIS2_SPI2_IRQHandler
                0x000000000000036e                NFCT_IRQHandler
                0x000000000000036e                TIMER4_IRQHandler
                0x000000000000036e                MWU_IRQHandler
                0x000000000000036e                TIMER2_IRQHandler
                0x000000000000036e                COMP_LPCOMP_IRQHandler
                0x0000000000000370                nRFInitialize
 .init          0x0000000000000374       0x5c Output/Debug/Obj/saadc_pca10056/ses_startup_nrf_common.o
                0x0000000000000374                Reset_Handler
                0x0000000000000378                afterInitialize
                0x000000000000039c                InitializeUserMemorySections
                0x00000000000003d0                __init_end__ = (__init_start__ + SIZEOF (.init))
                0x00000000000001d0                __init_size__ = SIZEOF (.init)
                0x00000000000003d0                __init_load_end__ = __init_end__
                0x0000000000000001                . = ASSERT (((__init_start__ == __init_end__) || ((__init_end__ - __FLASH1_segment_start__) <= __FLASH1_segment_size__)), error: .init is too large to fit in FLASH1 memory segment)
                0x00000000000003d0                __init_rodata_load_start__ = ALIGN (__init_end__, 0x4)

.init_rodata    0x00000000000003d0        0x0
                0x00000000000003d0                __init_rodata_start__ = .
 *(.init_rodata .init_rodata.*)
                0x00000000000003d0                __init_rodata_end__ = (__init_rodata_start__ + SIZEOF (.init_rodata))
                0x0000000000000000                __init_rodata_size__ = SIZEOF (.init_rodata)
                0x00000000000003d0                __init_rodata_load_end__ = __init_rodata_end__
                0x0000000000000001                . = ASSERT (((__init_rodata_start__ == __init_rodata_end__) || ((__init_rodata_end__ - __FLASH1_segment_start__) <= __FLASH1_segment_size__)), error: .init_rodata is too large to fit in FLASH1 memory segment)
                0x00000000000003d0                __text_load_start__ = ALIGN (__init_rodata_end__, 0x4)

.text           0x00000000000003d0     0x5e6c
                0x00000000000003d0                __text_start__ = .
 *(.text .text.* .glue_7t .glue_7 .gnu.linkonce.t.* .gcc_except_table .ARM.extab* .gnu.linkonce.armextab.*)
 .glue_7        0x00000000000003d0        0x0 linker stubs
 .glue_7t       0x00000000000003d0        0x0 linker stubs
 .text.nrf_log_backend_serial_put
                0x00000000000003d0      0x124 Output/Debug/Obj/saadc_pca10056/nrf_log_backend_serial.o
                0x00000000000003d0                nrf_log_backend_serial_put
 .text.nrf_drv_uart_uninit
                0x00000000000004f4       0x44 Output/Debug/Obj/saadc_pca10056/nrf_log_backend_uart.o
 .text.nrf_drv_uart_tx
                0x0000000000000538       0x64 Output/Debug/Obj/saadc_pca10056/nrf_log_backend_uart.o
 .text.uart_evt_handler
                0x000000000000059c       0x18 Output/Debug/Obj/saadc_pca10056/nrf_log_backend_uart.o
 .text.uart_init
                0x00000000000005b4       0x88 Output/Debug/Obj/saadc_pca10056/nrf_log_backend_uart.o
 .text.nrf_log_backend_uart_init
                0x000000000000063c       0x1c Output/Debug/Obj/saadc_pca10056/nrf_log_backend_uart.o
                0x000000000000063c                nrf_log_backend_uart_init
 .text.serial_tx
                0x0000000000000658       0x6c Output/Debug/Obj/saadc_pca10056/nrf_log_backend_uart.o
 .text.nrf_log_backend_uart_put
                0x00000000000006c4       0x28 Output/Debug/Obj/saadc_pca10056/nrf_log_backend_uart.o
 .text.nrf_log_backend_uart_flush
                0x00000000000006ec        0xa Output/Debug/Obj/saadc_pca10056/nrf_log_backend_uart.o
 *fill*         0x00000000000006f6        0x2 
 .text.nrf_log_backend_uart_panic_set
                0x00000000000006f8       0x20 Output/Debug/Obj/saadc_pca10056/nrf_log_backend_uart.o
 .text.nrf_log_backend_enable
                0x0000000000000718       0x12 Output/Debug/Obj/saadc_pca10056/nrf_log_default_backends.o
 *fill*         0x000000000000072a        0x2 
 .text.nrf_log_default_backends_init
                0x000000000000072c       0x3c Output/Debug/Obj/saadc_pca10056/nrf_log_default_backends.o
                0x000000000000072c                nrf_log_default_backends_init
 .text.nrf_log_backend_put
                0x0000000000000768       0x1c Output/Debug/Obj/saadc_pca10056/nrf_log_frontend.o
 .text.nrf_log_backend_panic_set
                0x0000000000000784       0x18 Output/Debug/Obj/saadc_pca10056/nrf_log_frontend.o
 .text.nrf_log_backend_flush
                0x000000000000079c       0x18 Output/Debug/Obj/saadc_pca10056/nrf_log_frontend.o
 .text.nrf_log_backend_id_set
                0x00000000000007b4       0x1a Output/Debug/Obj/saadc_pca10056/nrf_log_frontend.o
 .text.nrf_log_backend_id_get
                0x00000000000007ce       0x10 Output/Debug/Obj/saadc_pca10056/nrf_log_frontend.o
 .text.nrf_log_backend_enable
                0x00000000000007de       0x12 Output/Debug/Obj/saadc_pca10056/nrf_log_frontend.o
 .text.nrf_log_backend_is_enabled
                0x00000000000007f0       0x10 Output/Debug/Obj/saadc_pca10056/nrf_log_frontend.o
 .text.nrf_log_init
                0x0000000000000800       0x50 Output/Debug/Obj/saadc_pca10056/nrf_log_frontend.o
                0x0000000000000800                nrf_log_init
 .text.nrf_log_module_cnt_get
                0x0000000000000850       0x14 Output/Debug/Obj/saadc_pca10056/nrf_log_frontend.o
                0x0000000000000850                nrf_log_module_cnt_get
 .text.module_idx_get
                0x0000000000000864       0x64 Output/Debug/Obj/saadc_pca10056/nrf_log_frontend.o
 .text.nrf_log_module_name_get
                0x00000000000008c8       0x40 Output/Debug/Obj/saadc_pca10056/nrf_log_frontend.o
                0x00000000000008c8                nrf_log_module_name_get
 .text.nrf_log_color_id_get
                0x0000000000000908       0x70 Output/Debug/Obj/saadc_pca10056/nrf_log_frontend.o
                0x0000000000000908                nrf_log_color_id_get
 .text.invalid_packets_omit
                0x0000000000000978       0x6e Output/Debug/Obj/saadc_pca10056/nrf_log_frontend.o
 *fill*         0x00000000000009e6        0x2 
 .text.log_skip
                0x00000000000009e8      0x118 Output/Debug/Obj/saadc_pca10056/nrf_log_frontend.o
 .text.dropped_sat16_get
                0x0000000000000b00       0x28 Output/Debug/Obj/saadc_pca10056/nrf_log_frontend.o
 .text.std_header_set
                0x0000000000000b28       0xb4 Output/Debug/Obj/saadc_pca10056/nrf_log_frontend.o
 .text.log_pending_hook
                0x0000000000000bdc        0x4 Output/Debug/Obj/saadc_pca10056/nrf_log_frontend.o
                0x0000000000000bdc                log_pending_hook
 .text.buf_prealloc
                0x0000000000000be0      0x128 Output/Debug/Obj/saadc_pca10056/nrf_log_frontend.o
 .text.std_n    0x0000000000000d08       0x98 Output/Debug/Obj/saadc_pca10056/nrf_log_frontend.o
 .text.nrf_log_frontend_std_0
                0x0000000000000da0       0x1c Output/Debug/Obj/saadc_pca10056/nrf_log_frontend.o
                0x0000000000000da0                nrf_log_frontend_std_0
 .text.nrf_log_frontend_std_1
                0x0000000000000dbc       0x22 Output/Debug/Obj/saadc_pca10056/nrf_log_frontend.o
                0x0000000000000dbc                nrf_log_frontend_std_1
 .text.nrf_log_frontend_std_2
                0x0000000000000dde       0x28 Output/Debug/Obj/saadc_pca10056/nrf_log_frontend.o
                0x0000000000000dde                nrf_log_frontend_std_2
 .text.nrf_log_frontend_std_5
                0x0000000000000e06       0x34 Output/Debug/Obj/saadc_pca10056/nrf_log_frontend.o
                0x0000000000000e06                nrf_log_frontend_std_5
 *fill*         0x0000000000000e3a        0x2 
 .text.buffer_is_empty
                0x0000000000000e3c       0x1c Output/Debug/Obj/saadc_pca10056/nrf_log_frontend.o
                0x0000000000000e3c                buffer_is_empty
 .text.nrf_log_frontend_dequeue
                0x0000000000000e58      0x3a0 Output/Debug/Obj/saadc_pca10056/nrf_log_frontend.o
                0x0000000000000e58                nrf_log_frontend_dequeue
 .text.backend_id_assign
                0x00000000000011f8       0x68 Output/Debug/Obj/saadc_pca10056/nrf_log_frontend.o
 .text.nrf_log_backend_add
                0x0000000000001260       0x70 Output/Debug/Obj/saadc_pca10056/nrf_log_frontend.o
                0x0000000000001260                nrf_log_backend_add
 .text.nrf_log_panic
                0x00000000000012d0       0x3c Output/Debug/Obj/saadc_pca10056/nrf_log_frontend.o
                0x00000000000012d0                nrf_log_panic
 .text.timestamp_print
                0x000000000000130c        0xc Output/Debug/Obj/saadc_pca10056/nrf_log_str_formatter.o
 .text.prefix_process
                0x0000000000001318       0xb0 Output/Debug/Obj/saadc_pca10056/nrf_log_str_formatter.o
 .text.postfix_process
                0x00000000000013c8       0x60 Output/Debug/Obj/saadc_pca10056/nrf_log_str_formatter.o
 .text.nrf_log_std_entry_process
                0x0000000000001428      0x144 Output/Debug/Obj/saadc_pca10056/nrf_log_str_formatter.o
                0x0000000000001428                nrf_log_std_entry_process
 .text.nrf_log_hexdump_entry_process
                0x000000000000156c       0xf0 Output/Debug/Obj/saadc_pca10056/nrf_log_str_formatter.o
                0x000000000000156c                nrf_log_hexdump_entry_process
 .text.app_error_save_and_stop
                0x000000000000165c       0x98 Output/Debug/Obj/saadc_pca10056/app_error.o
                0x000000000000165c                app_error_save_and_stop
 .text.app_error_handler
                0x00000000000016f4       0x1c Output/Debug/Obj/saadc_pca10056/app_error_handler_gcc.o
                0x00000000000016f4                app_error_handler
 .text.app_error_fault_handler
                0x0000000000001710      0x104 Output/Debug/Obj/saadc_pca10056/app_error_weak.o
                0x0000000000001710                app_error_fault_handler
 .text.app_util_disable_irq
                0x0000000000001814       0x18 Output/Debug/Obj/saadc_pca10056/app_util_platform.o
                0x0000000000001814                app_util_disable_irq
 .text.app_util_enable_irq
                0x000000000000182c       0x20 Output/Debug/Obj/saadc_pca10056/app_util_platform.o
                0x000000000000182c                app_util_enable_irq
 .text.app_util_critical_region_enter
                0x000000000000184c       0x28 Output/Debug/Obj/saadc_pca10056/app_util_platform.o
                0x000000000000184c                app_util_critical_region_enter
 .text.app_util_critical_region_exit
                0x0000000000001874       0x2c Output/Debug/Obj/saadc_pca10056/app_util_platform.o
                0x0000000000001874                app_util_critical_region_exit
 .text.privilege_level_get
                0x00000000000018a0       0x3a Output/Debug/Obj/saadc_pca10056/app_util_platform.o
                0x00000000000018a0                privilege_level_get
 .text.assert_nrf_callback
                0x00000000000018da       0x2c Output/Debug/Obj/saadc_pca10056/nrf_assert.o
                0x00000000000018da                assert_nrf_callback
 .text.nrf_atomic_u32_fetch_store
                0x0000000000001906       0x2e Output/Debug/Obj/saadc_pca10056/nrf_atomic.o
                0x0000000000001906                nrf_atomic_u32_fetch_store
 .text.nrf_atomic_u32_or
                0x0000000000001934       0x30 Output/Debug/Obj/saadc_pca10056/nrf_atomic.o
                0x0000000000001934                nrf_atomic_u32_or
 .text.nrf_atomic_u32_fetch_and
                0x0000000000001964       0x30 Output/Debug/Obj/saadc_pca10056/nrf_atomic.o
                0x0000000000001964                nrf_atomic_u32_fetch_and
 .text.nrf_atomic_u32_add
                0x0000000000001994       0x30 Output/Debug/Obj/saadc_pca10056/nrf_atomic.o
                0x0000000000001994                nrf_atomic_u32_add
 .text.nrf_atomic_u32_sub
                0x00000000000019c4       0x30 Output/Debug/Obj/saadc_pca10056/nrf_atomic.o
                0x00000000000019c4                nrf_atomic_u32_sub
 .text.nrf_atomic_flag_set
                0x00000000000019f4       0x18 Output/Debug/Obj/saadc_pca10056/nrf_atomic.o
                0x00000000000019f4                nrf_atomic_flag_set
 .text.nrf_atomic_flag_clear_fetch
                0x0000000000001a0c       0x18 Output/Debug/Obj/saadc_pca10056/nrf_atomic.o
                0x0000000000001a0c                nrf_atomic_flag_clear_fetch
 .text.nrf_balloc_idx2block
                0x0000000000001a24       0x38 Output/Debug/Obj/saadc_pca10056/nrf_balloc.o
 .text.nrf_balloc_block2idx
                0x0000000000001a5c       0x34 Output/Debug/Obj/saadc_pca10056/nrf_balloc.o
 .text.nrf_balloc_init
                0x0000000000001a90       0xb8 Output/Debug/Obj/saadc_pca10056/nrf_balloc.o
                0x0000000000001a90                nrf_balloc_init
 .text.nrf_balloc_alloc
                0x0000000000001b48       0x84 Output/Debug/Obj/saadc_pca10056/nrf_balloc.o
                0x0000000000001b48                nrf_balloc_alloc
 .text.nrf_balloc_free
                0x0000000000001bcc       0x58 Output/Debug/Obj/saadc_pca10056/nrf_balloc.o
                0x0000000000001bcc                nrf_balloc_free
 .text.nrf_fprintf_buffer_flush
                0x0000000000001c24       0x44 Output/Debug/Obj/saadc_pca10056/nrf_fprintf.o
                0x0000000000001c24                nrf_fprintf_buffer_flush
 .text.nrf_fprintf
                0x0000000000001c68       0x74 Output/Debug/Obj/saadc_pca10056/nrf_fprintf.o
                0x0000000000001c68                nrf_fprintf
 .text.buffer_add
                0x0000000000001cdc       0x4c Output/Debug/Obj/saadc_pca10056/nrf_fprintf_format.o
 .text.string_print
                0x0000000000001d28       0xc2 Output/Debug/Obj/saadc_pca10056/nrf_fprintf_format.o
 *fill*         0x0000000000001dea        0x2 
 .text.unsigned_print
                0x0000000000001dec      0x130 Output/Debug/Obj/saadc_pca10056/nrf_fprintf_format.o
 .text.int_print
                0x0000000000001f1c      0x11c Output/Debug/Obj/saadc_pca10056/nrf_fprintf_format.o
 .text.nrf_fprintf_fmt
                0x0000000000002038      0x388 Output/Debug/Obj/saadc_pca10056/nrf_fprintf_format.o
                0x0000000000002038                nrf_fprintf_fmt
 .text.nrf_memobj_pool_init
                0x00000000000023c0       0x16 Output/Debug/Obj/saadc_pca10056/nrf_memobj.o
                0x00000000000023c0                nrf_memobj_pool_init
 .text.nrf_memobj_alloc
                0x00000000000023d6       0xae Output/Debug/Obj/saadc_pca10056/nrf_memobj.o
                0x00000000000023d6                nrf_memobj_alloc
 .text.nrf_memobj_free
                0x0000000000002484       0x74 Output/Debug/Obj/saadc_pca10056/nrf_memobj.o
                0x0000000000002484                nrf_memobj_free
 .text.nrf_memobj_get
                0x00000000000024f8       0x1e Output/Debug/Obj/saadc_pca10056/nrf_memobj.o
                0x00000000000024f8                nrf_memobj_get
 .text.nrf_memobj_put
                0x0000000000002516       0x34 Output/Debug/Obj/saadc_pca10056/nrf_memobj.o
                0x0000000000002516                nrf_memobj_put
 *fill*         0x000000000000254a        0x2 
 .text.memobj_op
                0x000000000000254c      0x124 Output/Debug/Obj/saadc_pca10056/nrf_memobj.o
 .text.nrf_memobj_write
                0x0000000000002670       0x3c Output/Debug/Obj/saadc_pca10056/nrf_memobj.o
                0x0000000000002670                nrf_memobj_write
 .text.nrf_memobj_read
                0x00000000000026ac       0x40 Output/Debug/Obj/saadc_pca10056/nrf_memobj.o
                0x00000000000026ac                nrf_memobj_read
 .text.__NVIC_ClearPendingIRQ
                0x00000000000026ec       0x38 Output/Debug/Obj/saadc_pca10056/nrf_pwr_mgmt.o
 .text.nrf_mtx_init
                0x0000000000002724       0x2c Output/Debug/Obj/saadc_pca10056/nrf_pwr_mgmt.o
 .text.pwr_mgmt_fpu_sleep_prepare
                0x0000000000002750       0x50 Output/Debug/Obj/saadc_pca10056/nrf_pwr_mgmt.o
 .text.nrf_pwr_mgmt_init
                0x00000000000027a0       0x2c Output/Debug/Obj/saadc_pca10056/nrf_pwr_mgmt.o
                0x00000000000027a0                nrf_pwr_mgmt_init
 .text.nrf_pwr_mgmt_run
                0x00000000000027cc       0x10 Output/Debug/Obj/saadc_pca10056/nrf_pwr_mgmt.o
                0x00000000000027cc                nrf_pwr_mgmt_run
 .text.nrf_ringbuf_init
                0x00000000000027dc       0x3a Output/Debug/Obj/saadc_pca10056/nrf_ringbuf.o
                0x00000000000027dc                nrf_ringbuf_init
 *fill*         0x0000000000002816        0x2 
 .text.nrf_section_iter_init
                0x0000000000002818       0x54 Output/Debug/Obj/saadc_pca10056/nrf_section_iter.o
                0x0000000000002818                nrf_section_iter_init
 .text.nrf_strerror_get
                0x000000000000286c       0x28 Output/Debug/Obj/saadc_pca10056/nrf_strerror.o
                0x000000000000286c                nrf_strerror_get
 .text.nrf_strerror_find
                0x0000000000002894       0x68 Output/Debug/Obj/saadc_pca10056/nrf_strerror.o
                0x0000000000002894                nrf_strerror_find
 .text.nrf_drv_ppi_init
                0x00000000000028fc       0x1c Output/Debug/Obj/saadc_pca10056/nrf_drv_ppi.o
                0x00000000000028fc                nrf_drv_ppi_init
 .text.uarte_evt_handler
                0x0000000000002918       0x50 Output/Debug/Obj/saadc_pca10056/nrf_drv_uart.o
 .text.uart_evt_handler
                0x0000000000002968       0x50 Output/Debug/Obj/saadc_pca10056/nrf_drv_uart.o
 .text.nrf_drv_uart_init
                0x00000000000029b8       0xdc Output/Debug/Obj/saadc_pca10056/nrf_drv_uart.o
                0x00000000000029b8                nrf_drv_uart_init
 .text.nrf_ppi_channel_enable
                0x0000000000002a94       0x24 Output/Debug/Obj/saadc_pca10056/nrfx_ppi.o
 .text.nrf_ppi_channel_endpoint_setup
                0x0000000000002ab8       0x34 Output/Debug/Obj/saadc_pca10056/nrfx_ppi.o
 .text.nrfx_ppi_channel_to_mask
                0x0000000000002aec       0x18 Output/Debug/Obj/saadc_pca10056/nrfx_ppi.o
 .text.is_programmable_app_channel
                0x0000000000002b04       0x2c Output/Debug/Obj/saadc_pca10056/nrfx_ppi.o
 .text.are_app_channels
                0x0000000000002b30        0xc Output/Debug/Obj/saadc_pca10056/nrfx_ppi.o
 .text.is_app_channel
                0x0000000000002b3c       0x26 Output/Debug/Obj/saadc_pca10056/nrfx_ppi.o
 *fill*         0x0000000000002b62        0x2 
 .text.is_allocated_channel
                0x0000000000002b64       0x34 Output/Debug/Obj/saadc_pca10056/nrfx_ppi.o
 .text.channel_allocated_set
                0x0000000000002b98       0x2c Output/Debug/Obj/saadc_pca10056/nrfx_ppi.o
 .text.nrfx_ppi_channel_alloc
                0x0000000000002bc4       0xa8 Output/Debug/Obj/saadc_pca10056/nrfx_ppi.o
                0x0000000000002bc4                nrfx_ppi_channel_alloc
 .text.nrfx_ppi_channel_assign
                0x0000000000002c6c       0x72 Output/Debug/Obj/saadc_pca10056/nrfx_ppi.o
                0x0000000000002c6c                nrfx_ppi_channel_assign
 .text.nrfx_ppi_channel_enable
                0x0000000000002cde       0x6a Output/Debug/Obj/saadc_pca10056/nrfx_ppi.o
                0x0000000000002cde                nrfx_ppi_channel_enable
 .text.UARTE0_UART0_IRQHandler
                0x0000000000002d48       0x24 Output/Debug/Obj/saadc_pca10056/nrfx_prs.o
                0x0000000000002d48                UARTE0_UART0_IRQHandler
 .text.prs_box_get
                0x0000000000002d6c       0x20 Output/Debug/Obj/saadc_pca10056/nrfx_prs.o
 .text.nrfx_prs_acquire
                0x0000000000002d8c       0x74 Output/Debug/Obj/saadc_pca10056/nrfx_prs.o
                0x0000000000002d8c                nrfx_prs_acquire
 .text.nrfx_prs_release
                0x0000000000002e00       0x3c Output/Debug/Obj/saadc_pca10056/nrfx_prs.o
                0x0000000000002e00                nrfx_prs_release
 .text.__NVIC_EnableIRQ
                0x0000000000002e3c       0x34 Output/Debug/Obj/saadc_pca10056/nrfx_saadc.o
 .text.__NVIC_SetPriority
                0x0000000000002e70       0x50 Output/Debug/Obj/saadc_pca10056/nrfx_saadc.o
 .text._NRFX_IRQ_PRIORITY_SET
                0x0000000000002ec0       0x40 Output/Debug/Obj/saadc_pca10056/nrfx_saadc.o
 .text._NRFX_IRQ_ENABLE
                0x0000000000002f00       0x1c Output/Debug/Obj/saadc_pca10056/nrfx_saadc.o
 .text.nrf_saadc_task_trigger
                0x0000000000002f1c       0x1e Output/Debug/Obj/saadc_pca10056/nrfx_saadc.o
 .text.nrf_saadc_task_address_get
                0x0000000000002f3a       0x1a Output/Debug/Obj/saadc_pca10056/nrfx_saadc.o
 .text.nrf_saadc_event_check
                0x0000000000002f54       0x26 Output/Debug/Obj/saadc_pca10056/nrfx_saadc.o
 .text.nrf_saadc_event_clear
                0x0000000000002f7a       0x30 Output/Debug/Obj/saadc_pca10056/nrfx_saadc.o
 *fill*         0x0000000000002faa        0x2 
 .text.nrf_saadc_channel_input_set
                0x0000000000002fac       0x44 Output/Debug/Obj/saadc_pca10056/nrfx_saadc.o
 .text.nrf_saadc_int_enable
                0x0000000000002ff0       0x18 Output/Debug/Obj/saadc_pca10056/nrfx_saadc.o
 .text.nrf_saadc_int_disable
                0x0000000000003008       0x18 Output/Debug/Obj/saadc_pca10056/nrfx_saadc.o
 .text.nrf_saadc_enable
                0x0000000000003020       0x10 Output/Debug/Obj/saadc_pca10056/nrfx_saadc.o
 .text.nrf_saadc_buffer_init
                0x0000000000003030       0x20 Output/Debug/Obj/saadc_pca10056/nrfx_saadc.o
 .text.nrf_saadc_resolution_set
                0x0000000000003050       0x1c Output/Debug/Obj/saadc_pca10056/nrfx_saadc.o
 .text.nrf_saadc_oversample_set
                0x000000000000306c       0x1c Output/Debug/Obj/saadc_pca10056/nrfx_saadc.o
 .text.nrf_saadc_oversample_get
                0x0000000000003088       0x10 Output/Debug/Obj/saadc_pca10056/nrfx_saadc.o
 .text.nrf_saadc_channel_init
                0x0000000000003098       0x8c Output/Debug/Obj/saadc_pca10056/nrfx_saadc.o
 .text.SAADC_IRQHandler
                0x0000000000003124      0x260 Output/Debug/Obj/saadc_pca10056/nrfx_saadc.o
                0x0000000000003124                SAADC_IRQHandler
 .text.nrfx_saadc_init
                0x0000000000003384       0xe0 Output/Debug/Obj/saadc_pca10056/nrfx_saadc.o
                0x0000000000003384                nrfx_saadc_init
 .text.nrfx_saadc_channel_init
                0x0000000000003464       0xfc Output/Debug/Obj/saadc_pca10056/nrfx_saadc.o
                0x0000000000003464                nrfx_saadc_channel_init
 .text.nrfx_saadc_sample_task_get
                0x0000000000003560       0x24 Output/Debug/Obj/saadc_pca10056/nrfx_saadc.o
                0x0000000000003560                nrfx_saadc_sample_task_get
 .text.nrfx_saadc_buffer_convert
                0x0000000000003584      0x148 Output/Debug/Obj/saadc_pca10056/nrfx_saadc.o
                0x0000000000003584                nrfx_saadc_buffer_convert
 .text.__NVIC_EnableIRQ
                0x00000000000036cc       0x34 Output/Debug/Obj/saadc_pca10056/nrfx_timer.o
 .text.__NVIC_SetPriority
                0x0000000000003700       0x50 Output/Debug/Obj/saadc_pca10056/nrfx_timer.o
 .text.nrfx_get_irq_number
                0x0000000000003750       0x10 Output/Debug/Obj/saadc_pca10056/nrfx_timer.o
 .text._NRFX_IRQ_PRIORITY_SET
                0x0000000000003760       0x40 Output/Debug/Obj/saadc_pca10056/nrfx_timer.o
 .text._NRFX_IRQ_ENABLE
                0x00000000000037a0       0x1c Output/Debug/Obj/saadc_pca10056/nrfx_timer.o
 .text.nrf_timer_task_trigger
                0x00000000000037bc       0x1c Output/Debug/Obj/saadc_pca10056/nrfx_timer.o
 .text.nrf_timer_event_clear
                0x00000000000037d8       0x2a Output/Debug/Obj/saadc_pca10056/nrfx_timer.o
 .text.nrf_timer_event_check
                0x0000000000003802       0x24 Output/Debug/Obj/saadc_pca10056/nrfx_timer.o
 .text.nrf_timer_shorts_enable
                0x0000000000003826       0x1c Output/Debug/Obj/saadc_pca10056/nrfx_timer.o
 .text.nrf_timer_shorts_disable
                0x0000000000003842       0x1e Output/Debug/Obj/saadc_pca10056/nrfx_timer.o
 .text.nrf_timer_int_enable
                0x0000000000003860       0x14 Output/Debug/Obj/saadc_pca10056/nrfx_timer.o
 .text.nrf_timer_int_disable
                0x0000000000003874       0x14 Output/Debug/Obj/saadc_pca10056/nrfx_timer.o
 .text.nrf_timer_int_enable_check
                0x0000000000003888       0x20 Output/Debug/Obj/saadc_pca10056/nrfx_timer.o
 .text.nrf_timer_mode_set
                0x00000000000038a8       0x2a Output/Debug/Obj/saadc_pca10056/nrfx_timer.o
 .text.nrf_timer_bit_width_set
                0x00000000000038d2       0x2a Output/Debug/Obj/saadc_pca10056/nrfx_timer.o
 .text.nrf_timer_frequency_set
                0x00000000000038fc       0x2a Output/Debug/Obj/saadc_pca10056/nrfx_timer.o
 .text.nrf_timer_cc_write
                0x0000000000003926       0x22 Output/Debug/Obj/saadc_pca10056/nrfx_timer.o
 .text.nrf_timer_compare_event_get
                0x0000000000003948       0x14 Output/Debug/Obj/saadc_pca10056/nrfx_timer.o
 .text.nrf_timer_compare_int_get
                0x000000000000395c       0x14 Output/Debug/Obj/saadc_pca10056/nrfx_timer.o
 .text.nrfx_timer_init
                0x0000000000003970      0x1f8 Output/Debug/Obj/saadc_pca10056/nrfx_timer.o
                0x0000000000003970                nrfx_timer_init
 .text.nrfx_timer_enable
                0x0000000000003b68       0x5c Output/Debug/Obj/saadc_pca10056/nrfx_timer.o
                0x0000000000003b68                nrfx_timer_enable
 .text.nrfx_timer_compare
                0x0000000000003bc4       0x72 Output/Debug/Obj/saadc_pca10056/nrfx_timer.o
                0x0000000000003bc4                nrfx_timer_compare
 .text.nrfx_timer_extended_compare
                0x0000000000003c36       0x5e Output/Debug/Obj/saadc_pca10056/nrfx_timer.o
                0x0000000000003c36                nrfx_timer_extended_compare
 .text.irq_handler
                0x0000000000003c94       0x8e Output/Debug/Obj/saadc_pca10056/nrfx_timer.o
 *fill*         0x0000000000003d22        0x2 
 .text.TIMER0_IRQHandler
                0x0000000000003d24       0x18 Output/Debug/Obj/saadc_pca10056/nrfx_timer.o
                0x0000000000003d24                TIMER0_IRQHandler
 .text.__NVIC_EnableIRQ
                0x0000000000003d3c       0x34 Output/Debug/Obj/saadc_pca10056/nrfx_uart.o
 .text.__NVIC_DisableIRQ
                0x0000000000003d70       0x44 Output/Debug/Obj/saadc_pca10056/nrfx_uart.o
 .text.__NVIC_SetPriority
                0x0000000000003db4       0x50 Output/Debug/Obj/saadc_pca10056/nrfx_uart.o
 .text.nrfx_get_irq_number
                0x0000000000003e04       0x10 Output/Debug/Obj/saadc_pca10056/nrfx_uart.o
 .text._NRFX_IRQ_PRIORITY_SET
                0x0000000000003e14       0x40 Output/Debug/Obj/saadc_pca10056/nrfx_uart.o
 .text._NRFX_IRQ_ENABLE
                0x0000000000003e54       0x1c Output/Debug/Obj/saadc_pca10056/nrfx_uart.o
 .text._NRFX_IRQ_DISABLE
                0x0000000000003e70       0x1c Output/Debug/Obj/saadc_pca10056/nrfx_uart.o
 .text.nrf_uart_event_clear
                0x0000000000003e8c       0x2a Output/Debug/Obj/saadc_pca10056/nrfx_uart.o
 .text.nrf_uart_event_check
                0x0000000000003eb6       0x24 Output/Debug/Obj/saadc_pca10056/nrfx_uart.o
 .text.nrf_uart_int_enable
                0x0000000000003eda       0x14 Output/Debug/Obj/saadc_pca10056/nrfx_uart.o
 .text.nrf_uart_int_enable_check
                0x0000000000003eee       0x20 Output/Debug/Obj/saadc_pca10056/nrfx_uart.o
 .text.nrf_uart_int_disable
                0x0000000000003f0e       0x14 Output/Debug/Obj/saadc_pca10056/nrfx_uart.o
 .text.nrf_uart_errorsrc_get_and_clear
                0x0000000000003f22       0x1c Output/Debug/Obj/saadc_pca10056/nrfx_uart.o
 .text.nrf_uart_enable
                0x0000000000003f3e       0x12 Output/Debug/Obj/saadc_pca10056/nrfx_uart.o
 .text.nrf_uart_disable
                0x0000000000003f50       0x12 Output/Debug/Obj/saadc_pca10056/nrfx_uart.o
 .text.nrf_uart_txrx_pins_set
                0x0000000000003f62       0x1e Output/Debug/Obj/saadc_pca10056/nrfx_uart.o
 .text.nrf_uart_txrx_pins_disconnect
                0x0000000000003f80       0x1c Output/Debug/Obj/saadc_pca10056/nrfx_uart.o
 .text.nrf_uart_tx_pin_get
                0x0000000000003f9c       0x10 Output/Debug/Obj/saadc_pca10056/nrfx_uart.o
 .text.nrf_uart_rx_pin_get
                0x0000000000003fac       0x10 Output/Debug/Obj/saadc_pca10056/nrfx_uart.o
 .text.nrf_uart_rts_pin_get
                0x0000000000003fbc       0x10 Output/Debug/Obj/saadc_pca10056/nrfx_uart.o
 .text.nrf_uart_cts_pin_get
                0x0000000000003fcc       0x10 Output/Debug/Obj/saadc_pca10056/nrfx_uart.o
 .text.nrf_uart_hwfc_pins_set
                0x0000000000003fdc       0x1e Output/Debug/Obj/saadc_pca10056/nrfx_uart.o
 .text.nrf_uart_hwfc_pins_disconnect
                0x0000000000003ffa       0x1c Output/Debug/Obj/saadc_pca10056/nrfx_uart.o
 .text.nrf_uart_rxd_get
                0x0000000000004016       0x12 Output/Debug/Obj/saadc_pca10056/nrfx_uart.o
 .text.nrf_uart_txd_set
                0x0000000000004028       0x1a Output/Debug/Obj/saadc_pca10056/nrfx_uart.o
 .text.nrf_uart_task_trigger
                0x0000000000004042       0x1c Output/Debug/Obj/saadc_pca10056/nrfx_uart.o
 .text.nrf_uart_configure
                0x000000000000405e       0x2a Output/Debug/Obj/saadc_pca10056/nrfx_uart.o
 .text.nrf_uart_baudrate_set
                0x0000000000004088       0x14 Output/Debug/Obj/saadc_pca10056/nrfx_uart.o
 .text.nrf_gpio_pin_port_decode
                0x000000000000409c       0x4c Output/Debug/Obj/saadc_pca10056/nrfx_uart.o
 .text.nrf_gpio_cfg
                0x00000000000040e8       0x62 Output/Debug/Obj/saadc_pca10056/nrfx_uart.o
 .text.nrf_gpio_cfg_output
                0x000000000000414a       0x22 Output/Debug/Obj/saadc_pca10056/nrfx_uart.o
 .text.nrf_gpio_cfg_input
                0x000000000000416c       0x2a Output/Debug/Obj/saadc_pca10056/nrfx_uart.o
 .text.nrf_gpio_cfg_default
                0x0000000000004196       0x22 Output/Debug/Obj/saadc_pca10056/nrfx_uart.o
 .text.nrf_gpio_pin_set
                0x00000000000041b8       0x28 Output/Debug/Obj/saadc_pca10056/nrfx_uart.o
 .text.nrf_gpio_port_out_set
                0x00000000000041e0       0x14 Output/Debug/Obj/saadc_pca10056/nrfx_uart.o
 .text.nrf_gpio_pin_present_check
                0x00000000000041f4       0x50 Output/Debug/Obj/saadc_pca10056/nrfx_uart.o
 .text.apply_config
                0x0000000000004244       0xc6 Output/Debug/Obj/saadc_pca10056/nrfx_uart.o
 *fill*         0x000000000000430a        0x2 
 .text.interrupts_enable
                0x000000000000430c       0x6c Output/Debug/Obj/saadc_pca10056/nrfx_uart.o
 .text.interrupts_disable
                0x0000000000004378       0x30 Output/Debug/Obj/saadc_pca10056/nrfx_uart.o
 .text.pins_to_default
                0x00000000000043a8       0x8a Output/Debug/Obj/saadc_pca10056/nrfx_uart.o
 *fill*         0x0000000000004432        0x2 
 .text.nrfx_uart_init
                0x0000000000004434       0xd4 Output/Debug/Obj/saadc_pca10056/nrfx_uart.o
                0x0000000000004434                nrfx_uart_init
 .text.nrfx_uart_uninit
                0x0000000000004508       0x5c Output/Debug/Obj/saadc_pca10056/nrfx_uart.o
                0x0000000000004508                nrfx_uart_uninit
 .text.tx_byte  0x0000000000004564       0x40 Output/Debug/Obj/saadc_pca10056/nrfx_uart.o
 .text.tx_blocking
                0x00000000000045a4       0x52 Output/Debug/Obj/saadc_pca10056/nrfx_uart.o
 *fill*         0x00000000000045f6        0x2 
 .text.nrfx_uart_tx
                0x00000000000045f8      0x110 Output/Debug/Obj/saadc_pca10056/nrfx_uart.o
                0x00000000000045f8                nrfx_uart_tx
 .text.nrfx_uart_tx_in_progress
                0x0000000000004708       0x2c Output/Debug/Obj/saadc_pca10056/nrfx_uart.o
                0x0000000000004708                nrfx_uart_tx_in_progress
 .text.rx_byte  0x0000000000004734       0x4e Output/Debug/Obj/saadc_pca10056/nrfx_uart.o
 .text.rx_done_event
                0x0000000000004782       0x2e Output/Debug/Obj/saadc_pca10056/nrfx_uart.o
 .text.tx_done_event
                0x00000000000047b0       0x34 Output/Debug/Obj/saadc_pca10056/nrfx_uart.o
 .text.uart_irq_handler
                0x00000000000047e4      0x1de Output/Debug/Obj/saadc_pca10056/nrfx_uart.o
 *fill*         0x00000000000049c2        0x2 
 .text.nrfx_uart_0_irq_handler
                0x00000000000049c4       0x18 Output/Debug/Obj/saadc_pca10056/nrfx_uart.o
                0x00000000000049c4                nrfx_uart_0_irq_handler
 .text.__NVIC_EnableIRQ
                0x00000000000049dc       0x34 Output/Debug/Obj/saadc_pca10056/nrfx_uarte.o
 .text.__NVIC_DisableIRQ
                0x0000000000004a10       0x44 Output/Debug/Obj/saadc_pca10056/nrfx_uarte.o
 .text.__NVIC_SetPriority
                0x0000000000004a54       0x50 Output/Debug/Obj/saadc_pca10056/nrfx_uarte.o
 .text.nrfx_is_in_ram
                0x0000000000004aa4       0x1c Output/Debug/Obj/saadc_pca10056/nrfx_uarte.o
 .text.nrfx_get_irq_number
                0x0000000000004ac0       0x10 Output/Debug/Obj/saadc_pca10056/nrfx_uarte.o
 .text._NRFX_IRQ_PRIORITY_SET
                0x0000000000004ad0       0x40 Output/Debug/Obj/saadc_pca10056/nrfx_uarte.o
 .text._NRFX_IRQ_ENABLE
                0x0000000000004b10       0x1c Output/Debug/Obj/saadc_pca10056/nrfx_uarte.o
 .text._NRFX_IRQ_DISABLE
                0x0000000000004b2c       0x1c Output/Debug/Obj/saadc_pca10056/nrfx_uarte.o
 .text.nrf_uarte_event_clear
                0x0000000000004b48       0x2a Output/Debug/Obj/saadc_pca10056/nrfx_uarte.o
 .text.nrf_uarte_event_check
                0x0000000000004b72       0x24 Output/Debug/Obj/saadc_pca10056/nrfx_uarte.o
 .text.nrf_uarte_shorts_disable
                0x0000000000004b96       0x1e Output/Debug/Obj/saadc_pca10056/nrfx_uarte.o
 .text.nrf_uarte_int_enable
                0x0000000000004bb4       0x14 Output/Debug/Obj/saadc_pca10056/nrfx_uarte.o
 .text.nrf_uarte_int_disable
                0x0000000000004bc8       0x14 Output/Debug/Obj/saadc_pca10056/nrfx_uarte.o
 .text.nrf_uarte_errorsrc_get_and_clear
                0x0000000000004bdc       0x1c Output/Debug/Obj/saadc_pca10056/nrfx_uarte.o
 .text.nrf_uarte_enable
                0x0000000000004bf8       0x12 Output/Debug/Obj/saadc_pca10056/nrfx_uarte.o
 .text.nrf_uarte_disable
                0x0000000000004c0a       0x12 Output/Debug/Obj/saadc_pca10056/nrfx_uarte.o
 .text.nrf_uarte_txrx_pins_set
                0x0000000000004c1c       0x1e Output/Debug/Obj/saadc_pca10056/nrfx_uarte.o
 .text.nrf_uarte_txrx_pins_disconnect
                0x0000000000004c3a       0x1c Output/Debug/Obj/saadc_pca10056/nrfx_uarte.o
 .text.nrf_uarte_tx_pin_get
                0x0000000000004c56       0x10 Output/Debug/Obj/saadc_pca10056/nrfx_uarte.o
 .text.nrf_uarte_rx_pin_get
                0x0000000000004c66       0x10 Output/Debug/Obj/saadc_pca10056/nrfx_uarte.o
 .text.nrf_uarte_rts_pin_get
                0x0000000000004c76       0x10 Output/Debug/Obj/saadc_pca10056/nrfx_uarte.o
 .text.nrf_uarte_cts_pin_get
                0x0000000000004c86       0x10 Output/Debug/Obj/saadc_pca10056/nrfx_uarte.o
 .text.nrf_uarte_hwfc_pins_set
                0x0000000000004c96       0x1e Output/Debug/Obj/saadc_pca10056/nrfx_uarte.o
 .text.nrf_uarte_hwfc_pins_disconnect
                0x0000000000004cb4       0x1c Output/Debug/Obj/saadc_pca10056/nrfx_uarte.o
 .text.nrf_uarte_task_trigger
                0x0000000000004cd0       0x1c Output/Debug/Obj/saadc_pca10056/nrfx_uarte.o
 .text.nrf_uarte_configure
                0x0000000000004cec       0x2a Output/Debug/Obj/saadc_pca10056/nrfx_uarte.o
 .text.nrf_uarte_baudrate_set
                0x0000000000004d16       0x14 Output/Debug/Obj/saadc_pca10056/nrfx_uarte.o
 .text.nrf_uarte_tx_buffer_set
                0x0000000000004d2a       0x1e Output/Debug/Obj/saadc_pca10056/nrfx_uarte.o
 .text.nrf_uarte_tx_amount_get
                0x0000000000004d48       0x10 Output/Debug/Obj/saadc_pca10056/nrfx_uarte.o
 .text.nrf_uarte_rx_amount_get
                0x0000000000004d58       0x10 Output/Debug/Obj/saadc_pca10056/nrfx_uarte.o
 .text.nrf_gpio_pin_port_decode
                0x0000000000004d68       0x4c Output/Debug/Obj/saadc_pca10056/nrfx_uarte.o
 .text.nrf_gpio_cfg
                0x0000000000004db4       0x62 Output/Debug/Obj/saadc_pca10056/nrfx_uarte.o
 .text.nrf_gpio_cfg_output
                0x0000000000004e16       0x22 Output/Debug/Obj/saadc_pca10056/nrfx_uarte.o
 .text.nrf_gpio_cfg_input
                0x0000000000004e38       0x2a Output/Debug/Obj/saadc_pca10056/nrfx_uarte.o
 .text.nrf_gpio_cfg_default
                0x0000000000004e62       0x22 Output/Debug/Obj/saadc_pca10056/nrfx_uarte.o
 .text.nrf_gpio_pin_set
                0x0000000000004e84       0x28 Output/Debug/Obj/saadc_pca10056/nrfx_uarte.o
 .text.nrf_gpio_port_out_set
                0x0000000000004eac       0x14 Output/Debug/Obj/saadc_pca10056/nrfx_uarte.o
 .text.nrf_gpio_pin_present_check
                0x0000000000004ec0       0x50 Output/Debug/Obj/saadc_pca10056/nrfx_uarte.o
 .text.apply_config
                0x0000000000004f10       0xc6 Output/Debug/Obj/saadc_pca10056/nrfx_uarte.o
 *fill*         0x0000000000004fd6        0x2 
 .text.interrupts_enable
                0x0000000000004fd8       0x98 Output/Debug/Obj/saadc_pca10056/nrfx_uarte.o
 .text.interrupts_disable
                0x0000000000005070       0x30 Output/Debug/Obj/saadc_pca10056/nrfx_uarte.o
 .text.pins_to_default
                0x00000000000050a0       0x8a Output/Debug/Obj/saadc_pca10056/nrfx_uarte.o
 *fill*         0x000000000000512a        0x2 
 .text.nrfx_uarte_init
                0x000000000000512c       0xcc Output/Debug/Obj/saadc_pca10056/nrfx_uarte.o
                0x000000000000512c                nrfx_uarte_init
 .text.nrfx_uarte_uninit
                0x00000000000051f8       0xc4 Output/Debug/Obj/saadc_pca10056/nrfx_uarte.o
                0x00000000000051f8                nrfx_uarte_uninit
 .text.nrfx_uarte_tx
                0x00000000000052bc      0x180 Output/Debug/Obj/saadc_pca10056/nrfx_uarte.o
                0x00000000000052bc                nrfx_uarte_tx
 .text.nrfx_uarte_tx_in_progress
                0x000000000000543c       0x30 Output/Debug/Obj/saadc_pca10056/nrfx_uarte.o
                0x000000000000543c                nrfx_uarte_tx_in_progress
 .text.rx_done_event
                0x000000000000546c       0x2e Output/Debug/Obj/saadc_pca10056/nrfx_uarte.o
 .text.tx_done_event
                0x000000000000549a       0x34 Output/Debug/Obj/saadc_pca10056/nrfx_uarte.o
 .text.uarte_irq_handler
                0x00000000000054ce      0x18c Output/Debug/Obj/saadc_pca10056/nrfx_uarte.o
 *fill*         0x000000000000565a        0x2 
 .text.nrfx_uarte_0_irq_handler
                0x000000000000565c       0x18 Output/Debug/Obj/saadc_pca10056/nrfx_uarte.o
                0x000000000000565c                nrfx_uarte_0_irq_handler
 .text.nrf_drv_saadc_init
                0x0000000000005674       0x28 Output/Debug/Obj/saadc_pca10056/main.o
 .text.nrf_timer_event_address_get
                0x000000000000569c       0x18 Output/Debug/Obj/saadc_pca10056/main.o
 .text.nrf_timer_frequency_get
                0x00000000000056b4       0x12 Output/Debug/Obj/saadc_pca10056/main.o
 .text.nrf_timer_compare_event_get
                0x00000000000056c6       0x14 Output/Debug/Obj/saadc_pca10056/main.o
 *fill*         0x00000000000056da        0x2 
 .text.nrf_timer_ms_to_ticks
                0x00000000000056dc       0xb8 Output/Debug/Obj/saadc_pca10056/main.o
 .text.nrfx_timer_compare_event_address_get
                0x0000000000005794       0x40 Output/Debug/Obj/saadc_pca10056/main.o
 .text.nrfx_timer_ms_to_ticks
                0x00000000000057d4       0x26 Output/Debug/Obj/saadc_pca10056/main.o
 .text.timer_handler
                0x00000000000057fa       0x10 Output/Debug/Obj/saadc_pca10056/main.o
                0x00000000000057fa                timer_handler
 *fill*         0x000000000000580a        0x2 
 .text.saadc_sampling_event_init
                0x000000000000580c       0xec Output/Debug/Obj/saadc_pca10056/main.o
                0x000000000000580c                saadc_sampling_event_init
 .text.saadc_sampling_event_enable
                0x00000000000058f8       0x34 Output/Debug/Obj/saadc_pca10056/main.o
                0x00000000000058f8                saadc_sampling_event_enable
 .text.saadc_callback
                0x000000000000592c       0xac Output/Debug/Obj/saadc_pca10056/main.o
                0x000000000000592c                saadc_callback
 .text.saadc_init
                0x00000000000059d8       0xa4 Output/Debug/Obj/saadc_pca10056/main.o
                0x00000000000059d8                saadc_init
 .text.main     0x0000000000005a7c       0x84 Output/Debug/Obj/saadc_pca10056/main.o
                0x0000000000005a7c                main
 .text.__NVIC_SystemReset
                0x0000000000005b00       0x28 Output/Debug/Obj/saadc_pca10056/system_nrf52840.o
 .text.nrf52_errata_36
                0x0000000000005b28       0x64 Output/Debug/Obj/saadc_pca10056/system_nrf52840.o
 .text.nrf52_errata_66
                0x0000000000005b8c       0x64 Output/Debug/Obj/saadc_pca10056/system_nrf52840.o
 .text.nrf52_errata_98
                0x0000000000005bf0       0x64 Output/Debug/Obj/saadc_pca10056/system_nrf52840.o
 .text.nrf52_errata_103
                0x0000000000005c54       0x64 Output/Debug/Obj/saadc_pca10056/system_nrf52840.o
 .text.nrf52_errata_115
                0x0000000000005cb8       0x64 Output/Debug/Obj/saadc_pca10056/system_nrf52840.o
 .text.nrf52_errata_120
                0x0000000000005d1c       0x64 Output/Debug/Obj/saadc_pca10056/system_nrf52840.o
 .text.nrf52_errata_136
                0x0000000000005d80       0x64 Output/Debug/Obj/saadc_pca10056/system_nrf52840.o
 .text.nrf52_errata_249
                0x0000000000005de4       0x64 Output/Debug/Obj/saadc_pca10056/system_nrf52840.o
 .text.nrf52_handle_approtect
                0x0000000000005e48       0x20 Output/Debug/Obj/saadc_pca10056/system_nrf52840.o
 .text.nvmc_wait
                0x0000000000005e68       0x18 Output/Debug/Obj/saadc_pca10056/system_nrf52840.o
                0x0000000000005e68                nvmc_wait
 .text.nvmc_config
                0x0000000000005e80       0x20 Output/Debug/Obj/saadc_pca10056/system_nrf52840.o
                0x0000000000005e80                nvmc_config
 .text.SystemCoreClockUpdate
                0x0000000000005ea0       0x14 Output/Debug/Obj/saadc_pca10056/system_nrf52840.o
                0x0000000000005ea0                SystemCoreClockUpdate
 .text.SystemInit
                0x0000000000005eb4      0x228 Output/Debug/Obj/saadc_pca10056/system_nrf52840.o
                0x0000000000005eb4                SystemInit
 .text.libc.__RAL_ascii_isctype
                0x00000000000060dc       0x1c C:/Program Files/SEGGER/SEGGER Embedded Studio for ARM 5.68/lib/libc_v7em_fpv4_sp_d16_hard_t_le_eabi.a(libc2.o)
 .text.libc.__RAL_ascii_toupper
                0x00000000000060f8        0xc C:/Program Files/SEGGER/SEGGER Embedded Studio for ARM 5.68/lib/libc_v7em_fpv4_sp_d16_hard_t_le_eabi.a(libc2.o)
 .text.libc.__RAL_ascii_tolower
                0x0000000000006104        0xc C:/Program Files/SEGGER/SEGGER Embedded Studio for ARM 5.68/lib/libc_v7em_fpv4_sp_d16_hard_t_le_eabi.a(libc2.o)
 .text.libc.__RAL_ascii_wctomb
                0x0000000000006110       0x10 C:/Program Files/SEGGER/SEGGER Embedded Studio for ARM 5.68/lib/libc_v7em_fpv4_sp_d16_hard_t_le_eabi.a(libc2.o)
                0x0000000000006110                __RAL_ascii_wctomb
 .text.libc.__RAL_ascii_mbtowc
                0x0000000000006120       0x24 C:/Program Files/SEGGER/SEGGER Embedded Studio for ARM 5.68/lib/libc_v7em_fpv4_sp_d16_hard_t_le_eabi.a(libc2.o)
                0x0000000000006120                __RAL_ascii_mbtowc
 .text.libc.__RAL_ascii_towupper
                0x0000000000006144        0xc C:/Program Files/SEGGER/SEGGER Embedded Studio for ARM 5.68/lib/libc_v7em_fpv4_sp_d16_hard_t_le_eabi.a(libc2.o)
 .text.libc.__RAL_ascii_towlower
                0x0000000000006150        0xc C:/Program Files/SEGGER/SEGGER Embedded Studio for ARM 5.68/lib/libc_v7em_fpv4_sp_d16_hard_t_le_eabi.a(libc2.o)
 .text.libc.__RAL_ascii_iswctype
                0x000000000000615c       0x1c C:/Program Files/SEGGER/SEGGER Embedded Studio for ARM 5.68/lib/libc_v7em_fpv4_sp_d16_hard_t_le_eabi.a(libc2.o)
 .text.libc.isprint
                0x0000000000006178       0x10 C:/Program Files/SEGGER/SEGGER Embedded Studio for ARM 5.68/lib/libc_v7em_fpv4_sp_d16_hard_t_le_eabi.a(libc2.o)
                0x0000000000006178                isprint
 .text.libc.memcpy
                0x0000000000006188       0x52 C:/Program Files/SEGGER/SEGGER Embedded Studio for ARM 5.68/lib/libc_v7em_fpv4_sp_d16_hard_t_le_eabi.a(libc2_asm.o)
                0x0000000000006188                __aeabi_memcpy
                0x0000000000006188                memcpy
                0x0000000000006194                __aeabi_memcpy8
                0x0000000000006194                __aeabi_memcpy4
 .text.libc.strlen
                0x00000000000061da       0x60 C:/Program Files/SEGGER/SEGGER Embedded Studio for ARM 5.68/lib/libc_v7em_fpv4_sp_d16_hard_t_le_eabi.a(libc2_asm.o)
                0x00000000000061da                strlen
                0x000000000000623c                . = ALIGN (MAX ((__text_start__ + 0x4), .), 0x4)
 *fill*         0x000000000000623a        0x2 
                0x000000000000623c                __text_end__ = (__text_start__ + SIZEOF (.text))
                0x0000000000005e6c                __text_size__ = SIZEOF (.text)
                0x000000000000623c                __text_load_end__ = __text_end__

.vfp11_veneer   0x0000000100000000        0x0
 .vfp11_veneer  0x0000000100000000        0x0 linker stubs

.v4_bx          0x0000000100000000        0x0
 .v4_bx         0x0000000100000000        0x0 linker stubs

.iplt           0x0000000100000000        0x0
 .iplt          0x0000000100000000        0x0 Output/Debug/Obj/saadc_pca10056/thumb_crt0.o
                0x0000000000000001                . = ASSERT (((__text_start__ == __text_end__) || ((__text_end__ - __FLASH1_segment_start__) <= __FLASH1_segment_size__)), error: .text is too large to fit in FLASH1 memory segment)
                0x000000000000623c                __pwr_mgmt_data_load_start__ = ALIGN (__text_end__, 0x4)

.pwr_mgmt_data  0x000000000000623c        0x0
                0x000000000000623c                __pwr_mgmt_data_start__ = .
                0x000000000000623c                __start_pwr_mgmt_data = __pwr_mgmt_data_start__
 *(SORT_BY_NAME(.pwr_mgmt_data*))
                0x000000000000623c                __pwr_mgmt_data_end__ = (__pwr_mgmt_data_start__ + SIZEOF (.pwr_mgmt_data))
                0x0000000000000000                __pwr_mgmt_data_size__ = SIZEOF (.pwr_mgmt_data)
                0x000000000000623c                __stop_pwr_mgmt_data = __pwr_mgmt_data_end__
                0x000000000000623c                __pwr_mgmt_data_load_end__ = __pwr_mgmt_data_end__
                0x0000000000000001                . = ASSERT (((__pwr_mgmt_data_start__ == __pwr_mgmt_data_end__) || ((__pwr_mgmt_data_end__ - __FLASH1_segment_start__) <= __FLASH1_segment_size__)), error: .pwr_mgmt_data is too large to fit in FLASH1 memory segment)
                0x000000000000623c                __log_const_data_load_start__ = ALIGN (__pwr_mgmt_data_end__, 0x4)

.log_const_data
                0x000000000000623c       0x40
                0x000000000000623c                __log_const_data_start__ = .
                0x000000000000623c                __start_log_const_data = __log_const_data_start__
 *(SORT_BY_NAME(.log_const_data*))
 .log_const_data_PPI
                0x000000000000623c        0x8 Output/Debug/Obj/saadc_pca10056/nrfx_ppi.o
                0x000000000000623c                m_nrf_log_PPI_logs_data_const
 .log_const_data_PRS
                0x0000000000006244        0x8 Output/Debug/Obj/saadc_pca10056/nrfx_prs.o
                0x0000000000006244                m_nrf_log_PRS_logs_data_const
 .log_const_data_SAADC
                0x000000000000624c        0x8 Output/Debug/Obj/saadc_pca10056/nrfx_saadc.o
                0x000000000000624c                m_nrf_log_SAADC_logs_data_const
 .log_const_data_TIMER
                0x0000000000006254        0x8 Output/Debug/Obj/saadc_pca10056/nrfx_timer.o
                0x0000000000006254                m_nrf_log_TIMER_logs_data_const
 .log_const_data_UART
                0x000000000000625c        0x8 Output/Debug/Obj/saadc_pca10056/nrfx_uart.o
                0x000000000000625c                m_nrf_log_UART_logs_data_const
 .log_const_data_UARTE
                0x0000000000006264        0x8 Output/Debug/Obj/saadc_pca10056/nrfx_uarte.o
                0x0000000000006264                m_nrf_log_UARTE_logs_data_const
 .log_const_data_app
                0x000000000000626c        0x8 Output/Debug/Obj/saadc_pca10056/nrf_log_frontend.o
                0x000000000000626c                m_nrf_log_app_logs_data_const
 .log_const_data_pwr_mgmt
                0x0000000000006274        0x8 Output/Debug/Obj/saadc_pca10056/nrf_pwr_mgmt.o
                0x0000000000006274                m_nrf_log_pwr_mgmt_logs_data_const
                0x000000000000627c                __log_const_data_end__ = (__log_const_data_start__ + SIZEOF (.log_const_data))
                0x0000000000000040                __log_const_data_size__ = SIZEOF (.log_const_data)
                0x000000000000627c                __stop_log_const_data = __log_const_data_end__
                0x000000000000627c                __log_const_data_load_end__ = __log_const_data_end__
                0x0000000000000001                . = ASSERT (((__log_const_data_start__ == __log_const_data_end__) || ((__log_const_data_end__ - __FLASH1_segment_start__) <= __FLASH1_segment_size__)), error: .log_const_data is too large to fit in FLASH1 memory segment)
                0x000000000000627c                __log_backends_load_start__ = ALIGN (__log_const_data_end__, 0x4)

.log_backends   0x000000000000627c       0x10
                0x000000000000627c                __log_backends_start__ = .
                0x000000000000627c                __start_log_backends = __log_backends_start__
 *(SORT_BY_NAME(.log_backends*))
 .log_backends  0x000000000000627c       0x10 Output/Debug/Obj/saadc_pca10056/nrf_log_default_backends.o
                0x000000000000628c                __log_backends_end__ = (__log_backends_start__ + SIZEOF (.log_backends))
                0x0000000000000010                __log_backends_size__ = SIZEOF (.log_backends)
                0x000000000000628c                __stop_log_backends = __log_backends_end__
                0x000000000000628c                __log_backends_load_end__ = __log_backends_end__
                0x0000000000000001                . = ASSERT (((__log_backends_start__ == __log_backends_end__) || ((__log_backends_end__ - __FLASH1_segment_start__) <= __FLASH1_segment_size__)), error: .log_backends is too large to fit in FLASH1 memory segment)
                0x000000000000628c                __nrf_balloc_load_start__ = ALIGN (__log_backends_end__, 0x4)

.nrf_balloc     0x000000000000628c       0x14
                0x000000000000628c                __nrf_balloc_start__ = .
                0x000000000000628c                __start_nrf_balloc = __nrf_balloc_start__
 *(.nrf_balloc*)
 .nrf_balloc    0x000000000000628c       0x14 Output/Debug/Obj/saadc_pca10056/nrf_log_frontend.o
                0x000000000000628c                log_mempool
                0x00000000000062a0                __nrf_balloc_end__ = (__nrf_balloc_start__ + SIZEOF (.nrf_balloc))
                0x0000000000000014                __nrf_balloc_size__ = SIZEOF (.nrf_balloc)
                0x00000000000062a0                __stop_nrf_balloc = __nrf_balloc_end__
                0x00000000000062a0                __nrf_balloc_load_end__ = __nrf_balloc_end__
                0x0000000000000001                . = ASSERT (((__nrf_balloc_start__ == __nrf_balloc_end__) || ((__nrf_balloc_end__ - __FLASH1_segment_start__) <= __FLASH1_segment_size__)), error: .nrf_balloc is too large to fit in FLASH1 memory segment)
                0x00000000000062a0                __nrf_sections_load_start__ = ALIGN (__nrf_balloc_end__, 0x4)

.nrf_sections   0x00000000000062a0        0x0
                0x00000000000062a0                __nrf_sections_start__ = .
                0x00000000000062a0                __start_nrf_sections = __nrf_sections_start__
 *(.nrf_sections .nrf_sections.*)
                0x00000000000062a0                __nrf_sections_end__ = (__nrf_sections_start__ + SIZEOF (.nrf_sections))
                0x0000000000000000                __nrf_sections_size__ = SIZEOF (.nrf_sections)
                0x00000000000062a0                __nrf_sections_load_end__ = __nrf_sections_end__
                0x0000000000000001                . = ASSERT (((__nrf_sections_start__ == __nrf_sections_end__) || ((__nrf_sections_end__ - __FLASH1_segment_start__) <= __FLASH1_segment_size__)), error: .nrf_sections is too large to fit in FLASH1 memory segment)
                0x00000000000062a0                __log_dynamic_data_load_start__ = ALIGN (__nrf_sections_end__, 0x4)

.log_dynamic_data
                0x0000000020000000        0x0 load address 0x00000000000062a0
                0x0000000020000000                __log_dynamic_data_start__ = .
 *(SORT_BY_NAME(.log_dynamic_data*))
                0x0000000020000000                __log_dynamic_data_end__ = (__log_dynamic_data_start__ + SIZEOF (.log_dynamic_data))
                0x0000000000000000                __log_dynamic_data_size__ = SIZEOF (.log_dynamic_data)
                0x00000000000062a0                __log_dynamic_data_load_end__ = (__log_dynamic_data_load_start__ + SIZEOF (.log_dynamic_data))
                0x0000000000000001                . = ASSERT (((__log_dynamic_data_load_start__ == __log_dynamic_data_load_end__) || ((__log_dynamic_data_load_end__ - __FLASH1_segment_start__) <= __FLASH1_segment_size__)), error: .log_dynamic_data is too large to fit in FLASH1 memory segment)

.log_dynamic_data_run
                0x0000000020000000        0x0
                0x0000000020000000                __log_dynamic_data_run_start__ = .
                0x0000000020000000                __start_log_dynamic_data = __log_dynamic_data_run_start__
                0x0000000020000000                __log_dynamic_data_run_end__ = (__log_dynamic_data_run_start__ + SIZEOF (.log_dynamic_data))
                0x0000000000000000                __log_dynamic_data_run_size__ = (__log_dynamic_data_run_end__ - __log_dynamic_data_run_start__)
                0x0000000020000000                __stop_log_dynamic_data = __log_dynamic_data_run_end__
                0x0000000020000000                __log_dynamic_data_run_load_end__ = __log_dynamic_data_run_end__
                0x0000000000000001                . = ASSERT (((__log_dynamic_data_run_start__ == __log_dynamic_data_run_end__) || ((__log_dynamic_data_run_end__ - __RAM1_segment_start__) <= __RAM1_segment_size__)), error: .log_dynamic_data_run is too large to fit in RAM1 memory segment)
                0x00000000000062a0                __log_filter_data_load_start__ = ALIGN ((__log_dynamic_data_load_start__ + SIZEOF (.log_dynamic_data)), 0x4)

.log_filter_data
                0x0000000020000000        0x0 load address 0x00000000000062a0
                0x0000000020000000                __log_filter_data_start__ = .
 *(SORT_BY_NAME(.log_filter_data*))
                0x0000000020000000                __log_filter_data_end__ = (__log_filter_data_start__ + SIZEOF (.log_filter_data))
                0x0000000000000000                __log_filter_data_size__ = SIZEOF (.log_filter_data)
                0x00000000000062a0                __log_filter_data_load_end__ = (__log_filter_data_load_start__ + SIZEOF (.log_filter_data))
                0x0000000000000001                . = ASSERT (((__log_filter_data_load_start__ == __log_filter_data_load_end__) || ((__log_filter_data_load_end__ - __FLASH1_segment_start__) <= __FLASH1_segment_size__)), error: .log_filter_data is too large to fit in FLASH1 memory segment)

.log_filter_data_run
                0x0000000020000000        0x0
                0x0000000020000000                __log_filter_data_run_start__ = .
                0x0000000020000000                __start_log_filter_data = __log_filter_data_run_start__
                0x0000000020000000                __log_filter_data_run_end__ = (__log_filter_data_run_start__ + SIZEOF (.log_filter_data))
                0x0000000000000000                __log_filter_data_run_size__ = (__log_filter_data_run_end__ - __log_filter_data_run_start__)
                0x0000000020000000                __stop_log_filter_data = __log_filter_data_run_end__
                0x0000000020000000                __log_filter_data_run_load_end__ = __log_filter_data_run_end__
                0x0000000000000001                . = ASSERT (((__log_filter_data_run_start__ == __log_filter_data_run_end__) || ((__log_filter_data_run_end__ - __RAM1_segment_start__) <= __RAM1_segment_size__)), error: .log_filter_data_run is too large to fit in RAM1 memory segment)
                0x0000000020000000                __nrf_sections_run_end_load_start__ = ALIGN (__log_filter_data_run_end__, 0x4)

.nrf_sections_run_end
                0x0000000020000000        0x0
                0x0000000020000000                __nrf_sections_run_end_start__ = .
                0x0000000020000000                __end_nrf_sections_run = __nrf_sections_run_end_start__
 *(.nrf_sections_run_end .nrf_sections_run_end.*)
                0x0000000020000000                __nrf_sections_run_end_end__ = (__nrf_sections_run_end_start__ + SIZEOF (.nrf_sections_run_end))
                0x0000000000000000                __nrf_sections_run_end_size__ = SIZEOF (.nrf_sections_run_end)
                0x0000000020000000                __nrf_sections_run_end_load_end__ = __nrf_sections_run_end_end__
                0x0000000000000001                . = ASSERT (((__nrf_sections_run_end_start__ == __nrf_sections_run_end_end__) || ((__nrf_sections_run_end_end__ - __RAM1_segment_start__) <= __RAM1_segment_size__)), error: .nrf_sections_run_end is too large to fit in RAM1 memory segment)
                0x00000000000062a0                __dtors_load_start__ = ALIGN ((__log_filter_data_load_start__ + SIZEOF (.log_filter_data)), 0x4)

.dtors          0x00000000000062a0        0x0
                0x00000000000062a0                __dtors_start__ = .
 *(SORT_BY_NAME(.dtors.*))
 *(.dtors)
 *(.fini_array)
 *(SORT_BY_NAME(.fini_array.*))
                0x00000000000062a0                __dtors_end__ = (__dtors_start__ + SIZEOF (.dtors))
                0x0000000000000000                __dtors_size__ = SIZEOF (.dtors)
                0x00000000000062a0                __dtors_load_end__ = __dtors_end__
                0x0000000000000001                . = ASSERT (((__dtors_start__ == __dtors_end__) || ((__dtors_end__ - __FLASH1_segment_start__) <= __FLASH1_segment_size__)), error: .dtors is too large to fit in FLASH1 memory segment)
                0x00000000000062a0                __ctors_load_start__ = ALIGN (__dtors_end__, 0x4)

.ctors          0x00000000000062a0        0x0
                0x00000000000062a0                __ctors_start__ = .
 *(SORT_BY_NAME(.ctors.*))
 *(.ctors)
 *(.init_array)
 *(SORT_BY_NAME(.init_array.*))
                0x00000000000062a0                __ctors_end__ = (__ctors_start__ + SIZEOF (.ctors))
                0x0000000000000000                __ctors_size__ = SIZEOF (.ctors)
                0x00000000000062a0                __ctors_load_end__ = __ctors_end__
                0x0000000000000001                . = ASSERT (((__ctors_start__ == __ctors_end__) || ((__ctors_end__ - __FLASH1_segment_start__) <= __FLASH1_segment_size__)), error: .ctors is too large to fit in FLASH1 memory segment)
                0x00000000000062a0                __rodata_load_start__ = ALIGN (__ctors_end__, 0x4)

.rodata         0x00000000000062a0     0x1320
                0x00000000000062a0                __rodata_start__ = .
 *(.rodata .rodata.* .gnu.linkonce.r.*)
 .rodata        0x00000000000062a0       0x98 Output/Debug/Obj/saadc_pca10056/nrf_log_backend_uart.o
 .rodata.nrf_log_backend_uart_api
                0x0000000000006338        0xc Output/Debug/Obj/saadc_pca10056/nrf_log_backend_uart.o
                0x0000000000006338                nrf_log_backend_uart_api
 .rodata        0x0000000000006344       0x90 Output/Debug/Obj/saadc_pca10056/nrf_log_default_backends.o
 .rodata.m_log_push_ringbuf
                0x00000000000063d4        0xc Output/Debug/Obj/saadc_pca10056/nrf_log_frontend.o
 .rodata        0x00000000000063e0       0x89 Output/Debug/Obj/saadc_pca10056/nrf_log_frontend.o
 *fill*         0x0000000000006469        0x3 
 .rodata        0x000000000000646c       0xaa Output/Debug/Obj/saadc_pca10056/nrf_log_str_formatter.o
 *fill*         0x0000000000006516        0x2 
 .rodata        0x0000000000006518       0x70 Output/Debug/Obj/saadc_pca10056/app_error_weak.o
 .rodata        0x0000000000006588       0x72 Output/Debug/Obj/saadc_pca10056/app_util_platform.o
 *fill*         0x00000000000065fa        0x2 
 .rodata        0x00000000000065fc       0x6d Output/Debug/Obj/saadc_pca10056/nrf_balloc.o
 *fill*         0x0000000000006669        0x3 
 .rodata        0x000000000000666c       0x63 Output/Debug/Obj/saadc_pca10056/nrf_fprintf.o
 *fill*         0x00000000000066cf        0x1 
 .rodata        0x00000000000066d0       0x6a Output/Debug/Obj/saadc_pca10056/nrf_fprintf_format.o
 *fill*         0x000000000000673a        0x2 
 .rodata._aV2C.0
                0x000000000000673c       0x10 Output/Debug/Obj/saadc_pca10056/nrf_fprintf_format.o
 .rodata        0x000000000000674c       0x6d Output/Debug/Obj/saadc_pca10056/nrf_memobj.o
 *fill*         0x00000000000067b9        0x3 
 .rodata        0x00000000000067bc      0x109 Output/Debug/Obj/saadc_pca10056/nrf_pwr_mgmt.o
 *fill*         0x00000000000068c5        0x3 
 .rodata.pwr_mgmt_data
                0x00000000000068c8        0xc Output/Debug/Obj/saadc_pca10056/nrf_pwr_mgmt.o
 .rodata        0x00000000000068d4       0x86 Output/Debug/Obj/saadc_pca10056/nrf_section_iter.o
 *fill*         0x000000000000695a        0x2 
 .rodata.m_unknown_str
                0x000000000000695c       0x13 Output/Debug/Obj/saadc_pca10056/nrf_strerror.o
 *fill*         0x000000000000696f        0x1 
 .rodata        0x0000000000006970      0x3bd Output/Debug/Obj/saadc_pca10056/nrf_strerror.o
 *fill*         0x0000000000006d2d        0x3 
 .rodata.nrf_strerror_array
                0x0000000000006d30      0x118 Output/Debug/Obj/saadc_pca10056/nrf_strerror.o
 .rodata        0x0000000000006e48       0x6b Output/Debug/Obj/saadc_pca10056/nrf_drv_uart.o
 *fill*         0x0000000000006eb3        0x1 
 .rodata        0x0000000000006eb4        0x4 Output/Debug/Obj/saadc_pca10056/nrfx_ppi.o
 .rodata        0x0000000000006eb8       0x70 Output/Debug/Obj/saadc_pca10056/nrfx_prs.o
 .rodata        0x0000000000006f28       0xd2 Output/Debug/Obj/saadc_pca10056/nrfx_saadc.o
 *fill*         0x0000000000006ffa        0x2 
 .rodata        0x0000000000006ffc       0xa2 Output/Debug/Obj/saadc_pca10056/nrfx_timer.o
 *fill*         0x000000000000709e        0x2 
 .rodata        0x00000000000070a0       0xd1 Output/Debug/Obj/saadc_pca10056/nrfx_uart.o
 *fill*         0x0000000000007171        0x3 
 .rodata.irq_handlers.0
                0x0000000000007174        0x4 Output/Debug/Obj/saadc_pca10056/nrfx_uart.o
 .rodata        0x0000000000007178       0xd2 Output/Debug/Obj/saadc_pca10056/nrfx_uarte.o
 *fill*         0x000000000000724a        0x2 
 .rodata.irq_handlers.0
                0x000000000000724c        0x4 Output/Debug/Obj/saadc_pca10056/nrfx_uarte.o
 .rodata        0x0000000000007250      0x122 Output/Debug/Obj/saadc_pca10056/main.o
 *fill*         0x0000000000007372        0x2 
 .rodata.m_timer
                0x0000000000007374        0x8 Output/Debug/Obj/saadc_pca10056/main.o
 .rodata.default_config.0
                0x000000000000737c        0x4 Output/Debug/Obj/saadc_pca10056/main.o
 .rodata.libc.__RAL_find_locale.str1.4
                0x0000000000007380        0xa C:/Program Files/SEGGER/SEGGER Embedded Studio for ARM 5.68/lib/libc_v7em_fpv4_sp_d16_hard_t_le_eabi.a(libc2.o)
 *fill*         0x000000000000738a        0x2 
 .rodata.libc.__RAL_ascii_ctype_map
                0x000000000000738c       0x80 C:/Program Files/SEGGER/SEGGER Embedded Studio for ARM 5.68/lib/libc_v7em_fpv4_sp_d16_hard_t_le_eabi.a(libc2.o)
                0x000000000000738c                __RAL_ascii_ctype_map
 .rodata.libc.__RAL_ascii_ctype_mask
                0x000000000000740c        0xd C:/Program Files/SEGGER/SEGGER Embedded Studio for ARM 5.68/lib/libc_v7em_fpv4_sp_d16_hard_t_le_eabi.a(libc2.o)
 *fill*         0x0000000000007419        0x3 
 .rodata.libc.__RAL_c_locale
                0x000000000000741c        0xc C:/Program Files/SEGGER/SEGGER Embedded Studio for ARM 5.68/lib/libc_v7em_fpv4_sp_d16_hard_t_le_eabi.a(libc2.o)
                0x000000000000741c                __RAL_c_locale
 .rodata.libc.__RAL_c_locale_abbrev_day_names
                0x0000000000007428       0x1d C:/Program Files/SEGGER/SEGGER Embedded Studio for ARM 5.68/lib/libc_v7em_fpv4_sp_d16_hard_t_le_eabi.a(libc2.o)
                0x0000000000007428                __RAL_c_locale_abbrev_day_names
 *fill*         0x0000000000007445        0x3 
 .rodata.libc.__RAL_c_locale_abbrev_month_names
                0x0000000000007448       0x31 C:/Program Files/SEGGER/SEGGER Embedded Studio for ARM 5.68/lib/libc_v7em_fpv4_sp_d16_hard_t_le_eabi.a(libc2.o)
                0x0000000000007448                __RAL_c_locale_abbrev_month_names
 *fill*         0x0000000000007479        0x3 
 .rodata.libc.__RAL_c_locale_am_pm_indicator
                0x000000000000747c        0x7 C:/Program Files/SEGGER/SEGGER Embedded Studio for ARM 5.68/lib/libc_v7em_fpv4_sp_d16_hard_t_le_eabi.a(libc2.o)
                0x000000000000747c                __RAL_c_locale_am_pm_indicator
 *fill*         0x0000000000007483        0x1 
 .rodata.libc.__RAL_c_locale_data
                0x0000000000007484       0x58 C:/Program Files/SEGGER/SEGGER Embedded Studio for ARM 5.68/lib/libc_v7em_fpv4_sp_d16_hard_t_le_eabi.a(libc2.o)
                0x0000000000007484                __RAL_c_locale_data
 .rodata.libc.__RAL_c_locale_date_format
                0x00000000000074dc        0x9 C:/Program Files/SEGGER/SEGGER Embedded Studio for ARM 5.68/lib/libc_v7em_fpv4_sp_d16_hard_t_le_eabi.a(libc2.o)
                0x00000000000074dc                __RAL_c_locale_date_format
 *fill*         0x00000000000074e5        0x3 
 .rodata.libc.__RAL_c_locale_date_time_format
                0x00000000000074e8        0xf C:/Program Files/SEGGER/SEGGER Embedded Studio for ARM 5.68/lib/libc_v7em_fpv4_sp_d16_hard_t_le_eabi.a(libc2.o)
                0x00000000000074e8                __RAL_c_locale_date_time_format
 *fill*         0x00000000000074f7        0x1 
 .rodata.libc.__RAL_c_locale_day_names
                0x00000000000074f8       0x3a C:/Program Files/SEGGER/SEGGER Embedded Studio for ARM 5.68/lib/libc_v7em_fpv4_sp_d16_hard_t_le_eabi.a(libc2.o)
                0x00000000000074f8                __RAL_c_locale_day_names
 *fill*         0x0000000000007532        0x2 
 .rodata.libc.__RAL_c_locale_month_names
                0x0000000000007534       0x57 C:/Program Files/SEGGER/SEGGER Embedded Studio for ARM 5.68/lib/libc_v7em_fpv4_sp_d16_hard_t_le_eabi.a(libc2.o)
                0x0000000000007534                __RAL_c_locale_month_names
 *fill*         0x000000000000758b        0x1 
 .rodata.libc.__RAL_c_locale_time_format
                0x000000000000758c        0x9 C:/Program Files/SEGGER/SEGGER Embedded Studio for ARM 5.68/lib/libc_v7em_fpv4_sp_d16_hard_t_le_eabi.a(libc2.o)
                0x000000000000758c                __RAL_c_locale_time_format
 *fill*         0x0000000000007595        0x3 
 .rodata.libc.__RAL_codeset_ascii
                0x0000000000007598       0x20 C:/Program Files/SEGGER/SEGGER Embedded Studio for ARM 5.68/lib/libc_v7em_fpv4_sp_d16_hard_t_le_eabi.a(libc2.o)
                0x0000000000007598                __RAL_codeset_ascii
 .rodata.libc.__RAL_data_empty_string
                0x00000000000075b8        0x1 C:/Program Files/SEGGER/SEGGER Embedded Studio for ARM 5.68/lib/libc_v7em_fpv4_sp_d16_hard_t_le_eabi.a(libc2.o)
                0x00000000000075b8                __RAL_data_empty_string
 *fill*         0x00000000000075b9        0x3 
 .rodata.libc.__RAL_data_utf8_period
                0x00000000000075bc        0x2 C:/Program Files/SEGGER/SEGGER Embedded Studio for ARM 5.68/lib/libc_v7em_fpv4_sp_d16_hard_t_le_eabi.a(libc2.o)
                0x00000000000075bc                __RAL_data_utf8_period
                0x00000000000075c0                . = ALIGN (MAX ((__rodata_start__ + 0x4), .), 0x4)
 *fill*         0x00000000000075be        0x2 
                0x00000000000075c0                __rodata_end__ = (__rodata_start__ + SIZEOF (.rodata))
                0x0000000000001320                __rodata_size__ = SIZEOF (.rodata)
                0x00000000000075c0                __rodata_load_end__ = __rodata_end__

.rel.dyn        0x00000000000075c0        0x0
 .rel.iplt      0x00000000000075c0        0x0 Output/Debug/Obj/saadc_pca10056/thumb_crt0.o
                0x0000000000000001                . = ASSERT (((__rodata_start__ == __rodata_end__) || ((__rodata_end__ - __FLASH1_segment_start__) <= __FLASH1_segment_size__)), error: .rodata is too large to fit in FLASH1 memory segment)
                0x00000000000075c0                __ARM.exidx_load_start__ = ALIGN (__rodata_end__, 0x4)

.ARM.exidx      0x00000000000075c0        0x0
                0x00000000000075c0                __ARM.exidx_start__ = .
                0x00000000000075c0                __exidx_start = __ARM.exidx_start__
 *(.ARM.exidx .ARM.exidx.*)
                0x00000000000075c0                __ARM.exidx_end__ = (__ARM.exidx_start__ + SIZEOF (.ARM.exidx))
                0x0000000000000000                __ARM.exidx_size__ = SIZEOF (.ARM.exidx)
                0x00000000000075c0                __exidx_end = __ARM.exidx_end__
                0x00000000000075c0                __ARM.exidx_load_end__ = __ARM.exidx_end__
                0x0000000000000001                . = ASSERT (((__ARM.exidx_start__ == __ARM.exidx_end__) || ((__ARM.exidx_end__ - __FLASH1_segment_start__) <= __FLASH1_segment_size__)), error: .ARM.exidx is too large to fit in FLASH1 memory segment)
                0x00000000000075c0                __fast_load_start__ = ALIGN (__ARM.exidx_end__, 0x4)

.fast           0x0000000020000000        0x0 load address 0x00000000000075c0
                0x0000000020000000                __fast_start__ = .
 *(.fast .fast.*)
                0x0000000020000000                __fast_end__ = (__fast_start__ + SIZEOF (.fast))
                0x0000000000000000                __fast_size__ = SIZEOF (.fast)
                0x00000000000075c0                __fast_load_end__ = (__fast_load_start__ + SIZEOF (.fast))
                0x0000000000000001                . = ASSERT (((__fast_load_start__ == __fast_load_end__) || ((__fast_load_end__ - __FLASH1_segment_start__) <= __FLASH1_segment_size__)), error: .fast is too large to fit in FLASH1 memory segment)

.fast_run       0x0000000020000000        0x0
                0x0000000020000000                __fast_run_start__ = .
                0x0000000020000000                __fast_run_end__ = (__fast_run_start__ + SIZEOF (.fast))
                0x0000000000000000                __fast_run_size__ = (__fast_run_end__ - __fast_run_start__)
                0x0000000020000000                __fast_run_load_end__ = __fast_run_end__
                0x0000000000000001                . = ASSERT (((__fast_run_start__ == __fast_run_end__) || ((__fast_run_end__ - __RAM1_segment_start__) <= __RAM1_segment_size__)), error: .fast_run is too large to fit in RAM1 memory segment)
                0x00000000000075c0                __data_load_start__ = ALIGN ((__fast_load_start__ + SIZEOF (.fast)), 0x4)

.data           0x0000000020000000       0x70 load address 0x00000000000075c0
                0x0000000020000000                __data_start__ = .
 *(.data .data.* .gnu.linkonce.d.*)
 .data.m_uart   0x0000000020000000       0x14 Output/Debug/Obj/saadc_pca10056/nrf_log_backend_uart.o
                0x0000000020000000                m_uart
 .data.log_backend_cb_uart_log_backend
                0x0000000020000014        0x8 Output/Debug/Obj/saadc_pca10056/nrf_log_default_backends.o
 .data.m_buffer_mask
                0x000000002000001c        0x4 Output/Debug/Obj/saadc_pca10056/nrf_log_frontend.o
 .data.severity_names
                0x0000000020000020       0x14 Output/Debug/Obj/saadc_pca10056/nrf_log_str_formatter.o
 .data.m_colors
                0x0000000020000034       0x24 Output/Debug/Obj/saadc_pca10056/nrf_log_str_formatter.o
 .data.SystemCoreClock
                0x0000000020000058        0x4 Output/Debug/Obj/saadc_pca10056/system_nrf52840.o
                0x0000000020000058                SystemCoreClock
 .data.libc.__RAL_global_locale
                0x000000002000005c       0x14 C:/Program Files/SEGGER/SEGGER Embedded Studio for ARM 5.68/lib/libc_v7em_fpv4_sp_d16_hard_t_le_eabi.a(libc2.o)
                0x000000002000005c                __RAL_global_locale
                0x0000000020000070                __data_end__ = (__data_start__ + SIZEOF (.data))
                0x0000000000000070                __data_size__ = SIZEOF (.data)
                0x0000000000007630                __data_load_end__ = (__data_load_start__ + SIZEOF (.data))

.igot.plt       0x0000000100000000        0x0
 .igot.plt      0x0000000100000000        0x0 Output/Debug/Obj/saadc_pca10056/thumb_crt0.o
                0x0000000000000001                . = ASSERT (((__data_load_start__ == __data_load_end__) || ((__data_load_end__ - __FLASH1_segment_start__) <= __FLASH1_segment_size__)), error: .data is too large to fit in FLASH1 memory segment)

.data_run       0x0000000020000000        0x0
                0x0000000020000000                __data_run_start__ = .
                0x0000000020000070                __data_run_end__ = (__data_run_start__ + SIZEOF (.data))
                0x0000000000000070                __data_run_size__ = (__data_run_end__ - __data_run_start__)
                0x0000000020000070                __data_run_load_end__ = __data_run_end__
                0x0000000000000001                . = ASSERT (((__data_run_start__ == __data_run_end__) || ((__data_run_end__ - __RAM1_segment_start__) <= __RAM1_segment_size__)), error: .data_run is too large to fit in RAM1 memory segment)
                0x0000000000007630                __tdata_load_start__ = ALIGN ((__data_load_start__ + SIZEOF (.data)), 0x4)

.tdata          0x0000000020000070        0x0 load address 0x0000000000007630
                0x0000000020000070                __tdata_start__ = .
 *(.tdata .tdata.*)
                0x0000000020000070                __tdata_end__ = (__tdata_start__ + SIZEOF (.tdata))
                0x0000000000000000                __tdata_size__ = SIZEOF (.tdata)
                0x0000000000007630                __tdata_load_end__ = (__tdata_load_start__ + SIZEOF (.tdata))
                0x0000000000007630                __FLASH1_segment_used_end__ = (ALIGN ((__data_load_start__ + SIZEOF (.data)), 0x4) + SIZEOF (.tdata))
                0x0000000000007630                __FLASH1_segment_used_size__ = (__FLASH1_segment_used_end__ - __FLASH1_segment_start__)
                0x0000000000000001                . = ASSERT (((__tdata_load_start__ == __tdata_load_end__) || ((__tdata_load_end__ - __FLASH1_segment_start__) <= __FLASH1_segment_size__)), error: .tdata is too large to fit in FLASH1 memory segment)

.tdata_run      0x0000000020000070        0x0
                0x0000000020000070                __tdata_run_start__ = .
                0x0000000020000070                __tdata_run_end__ = (__tdata_run_start__ + SIZEOF (.tdata))
                0x0000000000000000                __tdata_run_size__ = (__tdata_run_end__ - __tdata_run_start__)
                0x0000000020000070                __tdata_run_load_end__ = __tdata_run_end__
                0x0000000000000001                . = ASSERT (((__tdata_run_start__ == __tdata_run_end__) || ((__tdata_run_end__ - __RAM1_segment_start__) <= __RAM1_segment_size__)), error: .tdata_run is too large to fit in RAM1 memory segment)
                0x0000000020000070                __bss_load_start__ = ALIGN (__tdata_run_end__, 0x4)

.bss            0x0000000020000070      0x6cc
                0x0000000020000070                __bss_start__ = .
 *(.bss .bss.* .gnu.linkonce.b.*)
 .bss.m_string_buff
                0x0000000020000070       0x40 Output/Debug/Obj/saadc_pca10056/nrf_log_backend_uart.o
 .bss.m_xfer_done
                0x00000000200000b0        0x1 Output/Debug/Obj/saadc_pca10056/nrf_log_backend_uart.o
 .bss.m_async_mode
                0x00000000200000b1        0x1 Output/Debug/Obj/saadc_pca10056/nrf_log_backend_uart.o
 *fill*         0x00000000200000b2        0x2 
 .bss.log_mempool_nrf_balloc_pool_stack
                0x00000000200000b4        0x8 Output/Debug/Obj/saadc_pca10056/nrf_log_frontend.o
 .bss.log_mempool_nrf_balloc_pool_mem
                0x00000000200000bc       0xc0 Output/Debug/Obj/saadc_pca10056/nrf_log_frontend.o
 .bss.log_mempool_nrf_balloc_cb
                0x000000002000017c        0x8 Output/Debug/Obj/saadc_pca10056/nrf_log_frontend.o
 .bss.m_log_push_ringbuf_buf
                0x0000000020000184       0x80 Output/Debug/Obj/saadc_pca10056/nrf_log_frontend.o
 .bss.m_log_push_ringbuf_cb
                0x0000000020000204       0x18 Output/Debug/Obj/saadc_pca10056/nrf_log_frontend.o
 .bss.m_log_data
                0x000000002000021c      0x420 Output/Debug/Obj/saadc_pca10056/nrf_log_frontend.o
 .bss.m_error_data.0
                0x000000002000063c       0x20 Output/Debug/Obj/saadc_pca10056/app_error.o
 .bss.m_in_critical_region
                0x000000002000065c        0x4 Output/Debug/Obj/saadc_pca10056/app_util_platform.o
 .bss.m_sysoff_mtx
                0x0000000020000660        0x4 Output/Debug/Obj/saadc_pca10056/nrf_pwr_mgmt.o
 .bss.m_shutdown_started
                0x0000000020000664        0x1 Output/Debug/Obj/saadc_pca10056/nrf_pwr_mgmt.o
 *fill*         0x0000000020000665        0x3 
 .bss.m_handlers_iter
                0x0000000020000668        0x8 Output/Debug/Obj/saadc_pca10056/nrf_pwr_mgmt.o
 .bss.m_drv_state
                0x0000000020000670        0x1 Output/Debug/Obj/saadc_pca10056/nrf_drv_ppi.o
 *fill*         0x0000000020000671        0x3 
 .bss.m_handlers
                0x0000000020000674        0x8 Output/Debug/Obj/saadc_pca10056/nrf_drv_uart.o
 .bss.m_contexts
                0x000000002000067c        0x8 Output/Debug/Obj/saadc_pca10056/nrf_drv_uart.o
 .bss.nrf_drv_uart_use_easy_dma
                0x0000000020000684        0x2 Output/Debug/Obj/saadc_pca10056/nrf_drv_uart.o
                0x0000000020000684                nrf_drv_uart_use_easy_dma
 *fill*         0x0000000020000686        0x2 
 .bss.m_channels_allocated
                0x0000000020000688        0x4 Output/Debug/Obj/saadc_pca10056/nrfx_ppi.o
 .bss.m_prs_box_4
                0x000000002000068c        0x8 Output/Debug/Obj/saadc_pca10056/nrfx_prs.o
 .bss.m_cb      0x0000000020000694       0x30 Output/Debug/Obj/saadc_pca10056/nrfx_saadc.o
 .bss.m_cb      0x00000000200006c4        0xc Output/Debug/Obj/saadc_pca10056/nrfx_timer.o
 .bss.m_cb      0x00000000200006d0       0x2c Output/Debug/Obj/saadc_pca10056/nrfx_uart.o
 .bss.m_cb      0x00000000200006fc       0x24 Output/Debug/Obj/saadc_pca10056/nrfx_uarte.o
 .bss.m_buffer_pool
                0x0000000020000720       0x14 Output/Debug/Obj/saadc_pca10056/main.o
 .bss.m_ppi_channel
                0x0000000020000734        0x1 Output/Debug/Obj/saadc_pca10056/main.o
 *fill*         0x0000000020000735        0x3 
 .bss.m_adc_evt_counter
                0x0000000020000738        0x4 Output/Debug/Obj/saadc_pca10056/main.o
 *(COMMON)
                0x000000002000073c                __bss_end__ = (__bss_start__ + SIZEOF (.bss))
                0x00000000000006cc                __bss_size__ = SIZEOF (.bss)
                0x000000002000073c                __bss_load_end__ = __bss_end__
                0x0000000000000001                . = ASSERT (((__bss_start__ == __bss_end__) || ((__bss_end__ - __RAM1_segment_start__) <= __RAM1_segment_size__)), error: .bss is too large to fit in RAM1 memory segment)
                0x000000002000073c                __tbss_load_start__ = ALIGN (__bss_end__, 0x4)

.tbss           0x000000002000073c        0x0
                0x000000002000073c                __tbss_start__ = .
 *(.tbss .tbss.*)
                0x000000002000073c                __tbss_end__ = (__tbss_start__ + SIZEOF (.tbss))
                0x0000000000000000                __tbss_size__ = SIZEOF (.tbss)
                0x000000002000073c                __tbss_load_end__ = __tbss_end__
                0x0000000000000001                . = ASSERT (((__tbss_start__ == __tbss_end__) || ((__tbss_end__ - __RAM1_segment_start__) <= __RAM1_segment_size__)), error: .tbss is too large to fit in RAM1 memory segment)
                0x000000002000073c                __non_init_load_start__ = ALIGN (__tbss_end__, 0x4)

.non_init       0x000000002000073c        0x0
                0x000000002000073c                __non_init_start__ = .
 *(.non_init .non_init.*)
                0x000000002000073c                __non_init_end__ = (__non_init_start__ + SIZEOF (.non_init))
                0x0000000000000000                __non_init_size__ = SIZEOF (.non_init)
                0x000000002000073c                __non_init_load_end__ = __non_init_end__
                0x0000000000000001                . = ASSERT (((__non_init_start__ == __non_init_end__) || ((__non_init_end__ - __RAM1_segment_start__) <= __RAM1_segment_size__)), error: .non_init is too large to fit in RAM1 memory segment)
                0x000000002000073c                __heap_load_start__ = ALIGN (__non_init_end__, 0x4)

.heap           0x000000002000073c     0x2000
                0x000000002000073c                __heap_start__ = .
 *(.heap .heap.*)
                0x000000002000273c                . = ALIGN (MAX ((__heap_start__ + __HEAPSIZE__), .), 0x4)
 *fill*         0x000000002000073c     0x2000 
                0x000000002000273c                __heap_end__ = (__heap_start__ + SIZEOF (.heap))
                0x0000000000002000                __heap_size__ = SIZEOF (.heap)
                0x000000002000273c                __heap_load_end__ = __heap_end__
                0x0000000000000001                . = ASSERT (((__heap_start__ == __heap_end__) || ((__heap_end__ - __RAM1_segment_start__) <= __RAM1_segment_size__)), error: .heap is too large to fit in RAM1 memory segment)
                0x000000002003e000                __stack_load_start__ = (__RAM1_segment_start__ + (__RAM1_segment_size__ - 0x2000))

.stack          0x000000002003e000     0x2000
                0x000000002003e000                __stack_start__ = .
                0x000000002003e000                __StackLimit = __stack_start__
 *(.stack .stack.*)
                0x0000000020040000                . = ALIGN (MAX ((__stack_start__ + __STACKSIZE__), .), 0x8)
 *fill*         0x000000002003e000     0x2000 
                0x0000000020040000                __stack_end__ = (__stack_start__ + SIZEOF (.stack))
                0x0000000000002000                __stack_size__ = SIZEOF (.stack)
                0x0000000020040000                __StackTop = __stack_end__
                0x0000000020040000                __stack_load_end__ = __stack_end__
                0x0000000000000001                . = ASSERT (((__stack_start__ == __stack_end__) || ((__stack_end__ - __RAM1_segment_start__) <= __RAM1_segment_size__)), error: .stack is too large to fit in RAM1 memory segment)
                0x0000000000000001                . = ASSERT ((__heap_end__ <= __stack_start__), error: section .heap overlaps absolute placed section .stack)
                0x0000000020040000                __stack_process_load_start__ = ALIGN (__stack_end__, 0x8)

.stack_process  0x0000000020040000        0x0
                0x0000000020040000                __stack_process_start__ = .
 *(.stack_process .stack_process.*)
                0x0000000020040000                . = ALIGN (MAX ((__stack_process_start__ + __STACKSIZE_PROCESS__), .), 0x8)
                0x0000000020040000                __stack_process_end__ = (__stack_process_start__ + SIZEOF (.stack_process))
                0x0000000000000000                __stack_process_size__ = SIZEOF (.stack_process)
                0x0000000020040000                __stack_process_load_end__ = __stack_process_end__
                0x0000000020040000                __RAM1_segment_used_end__ = (ALIGN (__stack_end__, 0x8) + SIZEOF (.stack_process))
                0x0000000000040000                __RAM1_segment_used_size__ = (__RAM1_segment_used_end__ - __RAM1_segment_start__)
                0x0000000000000001                . = ASSERT (((__stack_process_start__ == __stack_process_end__) || ((__stack_process_end__ - __RAM1_segment_start__) <= __RAM1_segment_size__)), error: .stack_process is too large to fit in RAM1 memory segment)
START GROUP
LOAD Output/Debug/Obj/saadc_pca10056/thumb_crt0.o
LOAD Output/Debug/Obj/saadc_pca10056/nrf_log_backend_rtt.o
LOAD Output/Debug/Obj/saadc_pca10056/nrf_log_backend_serial.o
LOAD Output/Debug/Obj/saadc_pca10056/nrf_log_backend_uart.o
LOAD Output/Debug/Obj/saadc_pca10056/nrf_log_default_backends.o