Archive member included to satisfy reference by file (symbol)

C:/Program Files/SEGGER/SEGGER Embedded Studio for ARM 5.68/lib/libc_v7em_fpv4_sp_d16_hard_t_le_eabi.a(libc_asm.o)
                              Output/Release/Obj/cli_libuarte_pca10040/nrf_libuarte_async.o (__aeabi_uldivmod)
C:/Program Files/SEGGER/SEGGER Embedded Studio for ARM 5.68/lib/libc_v7em_fpv4_sp_d16_hard_t_le_eabi.a(libc2.o)
                              Output/Release/Obj/cli_libuarte_pca10040/fnmatch.o (isupper)
C:/Program Files/SEGGER/SEGGER Embedded Studio for ARM 5.68/lib/libc_v7em_fpv4_sp_d16_hard_t_le_eabi.a(libc2_asm.o)
                              Output/Release/Obj/cli_libuarte_pca10040/nrf_log_frontend.o (memcpy)
C:/Program Files/SEGGER/SEGGER Embedded Studio for ARM 5.68/lib/libc_v7em_fpv4_sp_d16_hard_t_le_eabi.a(libvfprintf.o)
                              (__vfprintf_long)
C:/Program Files/SEGGER/SEGGER Embedded Studio for ARM 5.68/lib/libc_v7em_fpv4_sp_d16_hard_t_le_eabi.a(libvfscanf.o)
                              (__vfscanf_long)
C:/Program Files/SEGGER/SEGGER Embedded Studio for ARM 5.68/lib/libc_v7em_fpv4_sp_d16_hard_t_le_eabi.a(libc.o)
                              C:/Program Files/SEGGER/SEGGER Embedded Studio for ARM 5.68/lib/libc_v7em_fpv4_sp_d16_hard_t_le_eabi.a(libc2.o) (__heap_lock)
C:/Program Files/SEGGER/SEGGER Embedded Studio for ARM 5.68/lib/libdebugio_v7em_fpv4_sp_d16_hard_t_le_eabi.a(libdebugio.o)
                              Output/Release/Obj/cli_libuarte_pca10040/thumb_crt0.o (debug_fopen)
C:/Program Files/SEGGER/SEGGER Embedded Studio for ARM 5.68/lib/libdebugio_v7em_fpv4_sp_d16_hard_t_le_eabi.a(do_nv_debug_operation.o)
                              C:/Program Files/SEGGER/SEGGER Embedded Studio for ARM 5.68/lib/libdebugio_v7em_fpv4_sp_d16_hard_t_le_eabi.a(libdebugio.o) (__do_nvdebug_operation)
C:/Program Files/SEGGER/SEGGER Embedded Studio for ARM 5.68/lib/libdebugio_v7em_fpv4_sp_d16_hard_t_le_eabi.a(mempoll_debug_operations.o)
                              (__do_debug_operation_mempoll)
C:/Program Files/SEGGER/SEGGER Embedded Studio for ARM 5.68/lib/libm_v7em_fpv4_sp_d16_hard_t_le_eabi.a(libm_asm.o)
                              C:/Program Files/SEGGER/SEGGER Embedded Studio for ARM 5.68/lib/libc_v7em_fpv4_sp_d16_hard_t_le_eabi.a(libc2.o) (__aeabi_dadd)
C:/Program Files/SEGGER/SEGGER Embedded Studio for ARM 5.68/lib/libm_v7em_fpv4_sp_d16_hard_t_le_eabi.a(libm2.o)
                              C:/Program Files/SEGGER/SEGGER Embedded Studio for ARM 5.68/lib/libc_v7em_fpv4_sp_d16_hard_t_le_eabi.a(libvfprintf.o) (frexp)

Discarded input sections

 .text          0x0000000000000000        0x0 Output/Release/Obj/cli_libuarte_pca10040/thumb_crt0.o
 .data          0x0000000000000000        0x0 Output/Release/Obj/cli_libuarte_pca10040/thumb_crt0.o
 .bss           0x0000000000000000        0x0 Output/Release/Obj/cli_libuarte_pca10040/thumb_crt0.o
 .text.__aeabi_read_tp
                0x0000000000000000        0x8 Output/Release/Obj/cli_libuarte_pca10040/thumb_crt0.o
 .text.abort    0x0000000000000000        0x2 Output/Release/Obj/cli_libuarte_pca10040/thumb_crt0.o
 .text.__assert
                0x0000000000000000        0x2 Output/Release/Obj/cli_libuarte_pca10040/thumb_crt0.o
 .text.__assert_func
                0x0000000000000000        0x2 Output/Release/Obj/cli_libuarte_pca10040/thumb_crt0.o
 .text.__aeabi_assert
                0x0000000000000000        0x2 Output/Release/Obj/cli_libuarte_pca10040/thumb_crt0.o
 .text.__sync_synchronize
                0x0000000000000000        0x2 Output/Release/Obj/cli_libuarte_pca10040/thumb_crt0.o
 .text.__getchar
                0x0000000000000000        0x4 Output/Release/Obj/cli_libuarte_pca10040/thumb_crt0.o
 .text.__putchar
                0x0000000000000000        0x4 Output/Release/Obj/cli_libuarte_pca10040/thumb_crt0.o
 .text.__open   0x0000000000000000        0x4 Output/Release/Obj/cli_libuarte_pca10040/thumb_crt0.o
 .text.__close  0x0000000000000000        0x4 Output/Release/Obj/cli_libuarte_pca10040/thumb_crt0.o
 .text.__write  0x0000000000000000        0xa Output/Release/Obj/cli_libuarte_pca10040/thumb_crt0.o
 .text.__read   0x0000000000000000        0xa Output/Release/Obj/cli_libuarte_pca10040/thumb_crt0.o
 .text.__seek   0x0000000000000000       0x1a Output/Release/Obj/cli_libuarte_pca10040/thumb_crt0.o
 .text.remove   0x0000000000000000        0x4 Output/Release/Obj/cli_libuarte_pca10040/thumb_crt0.o
 .text.rename   0x0000000000000000        0x4 Output/Release/Obj/cli_libuarte_pca10040/thumb_crt0.o
 .bss.__user_locale_name_buffer
                0x0000000000000000        0x4 Output/Release/Obj/cli_libuarte_pca10040/thumb_crt0.o
 .stack         0x0000000000000000        0x0 Output/Release/Obj/cli_libuarte_pca10040/thumb_crt0.o
 .stack_process
                0x0000000000000000        0x0 Output/Release/Obj/cli_libuarte_pca10040/thumb_crt0.o
 .heap          0x0000000000000000        0x0 Output/Release/Obj/cli_libuarte_pca10040/thumb_crt0.o
[...]
Memory Configuration

Name             Origin             Length             Attributes
UNPLACED_SECTIONS 0x0000000100000000 0x0000000000000000 xw
RAM1             0x0000000020000000 0x0000000000010000 xw
FLASH1           0x0000000000000000 0x0000000000080000 xw
*default*        0x0000000000000000 0xffffffffffffffff

Linker script and memory map

                0x0000000000000000                __do_debug_operation = __do_debug_operation_mempoll
                0x0000000000000000                __vfprintf = __vfprintf_long
                0x0000000000000000                __vfscanf = __vfscanf_long
                0x0000000020000000                __RAM1_segment_start__ = 0x20000000
                0x0000000020010000                __RAM1_segment_end__ = 0x20010000
                0x0000000000010000                __RAM1_segment_size__ = 0x10000
                0x0000000000000000                __FLASH1_segment_start__ = 0x0
                0x0000000000080000                __FLASH1_segment_end__ = 0x80000
                0x0000000000080000                __FLASH1_segment_size__ = 0x80000
                0x0000000000002000                __HEAPSIZE__ = 0x2000
                0x0000000000000000                __STACKSIZE_PROCESS__ = 0x0
                0x0000000000002000                __STACKSIZE__ = 0x2000
                0x0000000020000000                __vectors_ram_load_start__ = 0x20000000

.vectors_ram    0x0000000020000000        0x0
                0x0000000020000000                __vectors_ram_start__ = .
                0x0000000020000000                __app_ram_start__ = __vectors_ram_start__
 *(.vectors_ram .vectors_ram.*)
                0x0000000020000000                __vectors_ram_end__ = (__vectors_ram_start__ + SIZEOF (.vectors_ram))
                0x0000000000000000                __vectors_ram_size__ = SIZEOF (.vectors_ram)
                0x0000000020000000                __vectors_ram_load_end__ = __vectors_ram_end__
                0x0000000000000001                . = ASSERT (((__vectors_ram_start__ == __vectors_ram_end__) || ((__vectors_ram_end__ - __RAM1_segment_start__) <= __RAM1_segment_size__)), error: .vectors_ram is too large to fit in RAM1 memory segment)
                0x0000000020000000                __nrf_sections_run_load_start__ = ALIGN (__vectors_ram_end__, 0x4)

.nrf_sections_run
                0x0000000020000000        0x0
                0x0000000020000000                __nrf_sections_run_start__ = .
                0x0000000020000000                __start_nrf_sections_run = __nrf_sections_run_start__
 *(.nrf_sections_run .nrf_sections_run.*)
                0x0000000020000000                __nrf_sections_run_end__ = (__nrf_sections_run_start__ + SIZEOF (.nrf_sections_run))
                0x0000000000000000                __nrf_sections_run_size__ = SIZEOF (.nrf_sections_run)
                0x0000000020000000                __nrf_sections_run_load_end__ = __nrf_sections_run_end__
                0x0000000000000001                . = ASSERT (((__nrf_sections_run_start__ == __nrf_sections_run_end__) || ((__nrf_sections_run_end__ - __RAM1_segment_start__) <= __RAM1_segment_size__)), error: .nrf_sections_run is too large to fit in RAM1 memory segment)
                0x0000000000000000                __vectors_load_start__ = 0x0

.vectors        0x0000000000000000      0x200
                0x0000000000000000                __vectors_start__ = .
 *(.vectors .vectors.*)
 .vectors       0x0000000000000000      0x200 Output/Release/Obj/cli_libuarte_pca10040/ses_startup_nrf52.o
                0x0000000000000000                _vectors
                0x0000000000000200                __vectors_end__ = (__vectors_start__ + SIZEOF (.vectors))
                0x0000000000000200                __vectors_size__ = SIZEOF (.vectors)
                0x0000000000000200                __vectors_load_end__ = __vectors_end__
                0x0000000000000001                . = ASSERT (((__vectors_start__ == __vectors_end__) || ((__vectors_end__ - __FLASH1_segment_start__) <= __FLASH1_segment_size__)), error: .vectors is too large to fit in FLASH1 memory segment)
                0x0000000000000200                __init_load_start__ = ALIGN (__vectors_end__, 0x4)

.init           0x0000000000000200      0x1d0
                0x0000000000000200                __init_start__ = .
 *(.init .init.*)
 .init          0x0000000000000200      0x15c Output/Release/Obj/cli_libuarte_pca10040/thumb_crt0.o
                0x0000000000000200                _start
                0x00000000000002b4                exit
 .init          0x000000000000035c       0x18 Output/Release/Obj/cli_libuarte_pca10040/ses_startup_nrf52.o
                0x000000000000035c                NMI_Handler
                0x0000000000000360                MemoryManagement_Handler
                0x0000000000000362                BusFault_Handler
                0x0000000000000364                UsageFault_Handler
                0x0000000000000366                SVC_Handler
                0x0000000000000368                DebugMon_Handler
                0x000000000000036a                PendSV_Handler
                0x000000000000036c                SysTick_Handler
                0x000000000000036e                PWM1_IRQHandler
                0x000000000000036e                RADIO_IRQHandler
                0x000000000000036e                PDM_IRQHandler
                0x000000000000036e                TEMP_IRQHandler
                0x000000000000036e                QDEC_IRQHandler
                0x000000000000036e                FPU_IRQHandler
                0x000000000000036e                SPIM0_SPIS0_TWIM0_TWIS0_SPI0_TWI0_IRQHandler
                0x000000000000036e                SWI2_EGU2_IRQHandler
                0x000000000000036e                I2S_IRQHandler
                0x000000000000036e                SWI4_EGU4_IRQHandler
                0x000000000000036e                SWI0_EGU0_IRQHandler
                0x000000000000036e                Dummy_Handler
                0x000000000000036e                TIMER1_IRQHandler
                0x000000000000036e                PWM2_IRQHandler
                0x000000000000036e                ECB_IRQHandler
                0x000000000000036e                SPIM1_SPIS1_TWIM1_TWIS1_SPI1_TWI1_IRQHandler
                0x000000000000036e                SAADC_IRQHandler
                0x000000000000036e                CCM_AAR_IRQHandler
                0x000000000000036e                WDT_IRQHandler
                0x000000000000036e                RTC0_IRQHandler
                0x000000000000036e                SWI5_EGU5_IRQHandler
                0x000000000000036e                RNG_IRQHandler
                0x000000000000036e                PWM0_IRQHandler
                0x000000000000036e                SWI3_EGU3_IRQHandler
                0x000000000000036e                SWI1_EGU1_IRQHandler
                0x000000000000036e                SPIM2_SPIS2_SPI2_IRQHandler
                0x000000000000036e                NFCT_IRQHandler
                0x000000000000036e                TIMER0_IRQHandler
                0x000000000000036e                MWU_IRQHandler
                0x000000000000036e                COMP_LPCOMP_IRQHandler
                0x0000000000000370                nRFInitialize
 .init          0x0000000000000374       0x5c Output/Release/Obj/cli_libuarte_pca10040/ses_startup_nrf_common.o
                0x0000000000000374                Reset_Handler
                0x0000000000000378                afterInitialize
                0x000000000000039c                InitializeUserMemorySections
                0x00000000000003d0                __init_end__ = (__init_start__ + SIZEOF (.init))
                0x00000000000001d0                __init_size__ = SIZEOF (.init)
                0x00000000000003d0                __init_load_end__ = __init_end__
                0x0000000000000001                . = ASSERT (((__init_start__ == __init_end__) || ((__init_end__ - __FLASH1_segment_start__) <= __FLASH1_segment_size__)), error: .init is too large to fit in FLASH1 memory segment)
                0x00000000000003d0                __init_rodata_load_start__ = ALIGN (__init_end__, 0x4)

.init_rodata    0x00000000000003d0        0x0
                0x00000000000003d0                __init_rodata_start__ = .
 *(.init_rodata .init_rodata.*)
                0x00000000000003d0                __init_rodata_end__ = (__init_rodata_start__ + SIZEOF (.init_rodata))
                0x0000000000000000                __init_rodata_size__ = SIZEOF (.init_rodata)
                0x00000000000003d0                __init_rodata_load_end__ = __init_rodata_end__
                0x0000000000000001                . = ASSERT (((__init_rodata_start__ == __init_rodata_end__) || ((__init_rodata_end__ - __FLASH1_segment_start__) <= __FLASH1_segment_size__)), error: .init_rodata is too large to fit in FLASH1 memory segment)
                0x00000000000003d0                __text_load_start__ = ALIGN (__init_rodata_end__, 0x4)

.text           0x00000000000003d0     0x6ae0
                0x00000000000003d0                __text_start__ = .
 *(.text .text.* .glue_7t .glue_7 .gnu.linkonce.t.* .gcc_except_table .ARM.extab* .gnu.linkonce.armextab.*)
 .glue_7        0x00000000000003d0        0x0 linker stubs
 .glue_7t       0x00000000000003d0        0x0 linker stubs
 .text.nrf_log_backend_rtt_flush
                0x00000000000003d0        0x2 Output/Release/Obj/cli_libuarte_pca10040/nrf_log_backend_rtt.o
 *fill*         0x00000000000003d2        0x2 
 .text.nrf_log_backend_rtt_put
                0x00000000000003d4       0x1c Output/Release/Obj/cli_libuarte_pca10040/nrf_log_backend_rtt.o
 .text.serial_tx
                0x00000000000003f0       0x50 Output/Release/Obj/cli_libuarte_pca10040/nrf_log_backend_rtt.o
 .text.nrf_log_backend_rtt_panic_set
                0x0000000000000440        0x2 Output/Release/Obj/cli_libuarte_pca10040/nrf_log_backend_rtt.o
 .text.nrf_log_backend_serial_put
                0x0000000000000442       0xc2 Output/Release/Obj/cli_libuarte_pca10040/nrf_log_backend_serial.o
                0x0000000000000442                nrf_log_backend_serial_put
 .text.severity_lvl_get
                0x0000000000000504       0x24 Output/Release/Obj/cli_libuarte_pca10040/nrf_log_frontend.o
 .text.log_halt
                0x0000000000000528        0x8 Output/Release/Obj/cli_libuarte_pca10040/nrf_log_frontend.o
 .text.log_self_halt
                0x0000000000000530        0xa Output/Release/Obj/cli_libuarte_pca10040/nrf_log_frontend.o
 .text.log_go   0x000000000000053a        0x8 Output/Release/Obj/cli_libuarte_pca10040/nrf_log_frontend.o
 .text.log_self_go
                0x0000000000000542        0xa Output/Release/Obj/cli_libuarte_pca10040/nrf_log_frontend.o
 .text.backend_name_get
                0x000000000000054c       0x44 Output/Release/Obj/cli_libuarte_pca10040/nrf_log_frontend.o
 .text.log_cmd_backends_list
                0x0000000000000590       0x8c Output/Release/Obj/cli_libuarte_pca10040/nrf_log_frontend.o
 .text.nrf_cli_backend_cmd_execute
                0x000000000000061c       0x68 Output/Release/Obj/cli_libuarte_pca10040/nrf_log_frontend.o
 .text.log_backend_status
                0x0000000000000684        0xc Output/Release/Obj/cli_libuarte_pca10040/nrf_log_frontend.o
 .text.log_backend_halt
                0x0000000000000690        0xc Output/Release/Obj/cli_libuarte_pca10040/nrf_log_frontend.o
 .text.log_backend_go
                0x000000000000069c        0xc Output/Release/Obj/cli_libuarte_pca10040/nrf_log_frontend.o
 .text.log_backend_ctrl
                0x00000000000006a8        0xc Output/Release/Obj/cli_libuarte_pca10040/nrf_log_frontend.o
 .text.invalid_packets_omit
                0x00000000000006b4       0x3a Output/Release/Obj/cli_libuarte_pca10040/nrf_log_frontend.o
 *fill*         0x00000000000006ee        0x2 
 .text.buf_prealloc
                0x00000000000006f0      0x11c Output/Release/Obj/cli_libuarte_pca10040/nrf_log_frontend.o
 .text.log_cmd  0x000000000000080c       0x44 Output/Release/Obj/cli_libuarte_pca10040/nrf_log_frontend.o
 .text.log_config_load_cmd
                0x0000000000000850       0x20 Output/Release/Obj/cli_libuarte_pca10040/nrf_log_frontend.o
 .text.log_config_store_cmd
                0x0000000000000870        0x4 Output/Release/Obj/cli_libuarte_pca10040/nrf_log_frontend.o
 .text.module_idx_get
                0x0000000000000874       0x3c Output/Release/Obj/cli_libuarte_pca10040/nrf_log_frontend.o
 .text.nrf_log_init
                0x00000000000008b0       0xa0 Output/Release/Obj/cli_libuarte_pca10040/nrf_log_frontend.o
                0x00000000000008b0                nrf_log_init
 .text.nrf_log_module_name_get
                0x0000000000000950       0x24 Output/Release/Obj/cli_libuarte_pca10040/nrf_log_frontend.o
                0x0000000000000950                nrf_log_module_name_get
 .text.module_name_get
                0x0000000000000974       0x1c Output/Release/Obj/cli_libuarte_pca10040/nrf_log_frontend.o
 .text.nrf_log_color_id_get
                0x0000000000000990       0x2c Output/Release/Obj/cli_libuarte_pca10040/nrf_log_frontend.o
                0x0000000000000990                nrf_log_color_id_get
 .text.nrf_log_module_filter_set
                0x00000000000009bc       0x54 Output/Release/Obj/cli_libuarte_pca10040/nrf_log_frontend.o
                0x00000000000009bc                nrf_log_module_filter_set
 .text.nrf_log_module_filter_get
                0x0000000000000a10       0x50 Output/Release/Obj/cli_libuarte_pca10040/nrf_log_frontend.o
                0x0000000000000a10                nrf_log_module_filter_get
 .text.log_status
                0x0000000000000a60       0xd0 Output/Release/Obj/cli_libuarte_pca10040/nrf_log_frontend.o
 .text.log_self_status
                0x0000000000000b30        0xa Output/Release/Obj/cli_libuarte_pca10040/nrf_log_frontend.o
 *fill*         0x0000000000000b3a        0x2 
 .text.log_ctrl
                0x0000000000000b3c      0x198 Output/Release/Obj/cli_libuarte_pca10040/nrf_log_frontend.o
 .text.log_self_ctrl
                0x0000000000000cd4        0xa Output/Release/Obj/cli_libuarte_pca10040/nrf_log_frontend.o
 .text.log_pending_hook
                0x0000000000000cde        0x2 Output/Release/Obj/cli_libuarte_pca10040/nrf_log_frontend.o
                0x0000000000000cde                log_pending_hook
 .text.buffer_is_empty
                0x0000000000000ce0       0x14 Output/Release/Obj/cli_libuarte_pca10040/nrf_log_frontend.o
                0x0000000000000ce0                buffer_is_empty
 .text.nrf_log_frontend_dequeue
                0x0000000000000cf4      0x24c Output/Release/Obj/cli_libuarte_pca10040/nrf_log_frontend.o
                0x0000000000000cf4                nrf_log_frontend_dequeue
 .text.std_n    0x0000000000000f40       0x90 Output/Release/Obj/cli_libuarte_pca10040/nrf_log_frontend.o
 .text.nrf_log_frontend_std_0
                0x0000000000000fd0        0x8 Output/Release/Obj/cli_libuarte_pca10040/nrf_log_frontend.o
                0x0000000000000fd0                nrf_log_frontend_std_0
 .text.nrf_log_frontend_std_1
                0x0000000000000fd8       0x12 Output/Release/Obj/cli_libuarte_pca10040/nrf_log_frontend.o
                0x0000000000000fd8                nrf_log_frontend_std_1
 .text.nrf_log_frontend_std_3
                0x0000000000000fea       0x18 Output/Release/Obj/cli_libuarte_pca10040/nrf_log_frontend.o
                0x0000000000000fea                nrf_log_frontend_std_3
 .text.nrf_log_frontend_std_4
                0x0000000000001002       0x1c Output/Release/Obj/cli_libuarte_pca10040/nrf_log_frontend.o
                0x0000000000001002                nrf_log_frontend_std_4
 *fill*         0x000000000000101e        0x2 
 .text.nrf_log_backend_add
                0x0000000000001020       0x80 Output/Release/Obj/cli_libuarte_pca10040/nrf_log_frontend.o
                0x0000000000001020                nrf_log_backend_add
 .text.nrf_log_panic
                0x00000000000010a0       0x28 Output/Release/Obj/cli_libuarte_pca10040/nrf_log_frontend.o
                0x00000000000010a0                nrf_log_panic
 .text.prefix_process
                0x00000000000010c8       0x7c Output/Release/Obj/cli_libuarte_pca10040/nrf_log_str_formatter.o
 .text.postfix_process
                0x0000000000001144       0x44 Output/Release/Obj/cli_libuarte_pca10040/nrf_log_str_formatter.o
 .text.nrf_log_std_entry_process
                0x0000000000001188       0xc8 Output/Release/Obj/cli_libuarte_pca10040/nrf_log_str_formatter.o
                0x0000000000001188                nrf_log_std_entry_process
 .text.nrf_log_hexdump_entry_process
                0x0000000000001250       0xc0 Output/Release/Obj/cli_libuarte_pca10040/nrf_log_str_formatter.o
                0x0000000000001250                nrf_log_hexdump_entry_process
 .text.app_error_handler_bare
                0x0000000000001310       0x1a Output/Release/Obj/cli_libuarte_pca10040/app_error.o
                0x0000000000001310                app_error_handler_bare
 *fill*         0x000000000000132a        0x2 
 .text.app_error_fault_handler
                0x000000000000132c       0x88 Output/Release/Obj/cli_libuarte_pca10040/app_error_weak.o
                0x000000000000132c                app_error_fault_handler
 .text.compare_func
                0x00000000000013b4       0x18 Output/Release/Obj/cli_libuarte_pca10040/app_timer2.o
 .text.get_now  0x00000000000013cc       0x38 Output/Release/Obj/cli_libuarte_pca10040/app_timer2.o
 .text.timer_req_schedule
                0x0000000000001404       0x38 Output/Release/Obj/cli_libuarte_pca10040/app_timer2.o
 .text.timer_expire
                0x000000000000143c       0x98 Output/Release/Obj/cli_libuarte_pca10040/app_timer2.o
 .text.app_timer_init
                0x00000000000014d4       0x64 Output/Release/Obj/cli_libuarte_pca10040/app_timer2.o
                0x00000000000014d4                app_timer_init
 .text.app_timer_create
                0x0000000000001538       0x24 Output/Release/Obj/cli_libuarte_pca10040/app_timer2.o
                0x0000000000001538                app_timer_create
 .text.app_timer_start
                0x000000000000155c       0x52 Output/Release/Obj/cli_libuarte_pca10040/app_timer2.o
                0x000000000000155c                app_timer_start
 .text.app_timer_stop
                0x00000000000015ae       0x44 Output/Release/Obj/cli_libuarte_pca10040/app_timer2.o
                0x00000000000015ae                app_timer_stop
 .text.app_timer_cnt_diff_compute
                0x00000000000015f2        0x8 Output/Release/Obj/cli_libuarte_pca10040/app_timer2.o
                0x00000000000015f2                app_timer_cnt_diff_compute
 *fill*         0x00000000000015fa        0x2 
 .text.app_timer_cnt_get
                0x00000000000015fc        0xc Output/Release/Obj/cli_libuarte_pca10040/app_timer2.o
                0x00000000000015fc                app_timer_cnt_get
 .text.rtc_irq  0x0000000000001608      0x1b8 Output/Release/Obj/cli_libuarte_pca10040/app_timer2.o
 .text.app_util_disable_irq
                0x00000000000017c0       0x10 Output/Release/Obj/cli_libuarte_pca10040/app_util_platform.o
                0x00000000000017c0                app_util_disable_irq
 .text.app_util_enable_irq
                0x00000000000017d0       0x14 Output/Release/Obj/cli_libuarte_pca10040/app_util_platform.o
                0x00000000000017d0                app_util_enable_irq
 .text.app_util_critical_region_enter
                0x00000000000017e4        0x4 Output/Release/Obj/cli_libuarte_pca10040/app_util_platform.o
                0x00000000000017e4                app_util_critical_region_enter
 .text.app_util_critical_region_exit
                0x00000000000017e8        0x4 Output/Release/Obj/cli_libuarte_pca10040/app_util_platform.o
                0x00000000000017e8                app_util_critical_region_exit
 .text.evt_pending.isra.0
                0x00000000000017ec       0x1a Output/Release/Obj/cli_libuarte_pca10040/drv_rtc.o
 *fill*         0x0000000000001806        0x2 
 .text.drv_rtc_init
                0x0000000000001808       0xc0 Output/Release/Obj/cli_libuarte_pca10040/drv_rtc.o
                0x0000000000001808                drv_rtc_init
 .text.drv_rtc_start
                0x00000000000018c8        0x8 Output/Release/Obj/cli_libuarte_pca10040/drv_rtc.o
                0x00000000000018c8                drv_rtc_start
 .text.drv_rtc_stop
                0x00000000000018d0        0x8 Output/Release/Obj/cli_libuarte_pca10040/drv_rtc.o
                0x00000000000018d0                drv_rtc_stop
 .text.drv_rtc_compare_set
                0x00000000000018d8       0x3e Output/Release/Obj/cli_libuarte_pca10040/drv_rtc.o
                0x00000000000018d8                drv_rtc_compare_set
 *fill*         0x0000000000001916        0x2 
 .text.drv_rtc_windowed_compare_set
                0x0000000000001918       0xf0 Output/Release/Obj/cli_libuarte_pca10040/drv_rtc.o
                0x0000000000001918                drv_rtc_windowed_compare_set
 .text.drv_rtc_overflow_enable
                0x0000000000001a08       0x10 Output/Release/Obj/cli_libuarte_pca10040/drv_rtc.o
                0x0000000000001a08                drv_rtc_overflow_enable
 .text.drv_rtc_overflow_pending
                0x0000000000001a18        0xa Output/Release/Obj/cli_libuarte_pca10040/drv_rtc.o
                0x0000000000001a18                drv_rtc_overflow_pending
 .text.drv_rtc_compare_disable
                0x0000000000001a22       0x14 Output/Release/Obj/cli_libuarte_pca10040/drv_rtc.o
                0x0000000000001a22                drv_rtc_compare_disable
 .text.drv_rtc_compare_pending
                0x0000000000001a36        0xc Output/Release/Obj/cli_libuarte_pca10040/drv_rtc.o
                0x0000000000001a36                drv_rtc_compare_pending
 .text.drv_rtc_counter_get
                0x0000000000001a42        0x8 Output/Release/Obj/cli_libuarte_pca10040/drv_rtc.o
                0x0000000000001a42                drv_rtc_counter_get
 *fill*         0x0000000000001a4a        0x2 
 .text.drv_rtc_irq_trigger
                0x0000000000001a4c       0x24 Output/Release/Obj/cli_libuarte_pca10040/drv_rtc.o
                0x0000000000001a4c                drv_rtc_irq_trigger
 .text.RTC1_IRQHandler
                0x0000000000001a70       0x14 Output/Release/Obj/cli_libuarte_pca10040/drv_rtc.o
                0x0000000000001a70                RTC1_IRQHandler
 .text.HardFault_Handler
                0x0000000000001a84       0x34 Output/Release/Obj/cli_libuarte_pca10040/hardfault_handler_gcc.o
                0x0000000000001a84                HardFault_Handler
 .text.HardFault_process
                0x0000000000001ab8       0x24 Output/Release/Obj/cli_libuarte_pca10040/hardfault_implementation.o
                0x0000000000001ab8                HardFault_process
 .text.HardFault_c_handler
                0x0000000000001adc      0x124 Output/Release/Obj/cli_libuarte_pca10040/hardfault_implementation.o
                0x0000000000001adc                HardFault_c_handler
 .text.nrf_atfifo_init
                0x0000000000001c00       0x26 Output/Release/Obj/cli_libuarte_pca10040/nrf_atfifo.o
                0x0000000000001c00                nrf_atfifo_init
 .text.nrf_atfifo_item_alloc
                0x0000000000001c26       0x54 Output/Release/Obj/cli_libuarte_pca10040/nrf_atfifo.o
                0x0000000000001c26                nrf_atfifo_item_alloc
 .text.nrf_atfifo_item_put
                0x0000000000001c7a       0x20 Output/Release/Obj/cli_libuarte_pca10040/nrf_atfifo.o
                0x0000000000001c7a                nrf_atfifo_item_put
 .text.nrf_atfifo_item_get
                0x0000000000001c9a       0x56 Output/Release/Obj/cli_libuarte_pca10040/nrf_atfifo.o
                0x0000000000001c9a                nrf_atfifo_item_get
 .text.nrf_atfifo_item_free
                0x0000000000001cf0       0x20 Output/Release/Obj/cli_libuarte_pca10040/nrf_atfifo.o
                0x0000000000001cf0                nrf_atfifo_item_free
 .text.nrf_atomic_u32_fetch_store
                0x0000000000001d10       0x16 Output/Release/Obj/cli_libuarte_pca10040/nrf_atomic.o
                0x0000000000001d10                nrf_atomic_u32_fetch_store
 .text.nrf_atomic_u32_fetch_or
                0x0000000000001d26       0x18 Output/Release/Obj/cli_libuarte_pca10040/nrf_atomic.o
                0x0000000000001d26                nrf_atomic_u32_fetch_or
 .text.nrf_atomic_u32_or
                0x0000000000001d3e       0x18 Output/Release/Obj/cli_libuarte_pca10040/nrf_atomic.o
                0x0000000000001d3e                nrf_atomic_u32_or
 .text.nrf_atomic_u32_fetch_and
                0x0000000000001d56       0x18 Output/Release/Obj/cli_libuarte_pca10040/nrf_atomic.o
                0x0000000000001d56                nrf_atomic_u32_fetch_and
 .text.nrf_atomic_u32_and
                0x0000000000001d6e       0x18 Output/Release/Obj/cli_libuarte_pca10040/nrf_atomic.o
                0x0000000000001d6e                nrf_atomic_u32_and
 .text.nrf_atomic_u32_add
                0x0000000000001d86       0x18 Output/Release/Obj/cli_libuarte_pca10040/nrf_atomic.o
                0x0000000000001d86                nrf_atomic_u32_add
 .text.nrf_atomic_u32_sub
                0x0000000000001d9e       0x18 Output/Release/Obj/cli_libuarte_pca10040/nrf_atomic.o
                0x0000000000001d9e                nrf_atomic_u32_sub
 .text.nrf_atomic_flag_set_fetch
                0x0000000000001db6        0x6 Output/Release/Obj/cli_libuarte_pca10040/nrf_atomic.o
                0x0000000000001db6                nrf_atomic_flag_set_fetch
 .text.nrf_atomic_flag_set
                0x0000000000001dbc        0x6 Output/Release/Obj/cli_libuarte_pca10040/nrf_atomic.o
                0x0000000000001dbc                nrf_atomic_flag_set
 .text.nrf_atomic_flag_clear_fetch
                0x0000000000001dc2        0x6 Output/Release/Obj/cli_libuarte_pca10040/nrf_atomic.o
                0x0000000000001dc2                nrf_atomic_flag_clear_fetch
 .text.nrf_atomic_flag_clear
                0x0000000000001dc8        0x6 Output/Release/Obj/cli_libuarte_pca10040/nrf_atomic.o
                0x0000000000001dc8                nrf_atomic_flag_clear
 *fill*         0x0000000000001dce        0x2 
 .text.nrf_balloc_status
                0x0000000000001dd0       0xb4 Output/Release/Obj/cli_libuarte_pca10040/nrf_balloc.o
 .text.nrf_balloc_init
                0x0000000000001e84       0x2e Output/Release/Obj/cli_libuarte_pca10040/nrf_balloc.o
                0x0000000000001e84                nrf_balloc_init
 .text.nrf_balloc_alloc
                0x0000000000001eb2       0x40 Output/Release/Obj/cli_libuarte_pca10040/nrf_balloc.o
                0x0000000000001eb2                nrf_balloc_alloc
 .text.nrf_balloc_free
                0x0000000000001ef2       0x2a Output/Release/Obj/cli_libuarte_pca10040/nrf_balloc.o
                0x0000000000001ef2                nrf_balloc_free
 .text.cli_transport_evt_handler
                0x0000000000001f1c       0x12 Output/Release/Obj/cli_libuarte_pca10040/nrf_cli.o
 .text.nrf_log_backend_cli_panic_set
                0x0000000000001f2e       0x1e Output/Release/Obj/cli_libuarte_pca10040/nrf_cli.o
 .text.string_cmp
                0x0000000000001f4c        0x8 Output/Release/Obj/cli_libuarte_pca10040/nrf_cli.o
 .text.cmd_get  0x0000000000001f54       0x80 Output/Release/Obj/cli_libuarte_pca10040/nrf_cli.o
 .text.history_list_element_oldest_remove
                0x0000000000001fd4       0x6c Output/Release/Obj/cli_libuarte_pca10040/nrf_cli.o
 .text.cli_strlen
                0x0000000000002040        0x8 Output/Release/Obj/cli_libuarte_pca10040/nrf_cli.o
 .text.cursor_in_empty_line
                0x0000000000002048       0x20 Output/Release/Obj/cli_libuarte_pca10040/nrf_cli.o
 .text.multiline_console_data_check
                0x0000000000002068       0x42 Output/Release/Obj/cli_libuarte_pca10040/nrf_cli.o
 .text.full_line_cmd
                0x00000000000020aa       0x20 Output/Release/Obj/cli_libuarte_pca10040/nrf_cli.o
 *fill*         0x00000000000020ca        0x2 
 .text.vt100_color_set.part.0
                0x00000000000020cc       0x58 Output/Release/Obj/cli_libuarte_pca10040/nrf_cli.o
 .text.vt100_color_set
                0x0000000000002124       0x20 Output/Release/Obj/cli_libuarte_pca10040/nrf_cli.o
 .text.vt100_bgcolor_set.part.0
                0x0000000000002144       0x4c Output/Release/Obj/cli_libuarte_pca10040/nrf_cli.o
 .text.make_argv.constprop.0
                0x0000000000002190      0x166 Output/Release/Obj/cli_libuarte_pca10040/nrf_cli.o
 .text.cli_write.constprop.0
                0x00000000000022f6       0x4c Output/Release/Obj/cli_libuarte_pca10040/nrf_cli.o
 *fill*         0x0000000000002342        0x2 
 .text.cursor_right_move.part.0.isra.0
                0x0000000000002344        0xc Output/Release/Obj/cli_libuarte_pca10040/nrf_cli.o
 .text.cursor_right_move
                0x0000000000002350        0xa Output/Release/Obj/cli_libuarte_pca10040/nrf_cli.o
 *fill*         0x000000000000235a        0x2 
 .text.cursor_next_line_move.isra.0
                0x000000000000235c        0xc Output/Release/Obj/cli_libuarte_pca10040/nrf_cli.o
 .text.cli_cursor_restore.isra.0
                0x0000000000002368       0x10 Output/Release/Obj/cli_libuarte_pca10040/nrf_cli.o
 .text.cli_cursor_save.isra.0
                0x0000000000002378       0x10 Output/Release/Obj/cli_libuarte_pca10040/nrf_cli.o
 .text.cli_clear_eos.isra.0
                0x0000000000002388       0x10 Output/Release/Obj/cli_libuarte_pca10040/nrf_cli.o
 .text.cursor_up_move
                0x0000000000002398       0x14 Output/Release/Obj/cli_libuarte_pca10040/nrf_cli.o
 .text.cursor_left_move
                0x00000000000023ac       0x14 Output/Release/Obj/cli_libuarte_pca10040/nrf_cli.o
 .text.cursor_home_position_move
                0x00000000000023c0       0x52 Output/Release/Obj/cli_libuarte_pca10040/nrf_cli.o
 .text.cursor_position_synchronize
                0x0000000000002412       0x5e Output/Release/Obj/cli_libuarte_pca10040/nrf_cli.o
 .text.format_offset_string_print.part.0
                0x0000000000002470       0xe4 Output/Release/Obj/cli_libuarte_pca10040/nrf_cli.o
 .text.cursor_position_get
                0x0000000000002554      0x124 Output/Release/Obj/cli_libuarte_pca10040/nrf_cli.o
 .text.cursor_end_position_move
                0x0000000000002678       0x54 Output/Release/Obj/cli_libuarte_pca10040/nrf_cli.o
 .text.nrf_cli_init
                0x00000000000026cc       0xd0 Output/Release/Obj/cli_libuarte_pca10040/nrf_cli.o
                0x00000000000026cc                nrf_cli_init
 .text.nrf_cli_print_stream
                0x000000000000279c        0x4 Output/Release/Obj/cli_libuarte_pca10040/nrf_cli.o
                0x000000000000279c                nrf_cli_print_stream
 .text.nrf_cli_fprintf
                0x00000000000027a0       0x58 Output/Release/Obj/cli_libuarte_pca10040/nrf_cli.o
                0x00000000000027a0                nrf_cli_fprintf
 .text.cli_state_set.part.0
                0x00000000000027f8       0x1c Output/Release/Obj/cli_libuarte_pca10040/nrf_cli.o
 .text.nrf_cli_start
                0x0000000000002814       0x4c Output/Release/Obj/cli_libuarte_pca10040/nrf_cli.o
                0x0000000000002814                nrf_cli_start
 .text.completion_insert
                0x0000000000002860       0x8c Output/Release/Obj/cli_libuarte_pca10040/nrf_cli.o
 .text.char_insert
                0x00000000000028ec      0x148 Output/Release/Obj/cli_libuarte_pca10040/nrf_cli.o
 .text.history_handle
                0x0000000000002a34      0x130 Output/Release/Obj/cli_libuarte_pca10040/nrf_cli.o
 .text.char_delete
                0x0000000000002b64       0x94 Output/Release/Obj/cli_libuarte_pca10040/nrf_cli.o
 .text.cli_log_entry_process
                0x0000000000002bf8      0x13c Output/Release/Obj/cli_libuarte_pca10040/nrf_cli.o
 .text.nrf_log_backend_cli_flush
                0x0000000000002d34        0xa Output/Release/Obj/cli_libuarte_pca10040/nrf_cli.o
 .text.nrf_log_backend_cli_put
                0x0000000000002d3e       0x40 Output/Release/Obj/cli_libuarte_pca10040/nrf_cli.o
 *fill*         0x0000000000002d7e        0x2 
 .text.nrf_cli_process
                0x0000000000002d80      0xab4 Output/Release/Obj/cli_libuarte_pca10040/nrf_cli.o
                0x0000000000002d80                nrf_cli_process
 .text.nrf_cli_help_print
                0x0000000000003834      0x1e4 Output/Release/Obj/cli_libuarte_pca10040/nrf_cli.o
                0x0000000000003834                nrf_cli_help_print
 .text.nrf_cli_cmd_cli_stats.part.0
                0x0000000000003a18        0x8 Output/Release/Obj/cli_libuarte_pca10040/nrf_cli.o
 .text.nrf_cli_cmd_clear
                0x0000000000003a20       0x40 Output/Release/Obj/cli_libuarte_pca10040/nrf_cli.o
 .text.nrf_cli_cmd_cli
                0x0000000000003a60       0x24 Output/Release/Obj/cli_libuarte_pca10040/nrf_cli.o
 .text.nrf_cli_build_in_cmd_common_executed.constprop.0
                0x0000000000003a84       0x34 Output/Release/Obj/cli_libuarte_pca10040/nrf_cli.o
 .text.nrf_cli_cmd_colors
                0x0000000000003ab8       0x40 Output/Release/Obj/cli_libuarte_pca10040/nrf_cli.o
 .text.nrf_cli_cmd_cli_stats
                0x0000000000003af8       0x44 Output/Release/Obj/cli_libuarte_pca10040/nrf_cli.o
                0x0000000000003af8                nrf_cli_cmd_cli_stats
 .text.nrf_cli_cmd_resize_default
                0x0000000000003b3c       0x30 Output/Release/Obj/cli_libuarte_pca10040/nrf_cli.o
 .text.nrf_cli_cmd_resize
                0x0000000000003b6c       0xa8 Output/Release/Obj/cli_libuarte_pca10040/nrf_cli.o
 .text.nrf_cli_cmd_history
                0x0000000000003c14       0x74 Output/Release/Obj/cli_libuarte_pca10040/nrf_cli.o
 .text.nrf_cli_cmd_colors_off
                0x0000000000003c88       0x20 Output/Release/Obj/cli_libuarte_pca10040/nrf_cli.o
 .text.nrf_cli_cmd_colors_on
                0x0000000000003ca8       0x20 Output/Release/Obj/cli_libuarte_pca10040/nrf_cli.o
 .text.nrf_cli_cmd_echo_off
                0x0000000000003cc8       0x20 Output/Release/Obj/cli_libuarte_pca10040/nrf_cli.o
 .text.nrf_cli_cmd_echo_on
                0x0000000000003ce8       0x20 Output/Release/Obj/cli_libuarte_pca10040/nrf_cli.o
 .text.nrf_cli_cmd_echo
                0x0000000000003d08       0x68 Output/Release/Obj/cli_libuarte_pca10040/nrf_cli.o
 .text.nrf_cli_cmd_cli_stats_reset
                0x0000000000003d70       0x26 Output/Release/Obj/cli_libuarte_pca10040/nrf_cli.o
                0x0000000000003d70                nrf_cli_cmd_cli_stats_reset
 *fill*         0x0000000000003d96        0x2 
 .text.nrf_cli_cmd_cli_stats_show
                0x0000000000003d98       0x4c Output/Release/Obj/cli_libuarte_pca10040/nrf_cli.o
                0x0000000000003d98                nrf_cli_cmd_cli_stats_show
 .text.cli_libuarte_read
                0x0000000000003de4        0xa Output/Release/Obj/cli_libuarte_pca10040/nrf_cli_libuarte.o
 *fill*         0x0000000000003dee        0x2 
 .text.libuarte_rtc_handler
                0x0000000000003df0       0x28 Output/Release/Obj/cli_libuarte_pca10040/nrf_cli_libuarte.o
 .text.cli_libuarte_enable
                0x0000000000003e18       0x18 Output/Release/Obj/cli_libuarte_pca10040/nrf_cli_libuarte.o
 .text.cli_libuarte_uninit
                0x0000000000003e30       0x10 Output/Release/Obj/cli_libuarte_pca10040/nrf_cli_libuarte.o
 .text.cli_libuarte_init
                0x0000000000003e40       0x74 Output/Release/Obj/cli_libuarte_pca10040/nrf_cli_libuarte.o
 .text.uart_event_handler
                0x0000000000003eb4       0x80 Output/Release/Obj/cli_libuarte_pca10040/nrf_cli_libuarte.o
 .text.cli_libuarte_write
                0x0000000000003f34       0x60 Output/Release/Obj/cli_libuarte_pca10040/nrf_cli_libuarte.o
 .text.cli_rtt_read
                0x0000000000003f94       0x10 Output/Release/Obj/cli_libuarte_pca10040/nrf_cli_rtt.o
 .text.cli_rtt_uninit
                0x0000000000003fa4        0x8 Output/Release/Obj/cli_libuarte_pca10040/nrf_cli_rtt.o
 .text.cli_rtt_init
                0x0000000000003fac       0x20 Output/Release/Obj/cli_libuarte_pca10040/nrf_cli_rtt.o
 .text.timer_handler
                0x0000000000003fcc       0x32 Output/Release/Obj/cli_libuarte_pca10040/nrf_cli_rtt.o
 *fill*         0x0000000000003ffe        0x2 
 .text.cli_rtt_enable
                0x0000000000004000       0x60 Output/Release/Obj/cli_libuarte_pca10040/nrf_cli_rtt.o
 .text.cli_rtt_write
                0x0000000000004060       0x80 Output/Release/Obj/cli_libuarte_pca10040/nrf_cli_rtt.o
 .text.nrf_fprintf_buffer_flush
                0x00000000000040e0       0x16 Output/Release/Obj/cli_libuarte_pca10040/nrf_fprintf.o
                0x00000000000040e0                nrf_fprintf_buffer_flush
 .text.nrf_fprintf
                0x00000000000040f6       0x1c Output/Release/Obj/cli_libuarte_pca10040/nrf_fprintf.o
                0x00000000000040f6                nrf_fprintf
 .text.buffer_add
                0x0000000000004112       0x2e Output/Release/Obj/cli_libuarte_pca10040/nrf_fprintf_format.o
 .text.unsigned_print
                0x0000000000004140       0xb4 Output/Release/Obj/cli_libuarte_pca10040/nrf_fprintf_format.o
 .text.nrf_fprintf_fmt
                0x00000000000041f4      0x294 Output/Release/Obj/cli_libuarte_pca10040/nrf_fprintf_format.o
                0x00000000000041f4                nrf_fprintf_fmt
 .text.rx_buffer_schedule
                0x0000000000004488       0x36 Output/Release/Obj/cli_libuarte_pca10040/nrf_libuarte_async.o
 .text.uart_evt_handler
                0x00000000000044be       0xc8 Output/Release/Obj/cli_libuarte_pca10040/nrf_libuarte_async.o
 *fill*         0x0000000000004586        0x2 
 .text.nrf_libuarte_async_timeout_handler
                0x0000000000004588       0x84 Output/Release/Obj/cli_libuarte_pca10040/nrf_libuarte_async.o
                0x0000000000004588                nrf_libuarte_async_timeout_handler
 .text.app_timer_handler
                0x000000000000460c       0x8c Output/Release/Obj/cli_libuarte_pca10040/nrf_libuarte_async.o
 .text.tmr_evt_handler
                0x0000000000004698        0x6 Output/Release/Obj/cli_libuarte_pca10040/nrf_libuarte_async.o
 *fill*         0x000000000000469e        0x2 
 .text.nrf_libuarte_async_init
                0x00000000000046a0      0x1f4 Output/Release/Obj/cli_libuarte_pca10040/nrf_libuarte_async.o
                0x00000000000046a0                nrf_libuarte_async_init
 .text.nrf_libuarte_async_uninit
                0x0000000000004894       0x6c Output/Release/Obj/cli_libuarte_pca10040/nrf_libuarte_async.o
                0x0000000000004894                nrf_libuarte_async_uninit
 .text.nrf_libuarte_async_enable
                0x0000000000004900       0x9c Output/Release/Obj/cli_libuarte_pca10040/nrf_libuarte_async.o
                0x0000000000004900                nrf_libuarte_async_enable
 .text.nrf_libuarte_async_tx
                0x000000000000499c        0x6 Output/Release/Obj/cli_libuarte_pca10040/nrf_libuarte_async.o
                0x000000000000499c                nrf_libuarte_async_tx
 .text.nrf_libuarte_async_rx_free
                0x00000000000049a2       0x54 Output/Release/Obj/cli_libuarte_pca10040/nrf_libuarte_async.o
                0x00000000000049a2                nrf_libuarte_async_rx_free
 .text.nrf_uarte_event_clear
                0x00000000000049f6       0x10 Output/Release/Obj/cli_libuarte_pca10040/nrf_libuarte_drv.o
 .text.tmr_evt_handler
                0x0000000000004a06        0x2 Output/Release/Obj/cli_libuarte_pca10040/nrf_libuarte_drv.o
                0x0000000000004a06                tmr_evt_handler
 .text.ppi_free
                0x0000000000004a08       0x44 Output/Release/Obj/cli_libuarte_pca10040/nrf_libuarte_drv.o
 .text.ppi_channel_configure
                0x0000000000004a4c       0x36 Output/Release/Obj/cli_libuarte_pca10040/nrf_libuarte_drv.o
 .text.rx_ppi_disable
                0x0000000000004a82       0x1a Output/Release/Obj/cli_libuarte_pca10040/nrf_libuarte_drv.o
 .text.nrf_libuarte_drv_init
                0x0000000000004a9c      0x288 Output/Release/Obj/cli_libuarte_pca10040/nrf_libuarte_drv.o
                0x0000000000004a9c                nrf_libuarte_drv_init
 .text.nrf_libuarte_drv_uninit
                0x0000000000004d24       0xf0 Output/Release/Obj/cli_libuarte_pca10040/nrf_libuarte_drv.o
                0x0000000000004d24                nrf_libuarte_drv_uninit
 .text.nrf_libuarte_drv_tx
                0x0000000000004e14       0x8c Output/Release/Obj/cli_libuarte_pca10040/nrf_libuarte_drv.o
                0x0000000000004e14                nrf_libuarte_drv_tx
 .text.nrf_libuarte_drv_rx_start
                0x0000000000004ea0       0x6a Output/Release/Obj/cli_libuarte_pca10040/nrf_libuarte_drv.o
                0x0000000000004ea0                nrf_libuarte_drv_rx_start
 .text.nrf_libuarte_drv_rx_buf_rsp
                0x0000000000004f0a       0x1a Output/Release/Obj/cli_libuarte_pca10040/nrf_libuarte_drv.o
                0x0000000000004f0a                nrf_libuarte_drv_rx_buf_rsp
 .text.UARTE0_UART0_IRQHandler
                0x0000000000004f24      0x1a8 Output/Release/Obj/cli_libuarte_pca10040/nrf_libuarte_drv.o
                0x0000000000004f24                UARTE0_UART0_IRQHandler
 .text.memobj_op
                0x00000000000050cc       0x86 Output/Release/Obj/cli_libuarte_pca10040/nrf_memobj.o
 .text.nrf_memobj_pool_init
                0x0000000000005152        0x4 Output/Release/Obj/cli_libuarte_pca10040/nrf_memobj.o
                0x0000000000005152                nrf_memobj_pool_init
 .text.nrf_memobj_free
                0x0000000000005156       0x2c Output/Release/Obj/cli_libuarte_pca10040/nrf_memobj.o
                0x0000000000005156                nrf_memobj_free
 .text.nrf_memobj_alloc
                0x0000000000005182       0x5e Output/Release/Obj/cli_libuarte_pca10040/nrf_memobj.o
                0x0000000000005182                nrf_memobj_alloc
 .text.nrf_memobj_get
                0x00000000000051e0        0x8 Output/Release/Obj/cli_libuarte_pca10040/nrf_memobj.o
                0x00000000000051e0                nrf_memobj_get
 .text.nrf_memobj_put
                0x00000000000051e8       0x1c Output/Release/Obj/cli_libuarte_pca10040/nrf_memobj.o
                0x00000000000051e8                nrf_memobj_put
 .text.nrf_memobj_write
                0x0000000000005204       0x14 Output/Release/Obj/cli_libuarte_pca10040/nrf_memobj.o
                0x0000000000005204                nrf_memobj_write
 .text.nrf_memobj_read
                0x0000000000005218       0x14 Output/Release/Obj/cli_libuarte_pca10040/nrf_memobj.o
                0x0000000000005218                nrf_memobj_read
 .text.nrf_pwr_mgmt_feed
                0x000000000000522c        0x2 Output/Release/Obj/cli_libuarte_pca10040/nrf_pwr_mgmt.o
                0x000000000000522c                nrf_pwr_mgmt_feed
 .text.queue_utilization_get
                0x000000000000522e       0x18 Output/Release/Obj/cli_libuarte_pca10040/nrf_queue.o
 .text.nrf_queue_is_full
                0x0000000000005246       0x18 Output/Release/Obj/cli_libuarte_pca10040/nrf_queue.o
                0x0000000000005246                nrf_queue_is_full
 .text.nrf_queue_push
                0x000000000000525e       0x9e Output/Release/Obj/cli_libuarte_pca10040/nrf_queue.o
                0x000000000000525e                nrf_queue_push
 .text.nrf_queue_reset
                0x00000000000052fc       0x1c Output/Release/Obj/cli_libuarte_pca10040/nrf_queue.o
                0x00000000000052fc                nrf_queue_reset
 .text.nrf_queue_utilization_get
                0x0000000000005318       0x1c Output/Release/Obj/cli_libuarte_pca10040/nrf_queue.o
                0x0000000000005318                nrf_queue_utilization_get
 .text.nrf_queue_status
                0x0000000000005334       0xc4 Output/Release/Obj/cli_libuarte_pca10040/nrf_queue.o
 .text.nrf_queue_is_empty
                0x00000000000053f8        0xe Output/Release/Obj/cli_libuarte_pca10040/nrf_queue.o
                0x00000000000053f8                nrf_queue_is_empty
 .text.nrf_queue_generic_pop
                0x0000000000005406       0x7e Output/Release/Obj/cli_libuarte_pca10040/nrf_queue.o
                0x0000000000005406                nrf_queue_generic_pop
 .text.nrf_queue_max_utilization_get
                0x0000000000005484        0x6 Output/Release/Obj/cli_libuarte_pca10040/nrf_queue.o
                0x0000000000005484                nrf_queue_max_utilization_get
 .text.nrf_queue_max_utilization_reset
                0x000000000000548a        0x8 Output/Release/Obj/cli_libuarte_pca10040/nrf_queue.o
                0x000000000000548a                nrf_queue_max_utilization_reset
 .text.nrf_ringbuf_init
                0x0000000000005492       0x12 Output/Release/Obj/cli_libuarte_pca10040/nrf_ringbuf.o
                0x0000000000005492                nrf_ringbuf_init
 .text.nrf_ringbuf_cpy_put
                0x00000000000054a4       0x7e Output/Release/Obj/cli_libuarte_pca10040/nrf_ringbuf.o
                0x00000000000054a4                nrf_ringbuf_cpy_put
 .text.nrf_ringbuf_get
                0x0000000000005522       0x6e Output/Release/Obj/cli_libuarte_pca10040/nrf_ringbuf.o
                0x0000000000005522                nrf_ringbuf_get
 .text.nrf_ringbuf_cpy_get
                0x0000000000005590       0x80 Output/Release/Obj/cli_libuarte_pca10040/nrf_ringbuf.o
                0x0000000000005590                nrf_ringbuf_cpy_get
 .text.nrf_ringbuf_free
                0x0000000000005610       0x22 Output/Release/Obj/cli_libuarte_pca10040/nrf_ringbuf.o
                0x0000000000005610                nrf_ringbuf_free
 .text.nrf_sortlist_add
                0x0000000000005632       0x20 Output/Release/Obj/cli_libuarte_pca10040/nrf_sortlist.o
                0x0000000000005632                nrf_sortlist_add
 .text.nrf_sortlist_pop
                0x0000000000005652        0xc Output/Release/Obj/cli_libuarte_pca10040/nrf_sortlist.o
                0x0000000000005652                nrf_sortlist_pop
 .text.nrf_sortlist_peek
                0x000000000000565e        0x6 Output/Release/Obj/cli_libuarte_pca10040/nrf_sortlist.o
                0x000000000000565e                nrf_sortlist_peek
 .text.nrf_sortlist_remove
                0x0000000000005664       0x1a Output/Release/Obj/cli_libuarte_pca10040/nrf_sortlist.o
                0x0000000000005664                nrf_sortlist_remove
 *fill*         0x000000000000567e        0x2 
 .text.clock_clk_started_notify
                0x0000000000005680       0x24 Output/Release/Obj/cli_libuarte_pca10040/nrf_drv_clock.o
 .text.clock_irq_handler
                0x00000000000056a4       0x1c Output/Release/Obj/cli_libuarte_pca10040/nrf_drv_clock.o
 .text.nrf_drv_clock_init
                0x00000000000056c0       0x40 Output/Release/Obj/cli_libuarte_pca10040/nrf_drv_clock.o
                0x00000000000056c0                nrf_drv_clock_init
 .text.nrf_drv_clock_lfclk_request
                0x0000000000005700       0x54 Output/Release/Obj/cli_libuarte_pca10040/nrf_drv_clock.o
                0x0000000000005700                nrf_drv_clock_lfclk_request
 .text.nrf_clock_event_clear
                0x0000000000005754       0x14 Output/Release/Obj/cli_libuarte_pca10040/nrfx_clock.o
 .text.nrfx_clock_init
                0x0000000000005768       0x18 Output/Release/Obj/cli_libuarte_pca10040/nrfx_clock.o
                0x0000000000005768                nrfx_clock_init
 .text.nrfx_clock_enable
                0x0000000000005780       0x24 Output/Release/Obj/cli_libuarte_pca10040/nrfx_clock.o
                0x0000000000005780                nrfx_clock_enable
 .text.nrfx_clock_lfclk_start
                0x00000000000057a4       0x50 Output/Release/Obj/cli_libuarte_pca10040/nrfx_clock.o
                0x00000000000057a4                nrfx_clock_lfclk_start
 .text.POWER_CLOCK_IRQHandler
                0x00000000000057f4       0x50 Output/Release/Obj/cli_libuarte_pca10040/nrfx_clock.o
                0x00000000000057f4                POWER_CLOCK_IRQHandler
 .text.nrf_gpiote_event_clear
                0x0000000000005844       0x18 Output/Release/Obj/cli_libuarte_pca10040/nrfx_gpiote.o
 .text.nrf_gpio_cfg_sense_set
                0x000000000000585c       0x20 Output/Release/Obj/cli_libuarte_pca10040/nrfx_gpiote.o
 .text.GPIOTE_IRQHandler
                0x000000000000587c      0x14c Output/Release/Obj/cli_libuarte_pca10040/nrfx_gpiote.o
                0x000000000000587c                GPIOTE_IRQHandler
 .text.nrfx_ppi_channel_alloc
                0x00000000000059c8       0x5c Output/Release/Obj/cli_libuarte_pca10040/nrfx_ppi.o
                0x00000000000059c8                nrfx_ppi_channel_alloc
 .text.nrfx_ppi_channel_free
                0x0000000000005a24       0x3c Output/Release/Obj/cli_libuarte_pca10040/nrfx_ppi.o
                0x0000000000005a24                nrfx_ppi_channel_free
 .text.nrfx_ppi_channel_assign
                0x0000000000005a60       0x40 Output/Release/Obj/cli_libuarte_pca10040/nrfx_ppi.o
                0x0000000000005a60                nrfx_ppi_channel_assign
 .text.nrfx_ppi_channel_fork_assign
                0x0000000000005aa0       0x28 Output/Release/Obj/cli_libuarte_pca10040/nrfx_ppi.o
                0x0000000000005aa0                nrfx_ppi_channel_fork_assign
 .text.nrfx_ppi_channel_enable
                0x0000000000005ac8       0x2c Output/Release/Obj/cli_libuarte_pca10040/nrfx_ppi.o
                0x0000000000005ac8                nrfx_ppi_channel_enable
 .text.nrfx_ppi_channel_disable
                0x0000000000005af4       0x2c Output/Release/Obj/cli_libuarte_pca10040/nrfx_ppi.o
                0x0000000000005af4                nrfx_ppi_channel_disable
 .text.nrfx_ppi_group_alloc
                0x0000000000005b20       0x58 Output/Release/Obj/cli_libuarte_pca10040/nrfx_ppi.o
                0x0000000000005b20                nrfx_ppi_group_alloc
 .text.nrfx_ppi_group_free
                0x0000000000005b78       0x48 Output/Release/Obj/cli_libuarte_pca10040/nrfx_ppi.o
                0x0000000000005b78                nrfx_ppi_group_free
 .text.nrfx_ppi_group_enable
                0x0000000000005bc0       0x2c Output/Release/Obj/cli_libuarte_pca10040/nrfx_ppi.o
                0x0000000000005bc0                nrfx_ppi_group_enable
 .text.nrfx_ppi_channels_include_in_group
                0x0000000000005bec       0x48 Output/Release/Obj/cli_libuarte_pca10040/nrfx_ppi.o
                0x0000000000005bec                nrfx_ppi_channels_include_in_group
 .text.nrf_rtc_event_clear
                0x0000000000005c34       0x10 Output/Release/Obj/cli_libuarte_pca10040/nrfx_rtc.o
 .text.nrfx_rtc_init
                0x0000000000005c44       0x7c Output/Release/Obj/cli_libuarte_pca10040/nrfx_rtc.o
                0x0000000000005c44                nrfx_rtc_init
 .text.nrfx_rtc_uninit
                0x0000000000005cc0       0x50 Output/Release/Obj/cli_libuarte_pca10040/nrfx_rtc.o
                0x0000000000005cc0                nrfx_rtc_uninit
 .text.nrfx_rtc_disable
                0x0000000000005d10       0x18 Output/Release/Obj/cli_libuarte_pca10040/nrfx_rtc.o
                0x0000000000005d10                nrfx_rtc_disable
 .text.nrfx_rtc_cc_set
                0x0000000000005d28       0x84 Output/Release/Obj/cli_libuarte_pca10040/nrfx_rtc.o
                0x0000000000005d28                nrfx_rtc_cc_set
 .text.RTC2_IRQHandler
                0x0000000000005dac       0x9c Output/Release/Obj/cli_libuarte_pca10040/nrfx_rtc.o
                0x0000000000005dac                RTC2_IRQHandler
 .text.irq_handler
                0x0000000000005e48       0x4e Output/Release/Obj/cli_libuarte_pca10040/nrfx_timer.o
 *fill*         0x0000000000005e96        0x2 
 .text.nrfx_timer_init
                0x0000000000005e98       0xd0 Output/Release/Obj/cli_libuarte_pca10040/nrfx_timer.o
                0x0000000000005e98                nrfx_timer_init
 .text.nrfx_timer_enable
                0x0000000000005f68       0x1c Output/Release/Obj/cli_libuarte_pca10040/nrfx_timer.o
                0x0000000000005f68                nrfx_timer_enable
 .text.nrfx_timer_disable
                0x0000000000005f84       0x18 Output/Release/Obj/cli_libuarte_pca10040/nrfx_timer.o
                0x0000000000005f84                nrfx_timer_disable
 .text.nrfx_timer_uninit
                0x0000000000005f9c       0x5c Output/Release/Obj/cli_libuarte_pca10040/nrfx_timer.o
                0x0000000000005f9c                nrfx_timer_uninit
 .text.nrfx_timer_clear
                0x0000000000005ff8        0x8 Output/Release/Obj/cli_libuarte_pca10040/nrfx_timer.o
                0x0000000000005ff8                nrfx_timer_clear
 .text.nrfx_timer_compare
                0x0000000000006000       0x32 Output/Release/Obj/cli_libuarte_pca10040/nrfx_timer.o
                0x0000000000006000                nrfx_timer_compare
 *fill*         0x0000000000006032        0x2 
 .text.TIMER2_IRQHandler
                0x0000000000006034       0x14 Output/Release/Obj/cli_libuarte_pca10040/nrfx_timer.o
                0x0000000000006034                TIMER2_IRQHandler
 .text.TIMER3_IRQHandler
                0x0000000000006048       0x14 Output/Release/Obj/cli_libuarte_pca10040/nrfx_timer.o
                0x0000000000006048                TIMER3_IRQHandler
 .text.TIMER4_IRQHandler
                0x000000000000605c       0x14 Output/Release/Obj/cli_libuarte_pca10040/nrfx_timer.o
                0x000000000000605c                TIMER4_IRQHandler
 .text.cmd_print_param
                0x0000000000006070       0x34 Output/Release/Obj/cli_libuarte_pca10040/main.o
 .text.cmd_print_all
                0x00000000000060a4       0x38 Output/Release/Obj/cli_libuarte_pca10040/main.o
 .text.timer_handle
                0x00000000000060dc       0x44 Output/Release/Obj/cli_libuarte_pca10040/main.o
 .text.cmd_nordic
                0x0000000000006120       0x38 Output/Release/Obj/cli_libuarte_pca10040/main.o
 .text.cmd_print
                0x0000000000006158       0x4c Output/Release/Obj/cli_libuarte_pca10040/main.o
 .text.cmd_counter
                0x00000000000061a4       0x8c Output/Release/Obj/cli_libuarte_pca10040/main.o
 .text.cmd_counter_stop
                0x0000000000006230       0x20 Output/Release/Obj/cli_libuarte_pca10040/main.o
 .text.cmd_counter_start
                0x0000000000006250       0x1c Output/Release/Obj/cli_libuarte_pca10040/main.o
 .text.cmd_counter_reset
                0x000000000000626c       0x20 Output/Release/Obj/cli_libuarte_pca10040/main.o
 .text.startup.main
                0x000000000000628c      0x114 Output/Release/Obj/cli_libuarte_pca10040/main.o
                0x000000000000628c                main
 .text._GetAvailWriteSpace
                0x00000000000063a0       0x12 Output/Release/Obj/cli_libuarte_pca10040/SEGGER_RTT.o
 .text._WriteNoCheck
                0x00000000000063b2       0x38 Output/Release/Obj/cli_libuarte_pca10040/SEGGER_RTT.o
 .text._WriteBlocking
                0x00000000000063ea       0x52 Output/Release/Obj/cli_libuarte_pca10040/SEGGER_RTT.o
 .text._DoInit  0x000000000000643c       0x60 Output/Release/Obj/cli_libuarte_pca10040/SEGGER_RTT.o
 .text.SEGGER_RTT_ReadNoLock
                0x000000000000649c       0x88 Output/Release/Obj/cli_libuarte_pca10040/SEGGER_RTT.o
                0x000000000000649c                SEGGER_RTT_ReadNoLock
 .text.SEGGER_RTT_Read
                0x0000000000006524       0x26 Output/Release/Obj/cli_libuarte_pca10040/SEGGER_RTT.o
                0x0000000000006524                SEGGER_RTT_Read
 *fill*         0x000000000000654a        0x2 
 .text.SEGGER_RTT_WriteNoLock
                0x000000000000654c       0x60 Output/Release/Obj/cli_libuarte_pca10040/SEGGER_RTT.o
                0x000000000000654c                SEGGER_RTT_WriteNoLock
 .text.SEGGER_RTT_Write
                0x00000000000065ac       0x34 Output/Release/Obj/cli_libuarte_pca10040/SEGGER_RTT.o
                0x00000000000065ac                SEGGER_RTT_Write
 .text.SEGGER_RTT_HasData
                0x00000000000065e0       0x14 Output/Release/Obj/cli_libuarte_pca10040/SEGGER_RTT.o
                0x00000000000065e0                SEGGER_RTT_HasData
 .text.SEGGER_RTT_Init
                0x00000000000065f4        0x4 Output/Release/Obj/cli_libuarte_pca10040/SEGGER_RTT.o
                0x00000000000065f4                SEGGER_RTT_Init
 .text.nrf52_errata_12
                0x00000000000065f8       0x1c Output/Release/Obj/cli_libuarte_pca10040/system_nrf52.o
 .text.nrf52_errata_16
                0x0000000000006614       0x28 Output/Release/Obj/cli_libuarte_pca10040/system_nrf52.o
 .text.nvmc_wait
                0x000000000000663c       0x10 Output/Release/Obj/cli_libuarte_pca10040/system_nrf52.o
                0x000000000000663c                nvmc_wait
 .text.SystemInit
                0x000000000000664c      0x298 Output/Release/Obj/cli_libuarte_pca10040/system_nrf52.o
                0x000000000000664c                SystemInit
 .text.libc.__int64_udivmod
                0x00000000000068e4       0xce C:/Program Files/SEGGER/SEGGER Embedded Studio for ARM 5.68/lib/libc_v7em_fpv4_sp_d16_hard_t_le_eabi.a(libc_asm.o)
                0x00000000000068e4                __aeabi_uldivmod
                0x00000000000068e4                __int64_udiv
                0x00000000000068e4                __udivdi3
                0x00000000000068e4                __int64_udivmod
 *fill*         0x00000000000069b2        0x2 
 .text.libc.__RAL_ascii_isctype
                0x00000000000069b4       0x1c C:/Program Files/SEGGER/SEGGER Embedded Studio for ARM 5.68/lib/libc_v7em_fpv4_sp_d16_hard_t_le_eabi.a(libc2.o)
 .text.libc.__RAL_ascii_toupper
                0x00000000000069d0        0xc C:/Program Files/SEGGER/SEGGER Embedded Studio for ARM 5.68/lib/libc_v7em_fpv4_sp_d16_hard_t_le_eabi.a(libc2.o)
 .text.libc.__RAL_ascii_tolower
                0x00000000000069dc        0xc C:/Program Files/SEGGER/SEGGER Embedded Studio for ARM 5.68/lib/libc_v7em_fpv4_sp_d16_hard_t_le_eabi.a(libc2.o)
 .text.libc.__RAL_ascii_wctomb
                0x00000000000069e8       0x10 C:/Program Files/SEGGER/SEGGER Embedded Studio for ARM 5.68/lib/libc_v7em_fpv4_sp_d16_hard_t_le_eabi.a(libc2.o)
                0x00000000000069e8                __RAL_ascii_wctomb
 .text.libc.__RAL_ascii_mbtowc
                0x00000000000069f8       0x24 C:/Program Files/SEGGER/SEGGER Embedded Studio for ARM 5.68/lib/libc_v7em_fpv4_sp_d16_hard_t_le_eabi.a(libc2.o)
                0x00000000000069f8                __RAL_ascii_mbtowc
 .text.libc.__RAL_ascii_towupper
                0x0000000000006a1c        0xc C:/Program Files/SEGGER/SEGGER Embedded Studio for ARM 5.68/lib/libc_v7em_fpv4_sp_d16_hard_t_le_eabi.a(libc2.o)
 .text.libc.__RAL_ascii_towlower
                0x0000000000006a28        0xc C:/Program Files/SEGGER/SEGGER Embedded Studio for ARM 5.68/lib/libc_v7em_fpv4_sp_d16_hard_t_le_eabi.a(libc2.o)
 .text.libc.__RAL_ascii_iswctype
                0x0000000000006a34       0x1c C:/Program Files/SEGGER/SEGGER Embedded Studio for ARM 5.68/lib/libc_v7em_fpv4_sp_d16_hard_t_le_eabi.a(libc2.o)
 .text.libc.isspace
                0x0000000000006a50       0x10 C:/Program Files/SEGGER/SEGGER Embedded Studio for ARM 5.68/lib/libc_v7em_fpv4_sp_d16_hard_t_le_eabi.a(libc2.o)
                0x0000000000006a50                isspace
 .text.libc.isprint
                0x0000000000006a60       0x10 C:/Program Files/SEGGER/SEGGER Embedded Studio for ARM 5.68/lib/libc_v7em_fpv4_sp_d16_hard_t_le_eabi.a(libc2.o)
                0x0000000000006a60                isprint
 .text.libc.memmove
                0x0000000000006a70       0x34 C:/Program Files/SEGGER/SEGGER Embedded Studio for ARM 5.68/lib/libc_v7em_fpv4_sp_d16_hard_t_le_eabi.a(libc2.o)
                0x0000000000006a70                __aeabi_memmove8
                0x0000000000006a70                __aeabi_memmove
                0x0000000000006a70                __aeabi_memmove4
                0x0000000000006a70                memmove
 .text.libc.qsort
                0x0000000000006aa4      0x218 C:/Program Files/SEGGER/SEGGER Embedded Studio for ARM 5.68/lib/libc_v7em_fpv4_sp_d16_hard_t_le_eabi.a(libc2.o)
                0x0000000000006aa4                qsort
 .text.libc.strncmp
                0x0000000000006cbc       0x48 C:/Program Files/SEGGER/SEGGER Embedded Studio for ARM 5.68/lib/libc_v7em_fpv4_sp_d16_hard_t_le_eabi.a(libc2.o)
                0x0000000000006cbc                strncmp
 .text.libc.memcpy
                0x0000000000006d04       0x52 C:/Program Files/SEGGER/SEGGER Embedded Studio for ARM 5.68/lib/libc_v7em_fpv4_sp_d16_hard_t_le_eabi.a(libc2_asm.o)
                0x0000000000006d04                __aeabi_memcpy
                0x0000000000006d04                memcpy
                0x0000000000006d10                __aeabi_memcpy8
                0x0000000000006d10                __aeabi_memcpy4
 .text.libc.memset
                0x0000000000006d56       0x66 C:/Program Files/SEGGER/SEGGER Embedded Studio for ARM 5.68/lib/libc_v7em_fpv4_sp_d16_hard_t_le_eabi.a(libc2_asm.o)
                0x0000000000006d56                memset
 .text.libc.strcpy
                0x0000000000006dbc       0x44 C:/Program Files/SEGGER/SEGGER Embedded Studio for ARM 5.68/lib/libc_v7em_fpv4_sp_d16_hard_t_le_eabi.a(libc2_asm.o)
                0x0000000000006dbc                strcpy
 .text.libc.strcmp
                0x0000000000006e00       0x4e C:/Program Files/SEGGER/SEGGER Embedded Studio for ARM 5.68/lib/libc_v7em_fpv4_sp_d16_hard_t_le_eabi.a(libc2_asm.o)
                0x0000000000006e00                strcmp
 .text.libc.strlen
                0x0000000000006e4e       0x60 C:/Program Files/SEGGER/SEGGER Embedded Studio for ARM 5.68/lib/libc_v7em_fpv4_sp_d16_hard_t_le_eabi.a(libc2_asm.o)
                0x0000000000006e4e                strlen
                0x0000000000006eb0                . = ALIGN (MAX ((__text_start__ + 0x4), .), 0x4)
 *fill*         0x0000000000006eae        0x2 
                0x0000000000006eb0                __text_end__ = (__text_start__ + SIZEOF (.text))
                0x0000000000006ae0                __text_size__ = SIZEOF (.text)
                0x0000000000006eb0                __text_load_end__ = __text_end__

.vfp11_veneer   0x0000000100000000        0x0
 .vfp11_veneer  0x0000000100000000        0x0 linker stubs

.v4_bx          0x0000000100000000        0x0
 .v4_bx         0x0000000100000000        0x0 linker stubs

.iplt           0x0000000100000000        0x0
 .iplt          0x0000000100000000        0x0 Output/Release/Obj/cli_libuarte_pca10040/thumb_crt0.o
                0x0000000000000001                . = ASSERT (((__text_start__ == __text_end__) || ((__text_end__ - __FLASH1_segment_start__) <= __FLASH1_segment_size__)), error: .text is too large to fit in FLASH1 memory segment)
                0x0000000000006eb0                __cli_command_load_start__ = ALIGN (__text_end__, 0x4)

.cli_command    0x0000000000006eb0       0x50
                0x0000000000006eb0                __cli_command_start__ = .
                0x0000000000006eb0                __start_cli_command = __cli_command_start__
 *(.cli_command*)
 .cli_command   0x0000000000006eb0        0x8 Output/Release/Obj/cli_libuarte_pca10040/nrf_log_frontend.o
                0x0000000000006eb0                nrf_cli_log_const
 .cli_command   0x0000000000006eb8        0x8 Output/Release/Obj/cli_libuarte_pca10040/nrf_balloc.o
                0x0000000000006eb8                nrf_cli_balloc_const
 .cli_command   0x0000000000006ec0       0x20 Output/Release/Obj/cli_libuarte_pca10040/nrf_cli.o
                0x0000000000006ec0                nrf_cli_resize_const
                0x0000000000006ec8                nrf_cli_history_const
                0x0000000000006ed0                nrf_cli_cli_const
                0x0000000000006ed8                nrf_cli_clear_const
 .cli_command   0x0000000000006ee0        0x8 Output/Release/Obj/cli_libuarte_pca10040/nrf_queue.o
                0x0000000000006ee0                nrf_cli_queue_const
 .cli_command   0x0000000000006ee8       0x18 Output/Release/Obj/cli_libuarte_pca10040/main.o
                0x0000000000006ee8                nrf_cli_counter_const
                0x0000000000006ef0                nrf_cli_print_const
                0x0000000000006ef8                nrf_cli_nordic_const
                0x0000000000006f00                __cli_command_end__ = (__cli_command_start__ + SIZEOF (.cli_command))
                0x0000000000000050                __cli_command_size__ = SIZEOF (.cli_command)
                0x0000000000006f00                __stop_cli_command = __cli_command_end__
                0x0000000000006f00                __cli_command_load_end__ = __cli_command_end__
                0x0000000000000001                . = ASSERT (((__cli_command_start__ == __cli_command_end__) || ((__cli_command_end__ - __FLASH1_segment_start__) <= __FLASH1_segment_size__)), error: .cli_command is too large to fit in FLASH1 memory segment)
                0x0000000000006f00                __pwr_mgmt_data_load_start__ = ALIGN (__cli_command_end__, 0x4)

.pwr_mgmt_data  0x0000000000006f00        0x0
                0x0000000000006f00                __pwr_mgmt_data_start__ = .
                0x0000000000006f00                __start_pwr_mgmt_data = __pwr_mgmt_data_start__
 *(SORT_BY_NAME(.pwr_mgmt_data*))
                0x0000000000006f00                __pwr_mgmt_data_end__ = (__pwr_mgmt_data_start__ + SIZEOF (.pwr_mgmt_data))
                0x0000000000000000                __pwr_mgmt_data_size__ = SIZEOF (.pwr_mgmt_data)
                0x0000000000006f00                __stop_pwr_mgmt_data = __pwr_mgmt_data_end__
                0x0000000000006f00                __pwr_mgmt_data_load_end__ = __pwr_mgmt_data_end__
                0x0000000000000001                . = ASSERT (((__pwr_mgmt_data_start__ == __pwr_mgmt_data_end__) || ((__pwr_mgmt_data_end__ - __FLASH1_segment_start__) <= __FLASH1_segment_size__)), error: .pwr_mgmt_data is too large to fit in FLASH1 memory segment)
                0x0000000000006f00                __nrf_queue_load_start__ = ALIGN (__pwr_mgmt_data_end__, 0x4)

.nrf_queue      0x0000000000006f00       0x54
                0x0000000000006f00                __nrf_queue_start__ = .
                0x0000000000006f00                __start_nrf_queue = __nrf_queue_start__
 *(.nrf_queue*)
 .nrf_queue     0x0000000000006f00       0x1c Output/Release/Obj/cli_libuarte_pca10040/nrf_cli_libuarte.o
                0x0000000000006f00                libuarte_rxdata_queue
 .nrf_queue     0x0000000000006f1c       0x38 Output/Release/Obj/cli_libuarte_pca10040/main.o
                0x0000000000006f1c                m_cli_rtt_log_backend_queue
                0x0000000000006f38                m_cli_libuarte_log_backend_queue
                0x0000000000006f54                __nrf_queue_end__ = (__nrf_queue_start__ + SIZEOF (.nrf_queue))
                0x0000000000000054                __nrf_queue_size__ = SIZEOF (.nrf_queue)
                0x0000000000006f54                __stop_nrf_queue = __nrf_queue_end__
                0x0000000000006f54                __nrf_queue_load_end__ = __nrf_queue_end__
                0x0000000000000001                . = ASSERT (((__nrf_queue_start__ == __nrf_queue_end__) || ((__nrf_queue_end__ - __FLASH1_segment_start__) <= __FLASH1_segment_size__)), error: .nrf_queue is too large to fit in FLASH1 memory segment)
                0x0000000000006f54                __log_const_data_load_start__ = ALIGN (__nrf_queue_end__, 0x4)

.log_const_data
                0x0000000000006f54       0xe8
                0x0000000000006f54                __log_const_data_start__ = .
                0x0000000000006f54                __start_log_const_data = __log_const_data_start__
 *(SORT_BY_NAME(.log_const_data*))
 .log_const_data_CLOCK
                0x0000000000006f54        0x8 Output/Release/Obj/cli_libuarte_pca10040/nrfx_clock.o
                0x0000000000006f54                m_nrf_log_CLOCK_logs_data_const
 .log_const_data_GPIOTE
                0x0000000000006f5c        0x8 Output/Release/Obj/cli_libuarte_pca10040/nrfx_gpiote.o
                0x0000000000006f5c                m_nrf_log_GPIOTE_logs_data_const
 .log_const_data_PPI
                0x0000000000006f64        0x8 Output/Release/Obj/cli_libuarte_pca10040/nrfx_ppi.o
                0x0000000000006f64                m_nrf_log_PPI_logs_data_const
 .log_const_data_RTC
                0x0000000000006f6c        0x8 Output/Release/Obj/cli_libuarte_pca10040/nrfx_rtc.o
                0x0000000000006f6c                m_nrf_log_RTC_logs_data_const
 .log_const_data_TIMER
                0x0000000000006f74        0x8 Output/Release/Obj/cli_libuarte_pca10040/nrfx_timer.o
                0x0000000000006f74                m_nrf_log_TIMER_logs_data_const
 .log_const_data_app
                0x0000000000006f7c        0x8 Output/Release/Obj/cli_libuarte_pca10040/nrf_log_frontend.o
                0x0000000000006f7c                m_nrf_log_app_logs_data_const
 .log_const_data_app_button
                0x0000000000006f84        0x8 Output/Release/Obj/cli_libuarte_pca10040/app_button.o
                0x0000000000006f84                m_nrf_log_app_button_logs_data_const
 .log_const_data_app_timer
                0x0000000000006f8c        0x8 Output/Release/Obj/cli_libuarte_pca10040/app_timer2.o
                0x0000000000006f8c                m_nrf_log_app_timer_logs_data_const
 .log_const_data_app_timer_m_bsp_alert_tmr
                0x0000000000006f94        0x8 Output/Release/Obj/cli_libuarte_pca10040/bsp.o
                0x0000000000006f94                m_nrf_log_app_timer_m_bsp_alert_tmr_logs_data_const
 .log_const_data_app_timer_m_bsp_button_tmr
                0x0000000000006f9c        0x8 Output/Release/Obj/cli_libuarte_pca10040/bsp.o
                0x0000000000006f9c                m_nrf_log_app_timer_m_bsp_button_tmr_logs_data_const
 .log_const_data_app_timer_m_bsp_leds_tmr
                0x0000000000006fa4        0x8 Output/Release/Obj/cli_libuarte_pca10040/bsp.o
                0x0000000000006fa4                m_nrf_log_app_timer_m_bsp_leds_tmr_logs_data_const
 .log_const_data_app_timer_m_cli_rtt_transport_timer
                0x0000000000006fac        0x8 Output/Release/Obj/cli_libuarte_pca10040/main.o
                0x0000000000006fac                m_nrf_log_app_timer_m_cli_rtt_transport_timer_logs_data_const
 .log_const_data_app_timer_m_detection_delay_timer_id
                0x0000000000006fb4        0x8 Output/Release/Obj/cli_libuarte_pca10040/app_button.o
                0x0000000000006fb4                m_nrf_log_app_timer_m_detection_delay_timer_id_logs_data_const
 .log_const_data_app_timer_m_timer_0
                0x0000000000006fbc        0x8 Output/Release/Obj/cli_libuarte_pca10040/main.o
                0x0000000000006fbc                m_nrf_log_app_timer_m_timer_0_logs_data_const
 .log_const_data_atfifo_m_req_fifo
                0x0000000000006fc4        0x8 Output/Release/Obj/cli_libuarte_pca10040/app_timer2.o
                0x0000000000006fc4                m_nrf_log_atfifo_m_req_fifo_logs_data_const
 .log_const_data_balloc_libuarte_rx_pool
                0x0000000000006fcc        0x8 Output/Release/Obj/cli_libuarte_pca10040/nrf_cli_libuarte.o
                0x0000000000006fcc                m_nrf_log_balloc_libuarte_rx_pool_logs_data_const
 .log_const_data_balloc_log_mempool
                0x0000000000006fd4        0x8 Output/Release/Obj/cli_libuarte_pca10040/nrf_log_frontend.o
                0x0000000000006fd4                m_nrf_log_balloc_log_mempool_logs_data_const
 .log_const_data_balloc_m_cli_libuarte_cmd_hist_memobj
                0x0000000000006fdc        0x8 Output/Release/Obj/cli_libuarte_pca10040/main.o
                0x0000000000006fdc                m_nrf_log_balloc_m_cli_libuarte_cmd_hist_memobj_logs_data_const
 .log_const_data_balloc_m_cli_rtt_cmd_hist_memobj
                0x0000000000006fe4        0x8 Output/Release/Obj/cli_libuarte_pca10040/main.o
                0x0000000000006fe4                m_nrf_log_balloc_m_cli_rtt_cmd_hist_memobj_logs_data_const
 .log_const_data_cli_libuarte
                0x0000000000006fec        0x8 Output/Release/Obj/cli_libuarte_pca10040/nrf_cli_libuarte.o
                0x0000000000006fec                m_nrf_log_cli_libuarte_logs_data_const
 .log_const_data_clock
                0x0000000000006ff4        0x8 Output/Release/Obj/cli_libuarte_pca10040/nrf_drv_clock.o
                0x0000000000006ff4                m_nrf_log_clock_logs_data_const
 .log_const_data_hardfault
                0x0000000000006ffc        0x8 Output/Release/Obj/cli_libuarte_pca10040/hardfault_implementation.o
                0x0000000000006ffc                m_nrf_log_hardfault_logs_data_const
 .log_const_data_libUARTE
                0x0000000000007004        0x8 Output/Release/Obj/cli_libuarte_pca10040/nrf_libuarte_drv.o
                0x0000000000007004                m_nrf_log_libUARTE_logs_data_const
 .log_const_data_libUARTE_async
                0x000000000000700c        0x8 Output/Release/Obj/cli_libuarte_pca10040/nrf_libuarte_async.o
                0x000000000000700c                m_nrf_log_libUARTE_async_logs_data_const
 .log_const_data_pwr_mgmt
                0x0000000000007014        0x8 Output/Release/Obj/cli_libuarte_pca10040/nrf_pwr_mgmt.o
                0x0000000000007014                m_nrf_log_pwr_mgmt_logs_data_const
 .log_const_data_queue_libuarte_rxdata_queue
                0x000000000000701c        0x8 Output/Release/Obj/cli_libuarte_pca10040/nrf_cli_libuarte.o
                0x000000000000701c                m_nrf_log_queue_libuarte_rxdata_queue_logs_data_const
 .log_const_data_queue_m_cli_libuarte_log_backend_queue
                0x0000000000007024        0x8 Output/Release/Obj/cli_libuarte_pca10040/main.o
                0x0000000000007024                m_nrf_log_queue_m_cli_libuarte_log_backend_queue_logs_data_const
 .log_const_data_queue_m_cli_rtt_log_backend_queue
                0x000000000000702c        0x8 Output/Release/Obj/cli_libuarte_pca10040/main.o
                0x000000000000702c                m_nrf_log_queue_m_cli_rtt_log_backend_queue_logs_data_const
 .log_const_data_sortlist
                0x0000000000007034        0x8 Output/Release/Obj/cli_libuarte_pca10040/nrf_sortlist.o
                0x0000000000007034                m_nrf_log_sortlist_logs_data_const
                0x000000000000703c                __log_const_data_end__ = (__log_const_data_start__ + SIZEOF (.log_const_data))
                0x00000000000000e8                __log_const_data_size__ = SIZEOF (.log_const_data)
                0x000000000000703c                __stop_log_const_data = __log_const_data_end__
                0x000000000000703c                __log_const_data_load_end__ = __log_const_data_end__
                0x0000000000000001                . = ASSERT (((__log_const_data_start__ == __log_const_data_end__) || ((__log_const_data_end__ - __FLASH1_segment_start__) <= __FLASH1_segment_size__)), error: .log_const_data is too large to fit in FLASH1 memory segment)
                0x000000000000703c                __log_backends_load_start__ = ALIGN (__log_const_data_end__, 0x4)

.log_backends   0x000000000000703c       0x30
                0x000000000000703c                __log_backends_start__ = .
                0x000000000000703c                __start_log_backends = __log_backends_start__
 *(SORT_BY_NAME(.log_backends*))
 .log_backends  0x000000000000703c       0x10 Output/Release/Obj/cli_libuarte_pca10040/nrf_log_default_backends.o
 .log_backends  0x000000000000704c       0x20 Output/Release/Obj/cli_libuarte_pca10040/main.o
                0x000000000000706c                __log_backends_end__ = (__log_backends_start__ + SIZEOF (.log_backends))
                0x0000000000000030                __log_backends_size__ = SIZEOF (.log_backends)
                0x000000000000706c                __stop_log_backends = __log_backends_end__
                0x000000000000706c                __log_backends_load_end__ = __log_backends_end__
                0x0000000000000001                . = ASSERT (((__log_backends_start__ == __log_backends_end__) || ((__log_backends_end__ - __FLASH1_segment_start__) <= __FLASH1_segment_size__)), error: .log_backends is too large to fit in FLASH1 memory segment)
                0x000000000000706c                __nrf_balloc_load_start__ = ALIGN (__log_backends_end__, 0x4)

.nrf_balloc     0x000000000000706c       0x70
                0x000000000000706c                __nrf_balloc_start__ = .
                0x000000000000706c                __start_nrf_balloc = __nrf_balloc_start__
 *(.nrf_balloc*)
 .nrf_balloc    0x000000000000706c       0x1c Output/Release/Obj/cli_libuarte_pca10040/nrf_log_frontend.o
                0x000000000000706c                log_mempool
 .nrf_balloc    0x0000000000007088       0x1c Output/Release/Obj/cli_libuarte_pca10040/nrf_cli_libuarte.o
                0x0000000000007088                libuarte_rx_pool
 .nrf_balloc    0x00000000000070a4       0x38 Output/Release/Obj/cli_libuarte_pca10040/main.o
                0x00000000000070a4                m_cli_rtt_cmd_hist_memobj
                0x00000000000070c0                m_cli_libuarte_cmd_hist_memobj
                0x00000000000070dc                __nrf_balloc_end__ = (__nrf_balloc_start__ + SIZEOF (.nrf_balloc))
                0x0000000000000070                __nrf_balloc_size__ = SIZEOF (.nrf_balloc)
                0x00000000000070dc                __stop_nrf_balloc = __nrf_balloc_end__
                0x00000000000070dc                __nrf_balloc_load_end__ = __nrf_balloc_end__
                0x0000000000000001                . = ASSERT (((__nrf_balloc_start__ == __nrf_balloc_end__) || ((__nrf_balloc_end__ - __FLASH1_segment_start__) <= __FLASH1_segment_size__)), error: .nrf_balloc is too large to fit in FLASH1 memory segment)
                0x00000000000070dc                __nrf_sections_load_start__ = ALIGN (__nrf_balloc_end__, 0x4)

.nrf_sections   0x00000000000070dc        0x0
                0x00000000000070dc                __nrf_sections_start__ = .
                0x00000000000070dc                __start_nrf_sections = __nrf_sections_start__
 *(.nrf_sections .nrf_sections.*)
                0x00000000000070dc                __nrf_sections_end__ = (__nrf_sections_start__ + SIZEOF (.nrf_sections))
                0x0000000000000000                __nrf_sections_size__ = SIZEOF (.nrf_sections)
                0x00000000000070dc                __nrf_sections_load_end__ = __nrf_sections_end__
                0x0000000000000001                . = ASSERT (((__nrf_sections_start__ == __nrf_sections_end__) || ((__nrf_sections_end__ - __FLASH1_segment_start__) <= __FLASH1_segment_size__)), error: .nrf_sections is too large to fit in FLASH1 memory segment)
                0x00000000000070dc                __cli_sorted_cmd_ptrs_load_start__ = ALIGN (__nrf_sections_end__, 0x4)

.cli_sorted_cmd_ptrs
                0x0000000020000000       0x28 load address 0x00000000000070dc
                0x0000000020000000                __cli_sorted_cmd_ptrs_start__ = .
 *(.cli_sorted_cmd_ptrs*)
 .cli_sorted_cmd_ptrs
                0x0000000020000000        0x4 Output/Release/Obj/cli_libuarte_pca10040/nrf_log_frontend.o
                0x0000000020000000                log_str_ptr
 .cli_sorted_cmd_ptrs
                0x0000000020000004        0x4 Output/Release/Obj/cli_libuarte_pca10040/nrf_balloc.o
                0x0000000020000004                balloc_str_ptr
 .cli_sorted_cmd_ptrs
                0x0000000020000008       0x10 Output/Release/Obj/cli_libuarte_pca10040/nrf_cli.o
                0x0000000020000008                resize_str_ptr
                0x000000002000000c                history_str_ptr
                0x0000000020000010                cli_str_ptr
                0x0000000020000014                clear_str_ptr
 .cli_sorted_cmd_ptrs
                0x0000000020000018        0x4 Output/Release/Obj/cli_libuarte_pca10040/nrf_queue.o
                0x0000000020000018                queue_str_ptr
 .cli_sorted_cmd_ptrs
                0x000000002000001c        0xc Output/Release/Obj/cli_libuarte_pca10040/main.o
                0x000000002000001c                counter_str_ptr
                0x0000000020000020                print_str_ptr
                0x0000000020000024                nordic_str_ptr
                0x0000000020000028                __cli_sorted_cmd_ptrs_end__ = (__cli_sorted_cmd_ptrs_start__ + SIZEOF (.cli_sorted_cmd_ptrs))
                0x0000000000000028                __cli_sorted_cmd_ptrs_size__ = SIZEOF (.cli_sorted_cmd_ptrs)
                0x0000000000007104                __cli_sorted_cmd_ptrs_load_end__ = (__cli_sorted_cmd_ptrs_load_start__ + SIZEOF (.cli_sorted_cmd_ptrs))
                0x0000000000000001                . = ASSERT (((__cli_sorted_cmd_ptrs_load_start__ == __cli_sorted_cmd_ptrs_load_end__) || ((__cli_sorted_cmd_ptrs_load_end__ - __FLASH1_segment_start__) <= __FLASH1_segment_size__)), error: .cli_sorted_cmd_ptrs is too large to fit in FLASH1 memory segment)

.cli_sorted_cmd_ptrs_run
                0x0000000020000000        0x0
                0x0000000020000000                __cli_sorted_cmd_ptrs_run_start__ = .
                0x0000000020000000                __start_cli_sorted_cmd_ptrs = __cli_sorted_cmd_ptrs_run_start__
                0x0000000020000028                __cli_sorted_cmd_ptrs_run_end__ = (__cli_sorted_cmd_ptrs_run_start__ + SIZEOF (.cli_sorted_cmd_ptrs))
                0x0000000000000028                __cli_sorted_cmd_ptrs_run_size__ = (__cli_sorted_cmd_ptrs_run_end__ - __cli_sorted_cmd_ptrs_run_start__)
                0x0000000020000028                __stop_cli_sorted_cmd_ptrs = __cli_sorted_cmd_ptrs_run_end__
                0x0000000020000028                __cli_sorted_cmd_ptrs_run_load_end__ = __cli_sorted_cmd_ptrs_run_end__
                0x0000000000000001                . = ASSERT (((__cli_sorted_cmd_ptrs_run_start__ == __cli_sorted_cmd_ptrs_run_end__) || ((__cli_sorted_cmd_ptrs_run_end__ - __RAM1_segment_start__) <= __RAM1_segment_size__)), error: .cli_sorted_cmd_ptrs_run is too large to fit in RAM1 memory segment)
                0x0000000000007104                __log_dynamic_data_load_start__ = ALIGN ((__cli_sorted_cmd_ptrs_load_start__ + SIZEOF (.cli_sorted_cmd_ptrs)), 0x4)

.log_dynamic_data
                0x0000000020000028       0x74 load address 0x0000000000007104
                0x0000000020000028                __log_dynamic_data_start__ = .
 *(SORT_BY_NAME(.log_dynamic_data*))
 .log_dynamic_data_CLOCK
                0x0000000020000028        0x4 Output/Release/Obj/cli_libuarte_pca10040/nrfx_clock.o
                0x0000000020000028                m_nrf_log_CLOCK_logs_data_dynamic
 .log_dynamic_data_GPIOTE
                0x000000002000002c        0x4 Output/Release/Obj/cli_libuarte_pca10040/nrfx_gpiote.o
                0x000000002000002c                m_nrf_log_GPIOTE_logs_data_dynamic
 .log_dynamic_data_PPI
                0x0000000020000030        0x4 Output/Release/Obj/cli_libuarte_pca10040/nrfx_ppi.o
                0x0000000020000030                m_nrf_log_PPI_logs_data_dynamic
 .log_dynamic_data_RTC
                0x0000000020000034        0x4 Output/Release/Obj/cli_libuarte_pca10040/nrfx_rtc.o
                0x0000000020000034                m_nrf_log_RTC_logs_data_dynamic
 .log_dynamic_data_TIMER
                0x0000000020000038        0x4 Output/Release/Obj/cli_libuarte_pca10040/nrfx_timer.o
                0x0000000020000038                m_nrf_log_TIMER_logs_data_dynamic
 .log_dynamic_data_app
                0x000000002000003c        0x4 Output/Release/Obj/cli_libuarte_pca10040/nrf_log_frontend.o
                0x000000002000003c                m_nrf_log_app_logs_data_dynamic
 .log_dynamic_data_app_button
                0x0000000020000040        0x4 Output/Release/Obj/cli_libuarte_pca10040/app_button.o
                0x0000000020000040                m_nrf_log_app_button_logs_data_dynamic
 .log_dynamic_data_app_timer
                0x0000000020000044        0x4 Output/Release/Obj/cli_libuarte_pca10040/app_timer2.o
                0x0000000020000044                m_nrf_log_app_timer_logs_data_dynamic
 .log_dynamic_data_app_timer_m_bsp_alert_tmr
                0x0000000020000048        0x4 Output/Release/Obj/cli_libuarte_pca10040/bsp.o
                0x0000000020000048                m_nrf_log_app_timer_m_bsp_alert_tmr_logs_data_dynamic
 .log_dynamic_data_app_timer_m_bsp_button_tmr
                0x000000002000004c        0x4 Output/Release/Obj/cli_libuarte_pca10040/bsp.o
                0x000000002000004c                m_nrf_log_app_timer_m_bsp_button_tmr_logs_data_dynamic
 .log_dynamic_data_app_timer_m_bsp_leds_tmr
                0x0000000020000050        0x4 Output/Release/Obj/cli_libuarte_pca10040/bsp.o
                0x0000000020000050                m_nrf_log_app_timer_m_bsp_leds_tmr_logs_data_dynamic
 .log_dynamic_data_app_timer_m_cli_rtt_transport_timer
                0x0000000020000054        0x4 Output/Release/Obj/cli_libuarte_pca10040/main.o
                0x0000000020000054                m_nrf_log_app_timer_m_cli_rtt_transport_timer_logs_data_dynamic
 .log_dynamic_data_app_timer_m_detection_delay_timer_id
                0x0000000020000058        0x4 Output/Release/Obj/cli_libuarte_pca10040/app_button.o
                0x0000000020000058                m_nrf_log_app_timer_m_detection_delay_timer_id_logs_data_dynamic
 .log_dynamic_data_app_timer_m_timer_0
                0x000000002000005c        0x4 Output/Release/Obj/cli_libuarte_pca10040/main.o
                0x000000002000005c                m_nrf_log_app_timer_m_timer_0_logs_data_dynamic
 .log_dynamic_data_atfifo_m_req_fifo
                0x0000000020000060        0x4 Output/Release/Obj/cli_libuarte_pca10040/app_timer2.o
                0x0000000020000060                m_nrf_log_atfifo_m_req_fifo_logs_data_dynamic
 .log_dynamic_data_balloc_libuarte_rx_pool
                0x0000000020000064        0x4 Output/Release/Obj/cli_libuarte_pca10040/nrf_cli_libuarte.o
                0x0000000020000064                m_nrf_log_balloc_libuarte_rx_pool_logs_data_dynamic
 .log_dynamic_data_balloc_log_mempool
                0x0000000020000068        0x4 Output/Release/Obj/cli_libuarte_pca10040/nrf_log_frontend.o
                0x0000000020000068                m_nrf_log_balloc_log_mempool_logs_data_dynamic
 .log_dynamic_data_balloc_m_cli_libuarte_cmd_hist_memobj
                0x000000002000006c        0x4 Output/Release/Obj/cli_libuarte_pca10040/main.o
                0x000000002000006c                m_nrf_log_balloc_m_cli_libuarte_cmd_hist_memobj_logs_data_dynamic
 .log_dynamic_data_balloc_m_cli_rtt_cmd_hist_memobj
                0x0000000020000070        0x4 Output/Release/Obj/cli_libuarte_pca10040/main.o
                0x0000000020000070                m_nrf_log_balloc_m_cli_rtt_cmd_hist_memobj_logs_data_dynamic
 .log_dynamic_data_cli_libuarte
                0x0000000020000074        0x4 Output/Release/Obj/cli_libuarte_pca10040/nrf_cli_libuarte.o
                0x0000000020000074                m_nrf_log_cli_libuarte_logs_data_dynamic
 .log_dynamic_data_clock
                0x0000000020000078        0x4 Output/Release/Obj/cli_libuarte_pca10040/nrf_drv_clock.o
                0x0000000020000078                m_nrf_log_clock_logs_data_dynamic
 .log_dynamic_data_hardfault
                0x000000002000007c        0x4 Output/Release/Obj/cli_libuarte_pca10040/hardfault_implementation.o
                0x000000002000007c                m_nrf_log_hardfault_logs_data_dynamic
 .log_dynamic_data_libUARTE
                0x0000000020000080        0x4 Output/Release/Obj/cli_libuarte_pca10040/nrf_libuarte_drv.o
                0x0000000020000080                m_nrf_log_libUARTE_logs_data_dynamic
 .log_dynamic_data_libUARTE_async
                0x0000000020000084        0x4 Output/Release/Obj/cli_libuarte_pca10040/nrf_libuarte_async.o
                0x0000000020000084                m_nrf_log_libUARTE_async_logs_data_dynamic
 .log_dynamic_data_pwr_mgmt
                0x0000000020000088        0x4 Output/Release/Obj/cli_libuarte_pca10040/nrf_pwr_mgmt.o
                0x0000000020000088                m_nrf_log_pwr_mgmt_logs_data_dynamic
 .log_dynamic_data_queue_libuarte_rxdata_queue
                0x000000002000008c        0x4 Output/Release/Obj/cli_libuarte_pca10040/nrf_cli_libuarte.o
                0x000000002000008c                m_nrf_log_queue_libuarte_rxdata_queue_logs_data_dynamic
 .log_dynamic_data_queue_m_cli_libuarte_log_backend_queue
                0x0000000020000090        0x4 Output/Release/Obj/cli_libuarte_pca10040/main.o
                0x0000000020000090                m_nrf_log_queue_m_cli_libuarte_log_backend_queue_logs_data_dynamic
 .log_dynamic_data_queue_m_cli_rtt_log_backend_queue
                0x0000000020000094        0x4 Output/Release/Obj/cli_libuarte_pca10040/main.o
                0x0000000020000094                m_nrf_log_queue_m_cli_rtt_log_backend_queue_logs_data_dynamic
 .log_dynamic_data_sortlist
                0x0000000020000098        0x4 Output/Release/Obj/cli_libuarte_pca10040/nrf_sortlist.o
                0x0000000020000098                m_nrf_log_sortlist_logs_data_dynamic
                0x000000002000009c                __log_dynamic_data_end__ = (__log_dynamic_data_start__ + SIZEOF (.log_dynamic_data))
                0x0000000000000074                __log_dynamic_data_size__ = SIZEOF (.log_dynamic_data)
                0x0000000000007178                __log_dynamic_data_load_end__ = (__log_dynamic_data_load_start__ + SIZEOF (.log_dynamic_data))
                0x0000000000000001                . = ASSERT (((__log_dynamic_data_load_start__ == __log_dynamic_data_load_end__) || ((__log_dynamic_data_load_end__ - __FLASH1_segment_start__) <= __FLASH1_segment_size__)), error: .log_dynamic_data is too large to fit in FLASH1 memory segment)

.log_dynamic_data_run
                0x0000000020000028        0x0
                0x0000000020000028                __log_dynamic_data_run_start__ = .
                0x0000000020000028                __start_log_dynamic_data = __log_dynamic_data_run_start__
                0x000000002000009c                __log_dynamic_data_run_end__ = (__log_dynamic_data_run_start__ + SIZEOF (.log_dynamic_data))
                0x0000000000000074                __log_dynamic_data_run_size__ = (__log_dynamic_data_run_end__ - __log_dynamic_data_run_start__)
                0x000000002000009c                __stop_log_dynamic_data = __log_dynamic_data_run_end__
                0x000000002000009c                __log_dynamic_data_run_load_end__ = __log_dynamic_data_run_end__
                0x0000000000000001                . = ASSERT (((__log_dynamic_data_run_start__ == __log_dynamic_data_run_end__) || ((__log_dynamic_data_run_end__ - __RAM1_segment_start__) <= __RAM1_segment_size__)), error: .log_dynamic_data_run is too large to fit in RAM1 memory segment)
                0x0000000000007178                __log_filter_data_load_start__ = ALIGN ((__log_dynamic_data_load_start__ + SIZEOF (.log_dynamic_data)), 0x4)

.log_filter_data
                0x000000002000009c       0x74 load address 0x0000000000007178
                0x000000002000009c                __log_filter_data_start__ = .
 *(SORT_BY_NAME(.log_filter_data*))
 .log_filter_data_CLOCK
                0x000000002000009c        0x4 Output/Release/Obj/cli_libuarte_pca10040/nrfx_clock.o
                0x000000002000009c                m_nrf_log_CLOCK_logs_data_filter
 .log_filter_data_GPIOTE
                0x00000000200000a0        0x4 Output/Release/Obj/cli_libuarte_pca10040/nrfx_gpiote.o
                0x00000000200000a0                m_nrf_log_GPIOTE_logs_data_filter
 .log_filter_data_PPI
                0x00000000200000a4        0x4 Output/Release/Obj/cli_libuarte_pca10040/nrfx_ppi.o
                0x00000000200000a4                m_nrf_log_PPI_logs_data_filter
 .log_filter_data_RTC
                0x00000000200000a8        0x4 Output/Release/Obj/cli_libuarte_pca10040/nrfx_rtc.o
                0x00000000200000a8                m_nrf_log_RTC_logs_data_filter
 .log_filter_data_TIMER
                0x00000000200000ac        0x4 Output/Release/Obj/cli_libuarte_pca10040/nrfx_timer.o
                0x00000000200000ac                m_nrf_log_TIMER_logs_data_filter
 .log_filter_data_app
                0x00000000200000b0        0x4 Output/Release/Obj/cli_libuarte_pca10040/nrf_log_frontend.o
                0x00000000200000b0                m_nrf_log_app_logs_data_filter
 .log_filter_data_app_button
                0x00000000200000b4        0x4 Output/Release/Obj/cli_libuarte_pca10040/app_button.o
                0x00000000200000b4                m_nrf_log_app_button_logs_data_filter
 .log_filter_data_app_timer
                0x00000000200000b8        0x4 Output/Release/Obj/cli_libuarte_pca10040/app_timer2.o
                0x00000000200000b8                m_nrf_log_app_timer_logs_data_filter
 .log_filter_data_app_timer_m_bsp_alert_tmr
                0x00000000200000bc        0x4 Output/Release/Obj/cli_libuarte_pca10040/bsp.o
                0x00000000200000bc                m_nrf_log_app_timer_m_bsp_alert_tmr_logs_data_filter
 .log_filter_data_app_timer_m_bsp_button_tmr
                0x00000000200000c0        0x4 Output/Release/Obj/cli_libuarte_pca10040/bsp.o
                0x00000000200000c0                m_nrf_log_app_timer_m_bsp_button_tmr_logs_data_filter
 .log_filter_data_app_timer_m_bsp_leds_tmr
                0x00000000200000c4        0x4 Output/Release/Obj/cli_libuarte_pca10040/bsp.o
                0x00000000200000c4                m_nrf_log_app_timer_m_bsp_leds_tmr_logs_data_filter
 .log_filter_data_app_timer_m_cli_rtt_transport_timer