Archive member included to satisfy reference by file (symbol)

C:/Program Files/SEGGER/SEGGER Embedded Studio for ARM 5.68/lib/libc_v7em_fpv4_sp_d16_hard_t_le_eabi.a(libc_asm.o)
                              Output/Release/Obj/wdt_pca10040/nrfx_wdt.o (__aeabi_uldivmod)
C:/Program Files/SEGGER/SEGGER Embedded Studio for ARM 5.68/lib/libc_v7em_fpv4_sp_d16_hard_t_le_eabi.a(libc2_asm.o)
                              Output/Release/Obj/wdt_pca10040/app_scheduler.o (memcpy)
C:/Program Files/SEGGER/SEGGER Embedded Studio for ARM 5.68/lib/libc_v7em_fpv4_sp_d16_hard_t_le_eabi.a(libvfprintf.o)
                              (__vfprintf_long)
C:/Program Files/SEGGER/SEGGER Embedded Studio for ARM 5.68/lib/libc_v7em_fpv4_sp_d16_hard_t_le_eabi.a(libvfscanf.o)
                              (__vfscanf_long)
C:/Program Files/SEGGER/SEGGER Embedded Studio for ARM 5.68/lib/libc_v7em_fpv4_sp_d16_hard_t_le_eabi.a(libc2.o)
                              C:/Program Files/SEGGER/SEGGER Embedded Studio for ARM 5.68/lib/libc_v7em_fpv4_sp_d16_hard_t_le_eabi.a(libvfscanf.o) (__getc)
C:/Program Files/SEGGER/SEGGER Embedded Studio for ARM 5.68/lib/libc_v7em_fpv4_sp_d16_hard_t_le_eabi.a(libc.o)
                              C:/Program Files/SEGGER/SEGGER Embedded Studio for ARM 5.68/lib/libc_v7em_fpv4_sp_d16_hard_t_le_eabi.a(libc2.o) (__heap_lock)
C:/Program Files/SEGGER/SEGGER Embedded Studio for ARM 5.68/lib/libdebugio_v7em_fpv4_sp_d16_hard_t_le_eabi.a(libdebugio.o)
                              Output/Release/Obj/wdt_pca10040/thumb_crt0.o (debug_fopen)
C:/Program Files/SEGGER/SEGGER Embedded Studio for ARM 5.68/lib/libdebugio_v7em_fpv4_sp_d16_hard_t_le_eabi.a(do_nv_debug_operation.o)
                              C:/Program Files/SEGGER/SEGGER Embedded Studio for ARM 5.68/lib/libdebugio_v7em_fpv4_sp_d16_hard_t_le_eabi.a(libdebugio.o) (__do_nvdebug_operation)
C:/Program Files/SEGGER/SEGGER Embedded Studio for ARM 5.68/lib/libdebugio_v7em_fpv4_sp_d16_hard_t_le_eabi.a(mempoll_debug_operations.o)
                              (__do_debug_operation_mempoll)
C:/Program Files/SEGGER/SEGGER Embedded Studio for ARM 5.68/lib/libm_v7em_fpv4_sp_d16_hard_t_le_eabi.a(libm_asm.o)
                              C:/Program Files/SEGGER/SEGGER Embedded Studio for ARM 5.68/lib/libc_v7em_fpv4_sp_d16_hard_t_le_eabi.a(libvfprintf.o) (__aeabi_dadd)
C:/Program Files/SEGGER/SEGGER Embedded Studio for ARM 5.68/lib/libm_v7em_fpv4_sp_d16_hard_t_le_eabi.a(libm2.o)
                              C:/Program Files/SEGGER/SEGGER Embedded Studio for ARM 5.68/lib/libc_v7em_fpv4_sp_d16_hard_t_le_eabi.a(libvfprintf.o) (frexp)

Discarded input sections

 .text          0x0000000000000000        0x0 Output/Release/Obj/wdt_pca10040/thumb_crt0.o
 .data          0x0000000000000000        0x0 Output/Release/Obj/wdt_pca10040/thumb_crt0.o
 .bss           0x0000000000000000        0x0 Output/Release/Obj/wdt_pca10040/thumb_crt0.o
 .text.__aeabi_read_tp
                0x0000000000000000        0x8 Output/Release/Obj/wdt_pca10040/thumb_crt0.o
 .text.abort    0x0000000000000000        0x2 Output/Release/Obj/wdt_pca10040/thumb_crt0.o
 .text.__assert
                0x0000000000000000        0x2 Output/Release/Obj/wdt_pca10040/thumb_crt0.o
 .text.__assert_func
                0x0000000000000000        0x2 Output/Release/Obj/wdt_pca10040/thumb_crt0.o
 .text.__aeabi_assert
                0x0000000000000000        0x2 Output/Release/Obj/wdt_pca10040/thumb_crt0.o
 .text.__sync_synchronize
                0x0000000000000000        0x2 Output/Release/Obj/wdt_pca10040/thumb_crt0.o
 .text.__getchar
                0x0000000000000000        0x4 Output/Release/Obj/wdt_pca10040/thumb_crt0.o
 .text.__putchar
                0x0000000000000000        0x4 Output/Release/Obj/wdt_pca10040/thumb_crt0.o
 .text.__open   0x0000000000000000        0x4 Output/Release/Obj/wdt_pca10040/thumb_crt0.o
 .text.__close  0x0000000000000000        0x4 Output/Release/Obj/wdt_pca10040/thumb_crt0.o
 .text.__write  0x0000000000000000        0xa Output/Release/Obj/wdt_pca10040/thumb_crt0.o
 .text.__read   0x0000000000000000        0xa Output/Release/Obj/wdt_pca10040/thumb_crt0.o
 .text.__seek   0x0000000000000000       0x1a Output/Release/Obj/wdt_pca10040/thumb_crt0.o
 .text.remove   0x0000000000000000        0x4 Output/Release/Obj/wdt_pca10040/thumb_crt0.o
 .text.rename   0x0000000000000000        0x4 Output/Release/Obj/wdt_pca10040/thumb_crt0.o
 .bss.__user_locale_name_buffer
                0x0000000000000000        0x4 Output/Release/Obj/wdt_pca10040/thumb_crt0.o
 .stack         0x0000000000000000        0x0 Output/Release/Obj/wdt_pca10040/thumb_crt0.o
 .stack_process
                0x0000000000000000        0x0 Output/Release/Obj/wdt_pca10040/thumb_crt0.o
 .heap          0x0000000000000000        0x0 Output/Release/Obj/wdt_pca10040/thumb_crt0.o
 .group         0x0000000000000000        0xc Output/Release/Obj/wdt_pca10040/nrf_log_frontend.o
[...]
Memory Configuration

Name             Origin             Length             Attributes
UNPLACED_SECTIONS 0x0000000100000000 0x0000000000000000 xw
RAM1             0x0000000020000000 0x0000000000010000 xw
FLASH1           0x0000000000000000 0x0000000000080000 xw
*default*        0x0000000000000000 0xffffffffffffffff

Linker script and memory map

                0x0000000000000000                __do_debug_operation = __do_debug_operation_mempoll
                0x0000000000000000                __vfprintf = __vfprintf_long
                0x0000000000000000                __vfscanf = __vfscanf_long
                0x0000000020000000                __RAM1_segment_start__ = 0x20000000
                0x0000000020010000                __RAM1_segment_end__ = 0x20010000
                0x0000000000010000                __RAM1_segment_size__ = 0x10000
                0x0000000000000000                __FLASH1_segment_start__ = 0x0
                0x0000000000080000                __FLASH1_segment_end__ = 0x80000
                0x0000000000080000                __FLASH1_segment_size__ = 0x80000
                0x0000000000002000                __HEAPSIZE__ = 0x2000
                0x0000000000000000                __STACKSIZE_PROCESS__ = 0x0
                0x0000000000002000                __STACKSIZE__ = 0x2000
                0x0000000020000000                __vectors_ram_load_start__ = 0x20000000

.vectors_ram    0x0000000020000000        0x0
                0x0000000020000000                __vectors_ram_start__ = .
                0x0000000020000000                __app_ram_start__ = __vectors_ram_start__
 *(.vectors_ram .vectors_ram.*)
                0x0000000020000000                __vectors_ram_end__ = (__vectors_ram_start__ + SIZEOF (.vectors_ram))
                0x0000000000000000                __vectors_ram_size__ = SIZEOF (.vectors_ram)
                0x0000000020000000                __vectors_ram_load_end__ = __vectors_ram_end__
                0x0000000000000001                . = ASSERT (((__vectors_ram_start__ == __vectors_ram_end__) || ((__vectors_ram_end__ - __RAM1_segment_start__) <= __RAM1_segment_size__)), error: .vectors_ram is too large to fit in RAM1 memory segment)
                0x0000000020000000                __nrf_sections_run_load_start__ = ALIGN (__vectors_ram_end__, 0x4)

.nrf_sections_run
                0x0000000020000000        0x0
                0x0000000020000000                __nrf_sections_run_start__ = .
                0x0000000020000000                __start_nrf_sections_run = __nrf_sections_run_start__
 *(.nrf_sections_run .nrf_sections_run.*)
                0x0000000020000000                __nrf_sections_run_end__ = (__nrf_sections_run_start__ + SIZEOF (.nrf_sections_run))
                0x0000000000000000                __nrf_sections_run_size__ = SIZEOF (.nrf_sections_run)
                0x0000000020000000                __nrf_sections_run_load_end__ = __nrf_sections_run_end__
                0x0000000000000001                . = ASSERT (((__nrf_sections_run_start__ == __nrf_sections_run_end__) || ((__nrf_sections_run_end__ - __RAM1_segment_start__) <= __RAM1_segment_size__)), error: .nrf_sections_run is too large to fit in RAM1 memory segment)
                0x0000000000000000                __vectors_load_start__ = 0x0

.vectors        0x0000000000000000      0x200
                0x0000000000000000                __vectors_start__ = .
 *(.vectors .vectors.*)
 .vectors       0x0000000000000000      0x200 Output/Release/Obj/wdt_pca10040/ses_startup_nrf52.o
                0x0000000000000000                _vectors
                0x0000000000000200                __vectors_end__ = (__vectors_start__ + SIZEOF (.vectors))
                0x0000000000000200                __vectors_size__ = SIZEOF (.vectors)
                0x0000000000000200                __vectors_load_end__ = __vectors_end__
                0x0000000000000001                . = ASSERT (((__vectors_start__ == __vectors_end__) || ((__vectors_end__ - __FLASH1_segment_start__) <= __FLASH1_segment_size__)), error: .vectors is too large to fit in FLASH1 memory segment)
                0x0000000000000200                __init_load_start__ = ALIGN (__vectors_end__, 0x4)

.init           0x0000000000000200      0x1d0
                0x0000000000000200                __init_start__ = .
 *(.init .init.*)
 .init          0x0000000000000200      0x15c Output/Release/Obj/wdt_pca10040/thumb_crt0.o
                0x0000000000000200                _start
                0x00000000000002b4                exit
 .init          0x000000000000035c       0x18 Output/Release/Obj/wdt_pca10040/ses_startup_nrf52.o
                0x000000000000035c                NMI_Handler
                0x000000000000035e                HardFault_Handler
                0x0000000000000360                MemoryManagement_Handler
                0x0000000000000362                BusFault_Handler
                0x0000000000000364                UsageFault_Handler
                0x0000000000000366                SVC_Handler
                0x0000000000000368                DebugMon_Handler
                0x000000000000036a                PendSV_Handler
                0x000000000000036c                SysTick_Handler
                0x000000000000036e                PWM1_IRQHandler
                0x000000000000036e                SWI0_EGU0_IRQHandler
                0x000000000000036e                RADIO_IRQHandler
                0x000000000000036e                PDM_IRQHandler
                0x000000000000036e                TEMP_IRQHandler
                0x000000000000036e                QDEC_IRQHandler
                0x000000000000036e                TIMER3_IRQHandler
                0x000000000000036e                RTC0_IRQHandler
                0x000000000000036e                SPIM0_SPIS0_TWIM0_TWIS0_SPI0_TWI0_IRQHandler
                0x000000000000036e                SWI2_EGU2_IRQHandler
                0x000000000000036e                UARTE0_UART0_IRQHandler
                0x000000000000036e                TIMER4_IRQHandler
                0x000000000000036e                I2S_IRQHandler
                0x000000000000036e                SWI4_EGU4_IRQHandler
                0x000000000000036e                TIMER0_IRQHandler
                0x000000000000036e                Dummy_Handler
                0x000000000000036e                TIMER1_IRQHandler
                0x000000000000036e                PWM2_IRQHandler
                0x000000000000036e                ECB_IRQHandler
                0x000000000000036e                SPIM1_SPIS1_TWIM1_TWIS1_SPI1_TWI1_IRQHandler
                0x000000000000036e                SAADC_IRQHandler
                0x000000000000036e                CCM_AAR_IRQHandler
                0x000000000000036e                FPU_IRQHandler
                0x000000000000036e                SWI5_EGU5_IRQHandler
                0x000000000000036e                RNG_IRQHandler
                0x000000000000036e                RTC2_IRQHandler
                0x000000000000036e                PWM0_IRQHandler
                0x000000000000036e                SWI3_EGU3_IRQHandler
                0x000000000000036e                SWI1_EGU1_IRQHandler
                0x000000000000036e                SPIM2_SPIS2_SPI2_IRQHandler
                0x000000000000036e                NFCT_IRQHandler
                0x000000000000036e                TIMER2_IRQHandler
                0x000000000000036e                MWU_IRQHandler
                0x000000000000036e                COMP_LPCOMP_IRQHandler
                0x0000000000000370                nRFInitialize
 .init          0x0000000000000374       0x5c Output/Release/Obj/wdt_pca10040/ses_startup_nrf_common.o
                0x0000000000000374                Reset_Handler
                0x0000000000000378                afterInitialize
                0x000000000000039c                InitializeUserMemorySections
                0x00000000000003d0                __init_end__ = (__init_start__ + SIZEOF (.init))
                0x00000000000001d0                __init_size__ = SIZEOF (.init)
                0x00000000000003d0                __init_load_end__ = __init_end__
                0x0000000000000001                . = ASSERT (((__init_start__ == __init_end__) || ((__init_end__ - __FLASH1_segment_start__) <= __FLASH1_segment_size__)), error: .init is too large to fit in FLASH1 memory segment)
                0x00000000000003d0                __init_rodata_load_start__ = ALIGN (__init_end__, 0x4)

.init_rodata    0x00000000000003d0        0x0
                0x00000000000003d0                __init_rodata_start__ = .
 *(.init_rodata .init_rodata.*)
                0x00000000000003d0                __init_rodata_end__ = (__init_rodata_start__ + SIZEOF (.init_rodata))
                0x0000000000000000                __init_rodata_size__ = SIZEOF (.init_rodata)
                0x00000000000003d0                __init_rodata_load_end__ = __init_rodata_end__
                0x0000000000000001                . = ASSERT (((__init_rodata_start__ == __init_rodata_end__) || ((__init_rodata_end__ - __FLASH1_segment_start__) <= __FLASH1_segment_size__)), error: .init_rodata is too large to fit in FLASH1 memory segment)
                0x00000000000003d0                __text_load_start__ = ALIGN (__init_rodata_end__, 0x4)

.text           0x00000000000003d0     0x1ab8
                0x00000000000003d0                __text_start__ = .
 *(.text .text.* .glue_7t .glue_7 .gnu.linkonce.t.* .gcc_except_table .ARM.extab* .gnu.linkonce.armextab.*)
 .glue_7        0x00000000000003d0        0x0 linker stubs
 .glue_7t       0x00000000000003d0        0x0 linker stubs
 .text.bsp_board_led_state_get
                0x00000000000003d0       0x1c Output/Release/Obj/wdt_pca10040/boards.o
                0x00000000000003d0                bsp_board_led_state_get
 .text.bsp_board_led_on
                0x00000000000003ec       0x18 Output/Release/Obj/wdt_pca10040/boards.o
                0x00000000000003ec                bsp_board_led_on
 .text.bsp_board_led_off
                0x0000000000000404       0x18 Output/Release/Obj/wdt_pca10040/boards.o
                0x0000000000000404                bsp_board_led_off
 .text.bsp_board_leds_off
                0x000000000000041c       0x1e Output/Release/Obj/wdt_pca10040/boards.o
                0x000000000000041c                bsp_board_leds_off
 .text.bsp_board_leds_on
                0x000000000000043a       0x1e Output/Release/Obj/wdt_pca10040/boards.o
                0x000000000000043a                bsp_board_leds_on
 .text.bsp_board_led_invert
                0x0000000000000458       0x24 Output/Release/Obj/wdt_pca10040/boards.o
                0x0000000000000458                bsp_board_led_invert
 .text.bsp_board_pin_to_button_idx
                0x000000000000047c       0x24 Output/Release/Obj/wdt_pca10040/boards.o
                0x000000000000047c                bsp_board_pin_to_button_idx
 .text.bsp_board_init
                0x00000000000004a0       0x3e Output/Release/Obj/wdt_pca10040/boards.o
                0x00000000000004a0                bsp_board_init
 *fill*         0x00000000000004de        0x2 
 .text.state_set
                0x00000000000004e0       0x24 Output/Release/Obj/wdt_pca10040/app_button.o
 .text.button_get
                0x0000000000000504       0x30 Output/Release/Obj/wdt_pca10040/app_button.o
 .text.usr_event
                0x0000000000000534       0x20 Output/Release/Obj/wdt_pca10040/app_button.o
 .text.timer_start
                0x0000000000000554       0x18 Output/Release/Obj/wdt_pca10040/app_button.o
 .text.gpiote_event_handler
                0x000000000000056c       0x34 Output/Release/Obj/wdt_pca10040/app_button.o
 .text.evt_handle
                0x00000000000005a0       0xd8 Output/Release/Obj/wdt_pca10040/app_button.o
                0x00000000000005a0                evt_handle
 .text.detection_delay_timeout_handler
                0x0000000000000678       0x5c Output/Release/Obj/wdt_pca10040/app_button.o
 .text.app_button_init
                0x00000000000006d4       0xb0 Output/Release/Obj/wdt_pca10040/app_button.o
                0x00000000000006d4                app_button_init
 .text.app_button_enable
                0x0000000000000784       0x2c Output/Release/Obj/wdt_pca10040/app_button.o
                0x0000000000000784                app_button_enable
 .text.app_error_handler_bare
                0x00000000000007b0       0x1a Output/Release/Obj/wdt_pca10040/app_error.o
                0x00000000000007b0                app_error_handler_bare
 .text.compare_func
                0x00000000000007ca       0x18 Output/Release/Obj/wdt_pca10040/app_timer2.o
 *fill*         0x00000000000007e2        0x2 
 .text.get_now  0x00000000000007e4       0x38 Output/Release/Obj/wdt_pca10040/app_timer2.o
 .text.timer_req_schedule
                0x000000000000081c       0x38 Output/Release/Obj/wdt_pca10040/app_timer2.o
 .text.timer_expire
                0x0000000000000854       0x98 Output/Release/Obj/wdt_pca10040/app_timer2.o
 .text.app_timer_init
                0x00000000000008ec       0x64 Output/Release/Obj/wdt_pca10040/app_timer2.o
                0x00000000000008ec                app_timer_init
 .text.app_timer_create
                0x0000000000000950       0x24 Output/Release/Obj/wdt_pca10040/app_timer2.o
                0x0000000000000950                app_timer_create
 .text.app_timer_start
                0x0000000000000974       0x52 Output/Release/Obj/wdt_pca10040/app_timer2.o
                0x0000000000000974                app_timer_start
 .text.app_timer_stop
                0x00000000000009c6       0x44 Output/Release/Obj/wdt_pca10040/app_timer2.o
                0x00000000000009c6                app_timer_stop
 *fill*         0x0000000000000a0a        0x2 
 .text.app_timer_cnt_get
                0x0000000000000a0c        0xc Output/Release/Obj/wdt_pca10040/app_timer2.o
                0x0000000000000a0c                app_timer_cnt_get
 .text.rtc_irq  0x0000000000000a18      0x1b8 Output/Release/Obj/wdt_pca10040/app_timer2.o
 .text.app_util_disable_irq
                0x0000000000000bd0       0x10 Output/Release/Obj/wdt_pca10040/app_util_platform.o
                0x0000000000000bd0                app_util_disable_irq
 .text.app_util_enable_irq
                0x0000000000000be0       0x14 Output/Release/Obj/wdt_pca10040/app_util_platform.o
                0x0000000000000be0                app_util_enable_irq
 .text.app_util_critical_region_enter
                0x0000000000000bf4        0x4 Output/Release/Obj/wdt_pca10040/app_util_platform.o
                0x0000000000000bf4                app_util_critical_region_enter
 .text.app_util_critical_region_exit
                0x0000000000000bf8        0x4 Output/Release/Obj/wdt_pca10040/app_util_platform.o
                0x0000000000000bf8                app_util_critical_region_exit
 .text.evt_pending.isra.0
                0x0000000000000bfc       0x1a Output/Release/Obj/wdt_pca10040/drv_rtc.o
 *fill*         0x0000000000000c16        0x2 
 .text.drv_rtc_init
                0x0000000000000c18       0x74 Output/Release/Obj/wdt_pca10040/drv_rtc.o
                0x0000000000000c18                drv_rtc_init
 .text.drv_rtc_start
                0x0000000000000c8c        0x8 Output/Release/Obj/wdt_pca10040/drv_rtc.o
                0x0000000000000c8c                drv_rtc_start
 .text.drv_rtc_stop
                0x0000000000000c94        0x8 Output/Release/Obj/wdt_pca10040/drv_rtc.o
                0x0000000000000c94                drv_rtc_stop
 .text.drv_rtc_compare_set
                0x0000000000000c9c       0x3e Output/Release/Obj/wdt_pca10040/drv_rtc.o
                0x0000000000000c9c                drv_rtc_compare_set
 *fill*         0x0000000000000cda        0x2 
 .text.drv_rtc_windowed_compare_set
                0x0000000000000cdc       0xf0 Output/Release/Obj/wdt_pca10040/drv_rtc.o
                0x0000000000000cdc                drv_rtc_windowed_compare_set
 .text.drv_rtc_overflow_enable
                0x0000000000000dcc       0x10 Output/Release/Obj/wdt_pca10040/drv_rtc.o
                0x0000000000000dcc                drv_rtc_overflow_enable
 .text.drv_rtc_overflow_pending
                0x0000000000000ddc        0xa Output/Release/Obj/wdt_pca10040/drv_rtc.o
                0x0000000000000ddc                drv_rtc_overflow_pending
 .text.drv_rtc_compare_disable
                0x0000000000000de6       0x14 Output/Release/Obj/wdt_pca10040/drv_rtc.o
                0x0000000000000de6                drv_rtc_compare_disable
 .text.drv_rtc_compare_pending
                0x0000000000000dfa        0xc Output/Release/Obj/wdt_pca10040/drv_rtc.o
                0x0000000000000dfa                drv_rtc_compare_pending
 .text.drv_rtc_counter_get
                0x0000000000000e06        0x8 Output/Release/Obj/wdt_pca10040/drv_rtc.o
                0x0000000000000e06                drv_rtc_counter_get
 *fill*         0x0000000000000e0e        0x2 
 .text.drv_rtc_irq_trigger
                0x0000000000000e10       0x24 Output/Release/Obj/wdt_pca10040/drv_rtc.o
                0x0000000000000e10                drv_rtc_irq_trigger
 .text.RTC1_IRQHandler
                0x0000000000000e34       0x14 Output/Release/Obj/wdt_pca10040/drv_rtc.o
                0x0000000000000e34                RTC1_IRQHandler
 .text.nrf_atfifo_init
                0x0000000000000e48       0x26 Output/Release/Obj/wdt_pca10040/nrf_atfifo.o
                0x0000000000000e48                nrf_atfifo_init
 .text.nrf_atfifo_item_alloc
                0x0000000000000e6e       0x54 Output/Release/Obj/wdt_pca10040/nrf_atfifo.o
                0x0000000000000e6e                nrf_atfifo_item_alloc
 .text.nrf_atfifo_item_put
                0x0000000000000ec2       0x20 Output/Release/Obj/wdt_pca10040/nrf_atfifo.o
                0x0000000000000ec2                nrf_atfifo_item_put
 .text.nrf_atfifo_item_get
                0x0000000000000ee2       0x56 Output/Release/Obj/wdt_pca10040/nrf_atfifo.o
                0x0000000000000ee2                nrf_atfifo_item_get
 .text.nrf_atfifo_item_free
                0x0000000000000f38       0x20 Output/Release/Obj/wdt_pca10040/nrf_atfifo.o
                0x0000000000000f38                nrf_atfifo_item_free
 .text.nrf_sortlist_add
                0x0000000000000f58       0x20 Output/Release/Obj/wdt_pca10040/nrf_sortlist.o
                0x0000000000000f58                nrf_sortlist_add
 .text.nrf_sortlist_pop
                0x0000000000000f78        0xc Output/Release/Obj/wdt_pca10040/nrf_sortlist.o
                0x0000000000000f78                nrf_sortlist_pop
 .text.nrf_sortlist_peek
                0x0000000000000f84        0x6 Output/Release/Obj/wdt_pca10040/nrf_sortlist.o
                0x0000000000000f84                nrf_sortlist_peek
 .text.nrf_sortlist_remove
                0x0000000000000f8a       0x1a Output/Release/Obj/wdt_pca10040/nrf_sortlist.o
                0x0000000000000f8a                nrf_sortlist_remove
 .text.clock_clk_started_notify
                0x0000000000000fa4       0x24 Output/Release/Obj/wdt_pca10040/nrf_drv_clock.o
 .text.clock_irq_handler
                0x0000000000000fc8       0x1c Output/Release/Obj/wdt_pca10040/nrf_drv_clock.o
 .text.nrf_drv_clock_init
                0x0000000000000fe4       0x40 Output/Release/Obj/wdt_pca10040/nrf_drv_clock.o
                0x0000000000000fe4                nrf_drv_clock_init
 .text.nrf_drv_clock_lfclk_request
                0x0000000000001024       0x54 Output/Release/Obj/wdt_pca10040/nrf_drv_clock.o
                0x0000000000001024                nrf_drv_clock_lfclk_request
 .text.nrf_clock_event_clear
                0x0000000000001078       0x14 Output/Release/Obj/wdt_pca10040/nrfx_clock.o
 .text.nrfx_clock_init
                0x000000000000108c       0x18 Output/Release/Obj/wdt_pca10040/nrfx_clock.o
                0x000000000000108c                nrfx_clock_init
 .text.nrfx_clock_enable
                0x00000000000010a4       0x24 Output/Release/Obj/wdt_pca10040/nrfx_clock.o
                0x00000000000010a4                nrfx_clock_enable
 .text.nrfx_clock_lfclk_start
                0x00000000000010c8       0x50 Output/Release/Obj/wdt_pca10040/nrfx_clock.o
                0x00000000000010c8                nrfx_clock_lfclk_start
 .text.POWER_CLOCK_IRQHandler
                0x0000000000001118       0x50 Output/Release/Obj/wdt_pca10040/nrfx_clock.o
                0x0000000000001118                POWER_CLOCK_IRQHandler
 .text.nrf_gpiote_event_clear
                0x0000000000001168       0x18 Output/Release/Obj/wdt_pca10040/nrfx_gpiote.o
 .text.nrf_gpio_cfg_sense_set
                0x0000000000001180       0x20 Output/Release/Obj/wdt_pca10040/nrfx_gpiote.o
 .text.channel_free
                0x00000000000011a0       0x1c Output/Release/Obj/wdt_pca10040/nrfx_gpiote.o
 .text.nrfx_gpiote_init
                0x00000000000011bc       0x70 Output/Release/Obj/wdt_pca10040/nrfx_gpiote.o
                0x00000000000011bc                nrfx_gpiote_init
 .text.nrfx_gpiote_is_init
                0x000000000000122c       0x14 Output/Release/Obj/wdt_pca10040/nrfx_gpiote.o
                0x000000000000122c                nrfx_gpiote_is_init
 .text.nrfx_gpiote_in_init
                0x0000000000001240       0xf0 Output/Release/Obj/wdt_pca10040/nrfx_gpiote.o
                0x0000000000001240                nrfx_gpiote_in_init
 .text.nrfx_gpiote_in_event_enable
                0x0000000000001330       0x8c Output/Release/Obj/wdt_pca10040/nrfx_gpiote.o
                0x0000000000001330                nrfx_gpiote_in_event_enable
 .text.nrfx_gpiote_in_is_set
                0x00000000000013bc       0x12 Output/Release/Obj/wdt_pca10040/nrfx_gpiote.o
                0x00000000000013bc                nrfx_gpiote_in_is_set
 *fill*         0x00000000000013ce        0x2 
 .text.GPIOTE_IRQHandler
                0x00000000000013d0      0x14c Output/Release/Obj/wdt_pca10040/nrfx_gpiote.o
                0x00000000000013d0                GPIOTE_IRQHandler
 .text.WDT_IRQHandler
                0x000000000000151c       0x2c Output/Release/Obj/wdt_pca10040/nrfx_wdt.o
                0x000000000000151c                WDT_IRQHandler
 .text.nrfx_wdt_init
                0x0000000000001548       0x58 Output/Release/Obj/wdt_pca10040/nrfx_wdt.o
                0x0000000000001548                nrfx_wdt_init
 .text.nrfx_wdt_enable
                0x00000000000015a0       0x1c Output/Release/Obj/wdt_pca10040/nrfx_wdt.o
                0x00000000000015a0                nrfx_wdt_enable
 .text.nrfx_wdt_channel_alloc
                0x00000000000015bc       0x40 Output/Release/Obj/wdt_pca10040/nrfx_wdt.o
                0x00000000000015bc                nrfx_wdt_channel_alloc
 .text.nrfx_wdt_channel_feed
                0x00000000000015fc       0x18 Output/Release/Obj/wdt_pca10040/nrfx_wdt.o
                0x00000000000015fc                nrfx_wdt_channel_feed
 .text.alert_timer_handler
                0x0000000000001614        0x6 Output/Release/Obj/wdt_pca10040/bsp.o
 *fill*         0x000000000000161a        0x2 
 .text.bsp_button_event_handler
                0x000000000000161c       0x9c Output/Release/Obj/wdt_pca10040/bsp.o
 .text.button_timer_handler
                0x00000000000016b8        0x8 Output/Release/Obj/wdt_pca10040/bsp.o
 .text.leds_off
                0x00000000000016c0       0x2c Output/Release/Obj/wdt_pca10040/bsp.o
 .text.bsp_led_indication
                0x00000000000016ec      0x200 Output/Release/Obj/wdt_pca10040/bsp.o
 .text.leds_timer_handler
                0x00000000000018ec       0x1c Output/Release/Obj/wdt_pca10040/bsp.o
 .text.bsp_init
                0x0000000000001908       0x9c Output/Release/Obj/wdt_pca10040/bsp.o
                0x0000000000001908                bsp_init
 .text.bsp_buttons_enable
                0x00000000000019a4        0x4 Output/Release/Obj/wdt_pca10040/bsp.o
                0x00000000000019a4                bsp_buttons_enable
 .text.wdt_event_handler
                0x00000000000019a8        0x4 Output/Release/Obj/wdt_pca10040/main.o
                0x00000000000019a8                wdt_event_handler
 .text.bsp_event_callback
                0x00000000000019ac       0x14 Output/Release/Obj/wdt_pca10040/main.o
                0x00000000000019ac                bsp_event_callback
 .text.app_error_fault_handler
                0x00000000000019c0        0x8 Output/Release/Obj/wdt_pca10040/main.o
                0x00000000000019c0                app_error_fault_handler
 .text.startup.main
                0x00000000000019c8       0xa0 Output/Release/Obj/wdt_pca10040/main.o
                0x00000000000019c8                main
 .text.nrf52_errata_12
                0x0000000000001a68       0x1c Output/Release/Obj/wdt_pca10040/system_nrf52.o
 .text.nrf52_errata_16
                0x0000000000001a84       0x28 Output/Release/Obj/wdt_pca10040/system_nrf52.o
 .text.nvmc_wait
                0x0000000000001aac       0x10 Output/Release/Obj/wdt_pca10040/system_nrf52.o
                0x0000000000001aac                nvmc_wait
 .text.SystemInit
                0x0000000000001abc      0x298 Output/Release/Obj/wdt_pca10040/system_nrf52.o
                0x0000000000001abc                SystemInit
 .text.libc.__int64_udivmod
                0x0000000000001d54       0xce C:/Program Files/SEGGER/SEGGER Embedded Studio for ARM 5.68/lib/libc_v7em_fpv4_sp_d16_hard_t_le_eabi.a(libc_asm.o)
                0x0000000000001d54                __aeabi_uldivmod
                0x0000000000001d54                __int64_udiv
                0x0000000000001d54                __udivdi3
                0x0000000000001d54                __int64_udivmod
 .text.libc.memset
                0x0000000000001e22       0x66 C:/Program Files/SEGGER/SEGGER Embedded Studio for ARM 5.68/lib/libc_v7em_fpv4_sp_d16_hard_t_le_eabi.a(libc2_asm.o)
                0x0000000000001e22                memset
                0x0000000000001e88                . = ALIGN (MAX ((__text_start__ + 0x4), .), 0x4)
                0x0000000000001e88                __text_end__ = (__text_start__ + SIZEOF (.text))
                0x0000000000001ab8                __text_size__ = SIZEOF (.text)
                0x0000000000001e88                __text_load_end__ = __text_end__

.vfp11_veneer   0x0000000100000000        0x0
 .vfp11_veneer  0x0000000100000000        0x0 linker stubs

.v4_bx          0x0000000100000000        0x0
 .v4_bx         0x0000000100000000        0x0 linker stubs

.iplt           0x0000000100000000        0x0
 .iplt          0x0000000100000000        0x0 Output/Release/Obj/wdt_pca10040/thumb_crt0.o
                0x0000000000000001                . = ASSERT (((__text_start__ == __text_end__) || ((__text_end__ - __FLASH1_segment_start__) <= __FLASH1_segment_size__)), error: .text is too large to fit in FLASH1 memory segment)
                0x0000000000001e88                __log_const_data_load_start__ = ALIGN (__text_end__, 0x4)

.log_const_data
                0x0000000000001e88        0x0
                0x0000000000001e88                __log_const_data_start__ = .
                0x0000000000001e88                __start_log_const_data = __log_const_data_start__
 *(SORT_BY_NAME(.log_const_data*))
                0x0000000000001e88                __log_const_data_end__ = (__log_const_data_start__ + SIZEOF (.log_const_data))
                0x0000000000000000                __log_const_data_size__ = SIZEOF (.log_const_data)
                0x0000000000001e88                __stop_log_const_data = __log_const_data_end__
                0x0000000000001e88                __log_const_data_load_end__ = __log_const_data_end__
                0x0000000000000001                . = ASSERT (((__log_const_data_start__ == __log_const_data_end__) || ((__log_const_data_end__ - __FLASH1_segment_start__) <= __FLASH1_segment_size__)), error: .log_const_data is too large to fit in FLASH1 memory segment)
                0x0000000000001e88                __log_backends_load_start__ = ALIGN (__log_const_data_end__, 0x4)

.log_backends   0x0000000000001e88        0x0
                0x0000000000001e88                __log_backends_start__ = .
                0x0000000000001e88                __start_log_backends = __log_backends_start__
 *(SORT_BY_NAME(.log_backends*))
                0x0000000000001e88                __log_backends_end__ = (__log_backends_start__ + SIZEOF (.log_backends))
                0x0000000000000000                __log_backends_size__ = SIZEOF (.log_backends)
                0x0000000000001e88                __stop_log_backends = __log_backends_end__
                0x0000000000001e88                __log_backends_load_end__ = __log_backends_end__
                0x0000000000000001                . = ASSERT (((__log_backends_start__ == __log_backends_end__) || ((__log_backends_end__ - __FLASH1_segment_start__) <= __FLASH1_segment_size__)), error: .log_backends is too large to fit in FLASH1 memory segment)
                0x0000000000001e88                __nrf_balloc_load_start__ = ALIGN (__log_backends_end__, 0x4)

.nrf_balloc     0x0000000000001e88        0x0
                0x0000000000001e88                __nrf_balloc_start__ = .
                0x0000000000001e88                __start_nrf_balloc = __nrf_balloc_start__
 *(.nrf_balloc*)
                0x0000000000001e88                __nrf_balloc_end__ = (__nrf_balloc_start__ + SIZEOF (.nrf_balloc))
                0x0000000000000000                __nrf_balloc_size__ = SIZEOF (.nrf_balloc)
                0x0000000000001e88                __stop_nrf_balloc = __nrf_balloc_end__
                0x0000000000001e88                __nrf_balloc_load_end__ = __nrf_balloc_end__
                0x0000000000000001                . = ASSERT (((__nrf_balloc_start__ == __nrf_balloc_end__) || ((__nrf_balloc_end__ - __FLASH1_segment_start__) <= __FLASH1_segment_size__)), error: .nrf_balloc is too large to fit in FLASH1 memory segment)
                0x0000000000001e88                __nrf_sections_load_start__ = ALIGN (__nrf_balloc_end__, 0x4)

.nrf_sections   0x0000000000001e88        0x0
                0x0000000000001e88                __nrf_sections_start__ = .
                0x0000000000001e88                __start_nrf_sections = __nrf_sections_start__
 *(.nrf_sections .nrf_sections.*)
                0x0000000000001e88                __nrf_sections_end__ = (__nrf_sections_start__ + SIZEOF (.nrf_sections))
                0x0000000000000000                __nrf_sections_size__ = SIZEOF (.nrf_sections)
                0x0000000000001e88                __nrf_sections_load_end__ = __nrf_sections_end__
                0x0000000000000001                . = ASSERT (((__nrf_sections_start__ == __nrf_sections_end__) || ((__nrf_sections_end__ - __FLASH1_segment_start__) <= __FLASH1_segment_size__)), error: .nrf_sections is too large to fit in FLASH1 memory segment)
                0x0000000000001e88                __log_dynamic_data_load_start__ = ALIGN (__nrf_sections_end__, 0x4)

.log_dynamic_data
                0x0000000020000000        0x0 load address 0x0000000000001e88
                0x0000000020000000                __log_dynamic_data_start__ = .
 *(SORT_BY_NAME(.log_dynamic_data*))
                0x0000000020000000                __log_dynamic_data_end__ = (__log_dynamic_data_start__ + SIZEOF (.log_dynamic_data))
                0x0000000000000000                __log_dynamic_data_size__ = SIZEOF (.log_dynamic_data)
                0x0000000000001e88                __log_dynamic_data_load_end__ = (__log_dynamic_data_load_start__ + SIZEOF (.log_dynamic_data))
                0x0000000000000001                . = ASSERT (((__log_dynamic_data_load_start__ == __log_dynamic_data_load_end__) || ((__log_dynamic_data_load_end__ - __FLASH1_segment_start__) <= __FLASH1_segment_size__)), error: .log_dynamic_data is too large to fit in FLASH1 memory segment)

.log_dynamic_data_run
                0x0000000020000000        0x0
                0x0000000020000000                __log_dynamic_data_run_start__ = .
                0x0000000020000000                __start_log_dynamic_data = __log_dynamic_data_run_start__
                0x0000000020000000                __log_dynamic_data_run_end__ = (__log_dynamic_data_run_start__ + SIZEOF (.log_dynamic_data))
                0x0000000000000000                __log_dynamic_data_run_size__ = (__log_dynamic_data_run_end__ - __log_dynamic_data_run_start__)
                0x0000000020000000                __stop_log_dynamic_data = __log_dynamic_data_run_end__
                0x0000000020000000                __log_dynamic_data_run_load_end__ = __log_dynamic_data_run_end__
                0x0000000000000001                . = ASSERT (((__log_dynamic_data_run_start__ == __log_dynamic_data_run_end__) || ((__log_dynamic_data_run_end__ - __RAM1_segment_start__) <= __RAM1_segment_size__)), error: .log_dynamic_data_run is too large to fit in RAM1 memory segment)
                0x0000000000001e88                __log_filter_data_load_start__ = ALIGN ((__log_dynamic_data_load_start__ + SIZEOF (.log_dynamic_data)), 0x4)

.log_filter_data
                0x0000000020000000        0x0 load address 0x0000000000001e88
                0x0000000020000000                __log_filter_data_start__ = .
 *(SORT_BY_NAME(.log_filter_data*))
                0x0000000020000000                __log_filter_data_end__ = (__log_filter_data_start__ + SIZEOF (.log_filter_data))
                0x0000000000000000                __log_filter_data_size__ = SIZEOF (.log_filter_data)
                0x0000000000001e88                __log_filter_data_load_end__ = (__log_filter_data_load_start__ + SIZEOF (.log_filter_data))
                0x0000000000000001                . = ASSERT (((__log_filter_data_load_start__ == __log_filter_data_load_end__) || ((__log_filter_data_load_end__ - __FLASH1_segment_start__) <= __FLASH1_segment_size__)), error: .log_filter_data is too large to fit in FLASH1 memory segment)

.log_filter_data_run
                0x0000000020000000        0x0
                0x0000000020000000                __log_filter_data_run_start__ = .
                0x0000000020000000                __start_log_filter_data = __log_filter_data_run_start__
                0x0000000020000000                __log_filter_data_run_end__ = (__log_filter_data_run_start__ + SIZEOF (.log_filter_data))
                0x0000000000000000                __log_filter_data_run_size__ = (__log_filter_data_run_end__ - __log_filter_data_run_start__)
                0x0000000020000000                __stop_log_filter_data = __log_filter_data_run_end__
                0x0000000020000000                __log_filter_data_run_load_end__ = __log_filter_data_run_end__
                0x0000000000000001                . = ASSERT (((__log_filter_data_run_start__ == __log_filter_data_run_end__) || ((__log_filter_data_run_end__ - __RAM1_segment_start__) <= __RAM1_segment_size__)), error: .log_filter_data_run is too large to fit in RAM1 memory segment)
                0x0000000020000000                __nrf_sections_run_end_load_start__ = ALIGN (__log_filter_data_run_end__, 0x4)

.nrf_sections_run_end
                0x0000000020000000        0x0
                0x0000000020000000                __nrf_sections_run_end_start__ = .
                0x0000000020000000                __end_nrf_sections_run = __nrf_sections_run_end_start__
 *(.nrf_sections_run_end .nrf_sections_run_end.*)
                0x0000000020000000                __nrf_sections_run_end_end__ = (__nrf_sections_run_end_start__ + SIZEOF (.nrf_sections_run_end))
                0x0000000000000000                __nrf_sections_run_end_size__ = SIZEOF (.nrf_sections_run_end)
                0x0000000020000000                __nrf_sections_run_end_load_end__ = __nrf_sections_run_end_end__
                0x0000000000000001                . = ASSERT (((__nrf_sections_run_end_start__ == __nrf_sections_run_end_end__) || ((__nrf_sections_run_end_end__ - __RAM1_segment_start__) <= __RAM1_segment_size__)), error: .nrf_sections_run_end is too large to fit in RAM1 memory segment)
                0x0000000000001e88                __dtors_load_start__ = ALIGN ((__log_filter_data_load_start__ + SIZEOF (.log_filter_data)), 0x4)

.dtors          0x0000000000001e88        0x0
                0x0000000000001e88                __dtors_start__ = .
 *(SORT_BY_NAME(.dtors.*))
 *(.dtors)
 *(.fini_array)
 *(SORT_BY_NAME(.fini_array.*))
                0x0000000000001e88                __dtors_end__ = (__dtors_start__ + SIZEOF (.dtors))
                0x0000000000000000                __dtors_size__ = SIZEOF (.dtors)
                0x0000000000001e88                __dtors_load_end__ = __dtors_end__
                0x0000000000000001                . = ASSERT (((__dtors_start__ == __dtors_end__) || ((__dtors_end__ - __FLASH1_segment_start__) <= __FLASH1_segment_size__)), error: .dtors is too large to fit in FLASH1 memory segment)
                0x0000000000001e88                __ctors_load_start__ = ALIGN (__dtors_end__, 0x4)

.ctors          0x0000000000001e88        0x0
                0x0000000000001e88                __ctors_start__ = .
 *(SORT_BY_NAME(.ctors.*))
 *(.ctors)
 *(.init_array)
 *(SORT_BY_NAME(.init_array.*))
                0x0000000000001e88                __ctors_end__ = (__ctors_start__ + SIZEOF (.ctors))
                0x0000000000000000                __ctors_size__ = SIZEOF (.ctors)
                0x0000000000001e88                __ctors_load_end__ = __ctors_end__
                0x0000000000000001                . = ASSERT (((__ctors_start__ == __ctors_end__) || ((__ctors_end__ - __FLASH1_segment_start__) <= __FLASH1_segment_size__)), error: .ctors is too large to fit in FLASH1 memory segment)
                0x0000000000001e88                __rodata_load_start__ = ALIGN (__ctors_end__, 0x4)

.rodata         0x0000000000001e88       0x74
                0x0000000000001e88                __rodata_start__ = .
 *(.rodata .rodata.* .gnu.linkonce.r.*)
 .rodata.m_board_led_list
                0x0000000000001e88        0x4 Output/Release/Obj/wdt_pca10040/boards.o
 .rodata.m_detection_delay_timer_id
                0x0000000000001e8c        0x4 Output/Release/Obj/wdt_pca10040/app_button.o
 .rodata        0x0000000000001e90        0x4 Output/Release/Obj/wdt_pca10040/app_timer2.o
 .rodata.m_app_timer_sortlist
                0x0000000000001e94        0xc Output/Release/Obj/wdt_pca10040/app_timer2.o
 .rodata.delay_machine_code.0
                0x0000000000001ea0        0x6 Output/Release/Obj/wdt_pca10040/drv_rtc.o
 *fill*         0x0000000000001ea6        0x2 
 .rodata.app_buttons
                0x0000000000001ea8       0x20 Output/Release/Obj/wdt_pca10040/bsp.o
 .rodata.m_bsp_alert_tmr
                0x0000000000001ec8        0x4 Output/Release/Obj/wdt_pca10040/bsp.o
 .rodata.m_bsp_button_tmr
                0x0000000000001ecc        0x4 Output/Release/Obj/wdt_pca10040/bsp.o
 .rodata.m_bsp_leds_tmr
                0x0000000000001ed0        0x4 Output/Release/Obj/wdt_pca10040/bsp.o
 .rodata        0x0000000000001ed4        0xc Output/Release/Obj/wdt_pca10040/main.o
 .rodata.delay_machine_code.0
                0x0000000000001ee0        0x6 Output/Release/Obj/wdt_pca10040/main.o
 .rodata.CSWTCH.15
                0x0000000000001ee6        0x5 Output/Release/Obj/wdt_pca10040/system_nrf52.o
 .rodata.CSWTCH.19
                0x0000000000001eeb        0x5 Output/Release/Obj/wdt_pca10040/system_nrf52.o
 .rodata.CSWTCH.21
                0x0000000000001ef0        0x5 Output/Release/Obj/wdt_pca10040/system_nrf52.o
 .rodata.CSWTCH.5
                0x0000000000001ef5        0x5 Output/Release/Obj/wdt_pca10040/system_nrf52.o
                0x0000000000001efc                . = ALIGN (MAX ((__rodata_start__ + 0x4), .), 0x4)
 *fill*         0x0000000000001efa        0x2 
                0x0000000000001efc                __rodata_end__ = (__rodata_start__ + SIZEOF (.rodata))
                0x0000000000000074                __rodata_size__ = SIZEOF (.rodata)
                0x0000000000001efc                __rodata_load_end__ = __rodata_end__

.rel.dyn        0x0000000000001efc        0x0
 .rel.iplt      0x0000000000001efc        0x0 Output/Release/Obj/wdt_pca10040/thumb_crt0.o
                0x0000000000000001                . = ASSERT (((__rodata_start__ == __rodata_end__) || ((__rodata_end__ - __FLASH1_segment_start__) <= __FLASH1_segment_size__)), error: .rodata is too large to fit in FLASH1 memory segment)
                0x0000000000001efc                __ARM.exidx_load_start__ = ALIGN (__rodata_end__, 0x4)

.ARM.exidx      0x0000000000001efc        0x0
                0x0000000000001efc                __ARM.exidx_start__ = .
                0x0000000000001efc                __exidx_start = __ARM.exidx_start__
 *(.ARM.exidx .ARM.exidx.*)
                0x0000000000001efc                __ARM.exidx_end__ = (__ARM.exidx_start__ + SIZEOF (.ARM.exidx))
                0x0000000000000000                __ARM.exidx_size__ = SIZEOF (.ARM.exidx)
                0x0000000000001efc                __exidx_end = __ARM.exidx_end__
                0x0000000000001efc                __ARM.exidx_load_end__ = __ARM.exidx_end__
                0x0000000000000001                . = ASSERT (((__ARM.exidx_start__ == __ARM.exidx_end__) || ((__ARM.exidx_end__ - __FLASH1_segment_start__) <= __FLASH1_segment_size__)), error: .ARM.exidx is too large to fit in FLASH1 memory segment)
                0x0000000000001efc                __fast_load_start__ = ALIGN (__ARM.exidx_end__, 0x4)

.fast           0x0000000020000000        0x0 load address 0x0000000000001efc
                0x0000000020000000                __fast_start__ = .
 *(.fast .fast.*)
                0x0000000020000000                __fast_end__ = (__fast_start__ + SIZEOF (.fast))
                0x0000000000000000                __fast_size__ = SIZEOF (.fast)
                0x0000000000001efc                __fast_load_end__ = (__fast_load_start__ + SIZEOF (.fast))
                0x0000000000000001                . = ASSERT (((__fast_load_start__ == __fast_load_end__) || ((__fast_load_end__ - __FLASH1_segment_start__) <= __FLASH1_segment_size__)), error: .fast is too large to fit in FLASH1 memory segment)

.fast_run       0x0000000020000000        0x0
                0x0000000020000000                __fast_run_start__ = .
                0x0000000020000000                __fast_run_end__ = (__fast_run_start__ + SIZEOF (.fast))
                0x0000000000000000                __fast_run_size__ = (__fast_run_end__ - __fast_run_start__)
                0x0000000020000000                __fast_run_load_end__ = __fast_run_end__
                0x0000000000000001                . = ASSERT (((__fast_run_start__ == __fast_run_end__) || ((__fast_run_end__ - __RAM1_segment_start__) <= __RAM1_segment_size__)), error: .fast_run is too large to fit in RAM1 memory segment)
                0x0000000000001efc                __data_load_start__ = ALIGN ((__fast_load_start__ + SIZEOF (.fast)), 0x4)

.data           0x0000000020000000       0x8c load address 0x0000000000001efc
                0x0000000020000000                __data_start__ = .
 *(.data .data.* .gnu.linkonce.d.*)
 .data.m_detection_delay_timer_id_data
                0x0000000020000000       0x20 Output/Release/Obj/wdt_pca10040/app_button.o
 .data.m_rtc_inst
                0x0000000020000020        0x8 Output/Release/Obj/wdt_pca10040/app_timer2.o
 .data.m_bsp_alert_tmr_data
                0x0000000020000028       0x20 Output/Release/Obj/wdt_pca10040/bsp.o
 .data.m_bsp_button_tmr_data
                0x0000000020000048       0x20 Output/Release/Obj/wdt_pca10040/bsp.o
 .data.m_bsp_leds_tmr_data
                0x0000000020000068       0x20 Output/Release/Obj/wdt_pca10040/bsp.o
 .data.SystemCoreClock
                0x0000000020000088        0x4 Output/Release/Obj/wdt_pca10040/system_nrf52.o
                0x0000000020000088                SystemCoreClock
                0x000000002000008c                __data_end__ = (__data_start__ + SIZEOF (.data))
                0x000000000000008c                __data_size__ = SIZEOF (.data)
                0x0000000000001f88                __data_load_end__ = (__data_load_start__ + SIZEOF (.data))

.igot.plt       0x0000000100000000        0x0
 .igot.plt      0x0000000100000000        0x0 Output/Release/Obj/wdt_pca10040/thumb_crt0.o
                0x0000000000000001                . = ASSERT (((__data_load_start__ == __data_load_end__) || ((__data_load_end__ - __FLASH1_segment_start__) <= __FLASH1_segment_size__)), error: .data is too large to fit in FLASH1 memory segment)

.data_run       0x0000000020000000        0x0
                0x0000000020000000                __data_run_start__ = .
                0x000000002000008c                __data_run_end__ = (__data_run_start__ + SIZEOF (.data))
                0x000000000000008c                __data_run_size__ = (__data_run_end__ - __data_run_start__)
                0x000000002000008c                __data_run_load_end__ = __data_run_end__
                0x0000000000000001                . = ASSERT (((__data_run_start__ == __data_run_end__) || ((__data_run_end__ - __RAM1_segment_start__) <= __RAM1_segment_size__)), error: .data_run is too large to fit in RAM1 memory segment)
                0x0000000000001f88                __tdata_load_start__ = ALIGN ((__data_load_start__ + SIZEOF (.data)), 0x4)

.tdata          0x000000002000008c        0x0 load address 0x0000000000001f88
                0x000000002000008c                __tdata_start__ = .
 *(.tdata .tdata.*)
                0x000000002000008c                __tdata_end__ = (__tdata_start__ + SIZEOF (.tdata))
                0x0000000000000000                __tdata_size__ = SIZEOF (.tdata)
                0x0000000000001f88                __tdata_load_end__ = (__tdata_load_start__ + SIZEOF (.tdata))
                0x0000000000001f88                __FLASH1_segment_used_end__ = (ALIGN ((__data_load_start__ + SIZEOF (.data)), 0x4) + SIZEOF (.tdata))
                0x0000000000001f88                __FLASH1_segment_used_size__ = (__FLASH1_segment_used_end__ - __FLASH1_segment_start__)
                0x0000000000000001                . = ASSERT (((__tdata_load_start__ == __tdata_load_end__) || ((__tdata_load_end__ - __FLASH1_segment_start__) <= __FLASH1_segment_size__)), error: .tdata is too large to fit in FLASH1 memory segment)

.tdata_run      0x000000002000008c        0x0
                0x000000002000008c                __tdata_run_start__ = .
                0x000000002000008c                __tdata_run_end__ = (__tdata_run_start__ + SIZEOF (.tdata))
                0x0000000000000000                __tdata_run_size__ = (__tdata_run_end__ - __tdata_run_start__)
                0x000000002000008c                __tdata_run_load_end__ = __tdata_run_end__
                0x0000000000000001                . = ASSERT (((__tdata_run_start__ == __tdata_run_end__) || ((__tdata_run_end__ - __RAM1_segment_start__) <= __RAM1_segment_size__)), error: .tdata_run is too large to fit in RAM1 memory segment)
                0x000000002000008c                __bss_load_start__ = ALIGN (__tdata_run_end__, 0x4)

.bss            0x000000002000008c      0x162
                0x000000002000008c                __bss_start__ = .
 *(.bss .bss.* .gnu.linkonce.b.*)
 .bss.m_button_count
                0x000000002000008c        0x1 Output/Release/Obj/wdt_pca10040/app_button.o
 *fill*         0x000000002000008d        0x3 
 .bss.m_detection_delay
                0x0000000020000090        0x4 Output/Release/Obj/wdt_pca10040/app_button.o
 *fill*         0x0000000020000094        0x4 
 .bss.m_pin_active
                0x0000000020000098        0x8 Output/Release/Obj/wdt_pca10040/app_button.o
 .bss.m_pin_states
                0x00000000200000a0       0x10 Output/Release/Obj/wdt_pca10040/app_button.o
 .bss.mp_buttons
                0x00000000200000b0        0x4 Output/Release/Obj/wdt_pca10040/app_button.o
 .bss.m_app_timer_sortlist_sortlist_cb
                0x00000000200000b4        0x4 Output/Release/Obj/wdt_pca10040/app_timer2.o
 .bss.m_base_counter
                0x00000000200000b8        0x8 Output/Release/Obj/wdt_pca10040/app_timer2.o
 .bss.m_global_active
                0x00000000200000c0        0x1 Output/Release/Obj/wdt_pca10040/app_timer2.o
 *fill*         0x00000000200000c1        0x3 
 .bss.m_req_fifo_data
                0x00000000200000c4       0x58 Output/Release/Obj/wdt_pca10040/app_timer2.o
 .bss.m_req_fifo_inst
                0x000000002000011c       0x10 Output/Release/Obj/wdt_pca10040/app_timer2.o
 *fill*         0x000000002000012c        0x4 
 .bss.m_stamp64
                0x0000000020000130        0x8 Output/Release/Obj/wdt_pca10040/app_timer2.o
 .bss.mp_active_timer
                0x0000000020000138        0x4 Output/Release/Obj/wdt_pca10040/app_timer2.o
 .bss.m_in_critical_region
                0x000000002000013c        0x4 Output/Release/Obj/wdt_pca10040/app_util_platform.o
 .bss.m_cb      0x0000000020000140        0x8 Output/Release/Obj/wdt_pca10040/drv_rtc.o
 .bss.m_handlers
                0x0000000020000148        0x4 Output/Release/Obj/wdt_pca10040/drv_rtc.o
 .bss.m_clock_cb
                0x000000002000014c       0x14 Output/Release/Obj/wdt_pca10040/nrf_drv_clock.o
 .bss.m_clock_cb
                0x0000000020000160        0x8 Output/Release/Obj/wdt_pca10040/nrfx_clock.o
 .bss.m_cb      0x0000000020000168       0x5c Output/Release/Obj/wdt_pca10040/nrfx_gpiote.o
 .bss.m_alloc_index
                0x00000000200001c4        0x1 Output/Release/Obj/wdt_pca10040/nrfx_wdt.o
 .bss.m_state   0x00000000200001c5        0x1 Output/Release/Obj/wdt_pca10040/nrfx_wdt.o
 *fill*         0x00000000200001c6        0x2 
 .bss.m_wdt_event_handler
                0x00000000200001c8        0x4 Output/Release/Obj/wdt_pca10040/nrfx_wdt.o
 .bss.current_long_push_pin_no.1
                0x00000000200001cc        0x1 Output/Release/Obj/wdt_pca10040/bsp.o
 .bss.m_alert_on
                0x00000000200001cd        0x1 Output/Release/Obj/wdt_pca10040/bsp.o
 .bss.m_events_list
                0x00000000200001ce        0xc Output/Release/Obj/wdt_pca10040/bsp.o
 *fill*         0x00000000200001da        0x2 
 .bss.m_indication_type
                0x00000000200001dc        0x4 Output/Release/Obj/wdt_pca10040/bsp.o
 .bss.m_leds_clear
                0x00000000200001e0        0x1 Output/Release/Obj/wdt_pca10040/bsp.o
 *fill*         0x00000000200001e1        0x3 
 .bss.m_registered_callback
                0x00000000200001e4        0x4 Output/Release/Obj/wdt_pca10040/bsp.o
 .bss.m_stable_state
                0x00000000200001e8        0x1 Output/Release/Obj/wdt_pca10040/bsp.o
 .bss.release_event_at_push.0
                0x00000000200001e9        0x4 Output/Release/Obj/wdt_pca10040/bsp.o
 .bss.m_channel_id
                0x00000000200001ed        0x1 Output/Release/Obj/wdt_pca10040/main.o
                0x00000000200001ed                m_channel_id
 *(COMMON)
                0x00000000200001ee                __bss_end__ = (__bss_start__ + SIZEOF (.bss))
                0x0000000000000162                __bss_size__ = SIZEOF (.bss)
                0x00000000200001ee                __bss_load_end__ = __bss_end__
                0x0000000000000001                . = ASSERT (((__bss_start__ == __bss_end__) || ((__bss_end__ - __RAM1_segment_start__) <= __RAM1_segment_size__)), error: .bss is too large to fit in RAM1 memory segment)
                0x00000000200001f0                __tbss_load_start__ = ALIGN (__bss_end__, 0x4)

.tbss           0x00000000200001f0        0x0
                0x00000000200001f0                __tbss_start__ = .
 *(.tbss .tbss.*)
                0x00000000200001f0                __tbss_end__ = (__tbss_start__ + SIZEOF (.tbss))
                0x0000000000000000                __tbss_size__ = SIZEOF (.tbss)
                0x00000000200001f0                __tbss_load_end__ = __tbss_end__
                0x0000000000000001                . = ASSERT (((__tbss_start__ == __tbss_end__) || ((__tbss_end__ - __RAM1_segment_start__) <= __RAM1_segment_size__)), error: .tbss is too large to fit in RAM1 memory segment)
                0x00000000200001f0                __non_init_load_start__ = ALIGN (__tbss_end__, 0x4)

.non_init       0x00000000200001f0        0x0
                0x00000000200001f0                __non_init_start__ = .
 *(.non_init .non_init.*)
                0x00000000200001f0                __non_init_end__ = (__non_init_start__ + SIZEOF (.non_init))
                0x0000000000000000                __non_init_size__ = SIZEOF (.non_init)
                0x00000000200001f0                __non_init_load_end__ = __non_init_end__
                0x0000000000000001                . = ASSERT (((__non_init_start__ == __non_init_end__) || ((__non_init_end__ - __RAM1_segment_start__) <= __RAM1_segment_size__)), error: .non_init is too large to fit in RAM1 memory segment)
                0x00000000200001f0                __heap_load_start__ = ALIGN (__non_init_end__, 0x4)

.heap           0x00000000200001f0     0x2000
                0x00000000200001f0                __heap_start__ = .
 *(.heap .heap.*)
                0x00000000200021f0                . = ALIGN (MAX ((__heap_start__ + __HEAPSIZE__), .), 0x4)
 *fill*         0x00000000200001f0     0x2000 
                0x00000000200021f0                __heap_end__ = (__heap_start__ + SIZEOF (.heap))
                0x0000000000002000                __heap_size__ = SIZEOF (.heap)
                0x00000000200021f0                __heap_load_end__ = __heap_end__
                0x0000000000000001                . = ASSERT (((__heap_start__ == __heap_end__) || ((__heap_end__ - __RAM1_segment_start__) <= __RAM1_segment_size__)), error: .heap is too large to fit in RAM1 memory segment)
                0x000000002000e000                __stack_load_start__ = (__RAM1_segment_start__ + (__RAM1_segment_size__ - 0x2000))

.stack          0x000000002000e000     0x2000
                0x000000002000e000                __stack_start__ = .
                0x000000002000e000                __StackLimit = __stack_start__
 *(.stack .stack.*)
                0x0000000020010000                . = ALIGN (MAX ((__stack_start__ + __STACKSIZE__), .), 0x8)
 *fill*         0x000000002000e000     0x2000 
                0x0000000020010000                __stack_end__ = (__stack_start__ + SIZEOF (.stack))
                0x0000000000002000                __stack_size__ = SIZEOF (.stack)
                0x0000000020010000                __StackTop = __stack_end__
                0x0000000020010000                __stack_load_end__ = __stack_end__
                0x0000000000000001                . = ASSERT (((__stack_start__ == __stack_end__) || ((__stack_end__ - __RAM1_segment_start__) <= __RAM1_segment_size__)), error: .stack is too large to fit in RAM1 memory segment)
                0x0000000000000001                . = ASSERT ((__heap_end__ <= __stack_start__), error: section .heap overlaps absolute placed section .stack)
                0x0000000020010000                __stack_process_load_start__ = ALIGN (__stack_end__, 0x8)

.stack_process  0x0000000020010000        0x0
                0x0000000020010000                __stack_process_start__ = .
 *(.stack_process .stack_process.*)
                0x0000000020010000                . = ALIGN (MAX ((__stack_process_start__ + __STACKSIZE_PROCESS__), .), 0x8)
                0x0000000020010000                __stack_process_end__ = (__stack_process_start__ + SIZEOF (.stack_process))
                0x0000000000000000                __stack_process_size__ = SIZEOF (.stack_process)
                0x0000000020010000                __stack_process_load_end__ = __stack_process_end__
                0x0000000020010000                __RAM1_segment_used_end__ = (ALIGN (__stack_end__, 0x8) + SIZEOF (.stack_process))
                0x0000000000010000                __RAM1_segment_used_size__ = (__RAM1_segment_used_end__ - __RAM1_segment_start__)
                0x0000000000000001                . = ASSERT (((__stack_process_start__ == __stack_process_end__) || ((__stack_process_end__ - __RAM1_segment_start__) <= __RAM1_segment_size__)), error: .stack_process is too large to fit in RAM1 memory segment)
START GROUP
LOAD Output/Release/Obj/wdt_pca10040/thumb_crt0.o
LOAD Output/Release/Obj/wdt_pca10040/nrf_log_frontend.o
LOAD Output/Release/Obj/wdt_pca10040/nrf_log_str_formatter.o
LOAD Output/Release/Obj/wdt_pca10040/boards.o
LOAD Output/Release/Obj/wdt_pca10040/app_button.o
LOAD Output/Release/Obj/wdt_pca10040/app_error.o
LOAD Output/Release/Obj/wdt_pca10040/app_error_handler_gcc.o
LOAD Output/Release/Obj/wdt_pca10040/app_error_weak.o
LOAD Output/Release/Obj/wdt_pca10040/app_scheduler.o
LOAD Output/Release/Obj/wdt_pca10040/app_timer2.o
LOAD Output/Release/Obj/wdt_pca10040/app_util_platform.o
LOAD Output/Release/Obj/wdt_pca10040/drv_rtc.o
LOAD Output/Release/Obj/wdt_pca10040/nrf_assert.o
LOAD Output/Release/Obj/wdt_pca10040/nrf_atfifo.o
LOAD Output/Release/Obj/wdt_pca10040/nrf_atomic.o
LOAD Output/Release/Obj/wdt_pca10040/nrf_balloc.o
LOAD Output/Release/Obj/wdt_pca10040/nrf_fprintf.o
LOAD Output/Release/Obj/wdt_pca10040/nrf_fprintf_format.o
LOAD Output/Release/Obj/wdt_pca10040/nrf_memobj.o
LOAD Output/Release/Obj/wdt_pca10040/nrf_ringbuf.o
LOAD Output/Release/Obj/wdt_pca10040/nrf_sortlist.o
LOAD Output/Release/Obj/wdt_pca10040/nrf_strerror.o
LOAD Output/Release/Obj/wdt_pca10040/nrf_drv_clock.o
LOAD Output/Release/Obj/wdt_pca10040/nrf_nvic.o
LOAD Output/Release/Obj/wdt_pca10040/nrf_soc.o
LOAD Output/Release/Obj/wdt_pca10040/nrfx_atomic.o
LOAD Output/Release/Obj/wdt_pca10040/nrfx_clock.o
LOAD Output/Release/Obj/wdt_pca10040/nrfx_gpiote.o
LOAD Output/Release/Obj/wdt_pca10040/nrfx_wdt.o
LOAD Output/Release/Obj/wdt_pca10040/bsp.o
LOAD Output/Release/Obj/wdt_pca10040/main.o
LOAD Output/Release/Obj/wdt_pca10040/ses_startup_nrf52.o
LOAD Output/Release/Obj/wdt_pca10040/ses_startup_nrf_common.o
LOAD Output/Release/Obj/wdt_pca10040/system_nrf52.o
LOAD C:/Program Files/SEGGER/SEGGER Embedded Studio for ARM 5.68/lib/libm_v7em_fpv4_sp_d16_hard_t_le_eabi.a
LOAD C:/Program Files/SEGGER/SEGGER Embedded Studio for ARM 5.68/lib/libc_v7em_fpv4_sp_d16_hard_t_le_eabi.a
LOAD C:/Program Files/SEGGER/SEGGER Embedded Studio for ARM 5.68/lib/libdebugio_v7em_fpv4_sp_d16_hard_t_le_eabi.a
END GROUP
OUTPUT(Output/Release/Exe/wdt_pca10040.elf elf32-littlearm)
LOAD linker stubs

.ARM.attributes
                0x0000000000000000       0x32
 .ARM.attributes
                0x0000000000000000       0x20 Output/Release/Obj/wdt_pca10040/thumb_crt0.o
 .ARM.attributes
                0x0000000000000020       0x36 Output/Release/Obj/wdt_pca10040/boards.o
 .ARM.attributes
                0x0000000000000056       0x36 Output/Release/Obj/wdt_pca10040/app_button.o
 .ARM.attributes
                0x000000000000008c       0x36 Output/Release/Obj/wdt_pca10040/app_error.o
 .ARM.attributes
                0x00000000000000c2       0x36 Output/Release/Obj/wdt_pca10040/app_timer2.o
 .ARM.attributes
                0x00000000000000f8       0x36 Output/Release/Obj/wdt_pca10040/app_util_platform.o
 .ARM.attributes
                0x000000000000012e       0x36 Output/Release/Obj/wdt_pca10040/drv_rtc.o
 .ARM.attributes
                0x0000000000000164       0x36 Output/Release/Obj/wdt_pca10040/nrf_atfifo.o
 .ARM.attributes
                0x000000000000019a       0x36 Output/Release/Obj/wdt_pca10040/nrf_sortlist.o
 .ARM.attributes
                0x00000000000001d0       0x36 Output/Release/Obj/wdt_pca10040/nrf_drv_clock.o
 .ARM.attributes
                0x0000000000000206       0x36 Output/Release/Obj/wdt_pca10040/nrfx_clock.o
 .ARM.attributes
                0x000000000000023c       0x36 Output/Release/Obj/wdt_pca10040/nrfx_gpiote.o
 .ARM.attributes
                0x0000000000000272       0x36 Output/Release/Obj/wdt_pca10040/nrfx_wdt.o
 .ARM.attributes
                0x00000000000002a8       0x36 Output/Release/Obj/wdt_pca10040/bsp.o
 .ARM.attributes
                0x00000000000002de       0x36 Output/Release/Obj/wdt_pca10040/main.o
 .ARM.attributes
                0x0000000000000314       0x20 Output/Release/Obj/wdt_pca10040/ses_startup_nrf52.o
 .ARM.attributes
                0x0000000000000334       0x20 Output/Release/Obj/wdt_pca10040/ses_startup_nrf_common.o
 .ARM.attributes
                0x0000000000000354       0x36 Output/Release/Obj/wdt_pca10040/system_nrf52.o
 .ARM.attributes
                0x000000000000038a       0x20 C:/Program Files/SEGGER/SEGGER Embedded Studio for ARM 5.68/lib/libc_v7em_fpv4_sp_d16_hard_t_le_eabi.a(libc_asm.o)
 .ARM.attributes
                0x00000000000003aa       0x20 C:/Program Files/SEGGER/SEGGER Embedded Studio for ARM 5.68/lib/libc_v7em_fpv4_sp_d16_hard_t_le_eabi.a(libc2_asm.o)

.comment        0x0000000000000000       0x3f
 .comment       0x0000000000000000       0x3f Output/Release/Obj/wdt_pca10040/boards.o
                                         0x40 (size before relaxing)
 .comment       0x000000000000003f       0x40 Output/Release/Obj/wdt_pca10040/app_button.o
 .comment       0x000000000000003f       0x40 Output/Release/Obj/wdt_pca10040/app_error.o
 .comment       0x000000000000003f       0x40 Output/Release/Obj/wdt_pca10040/app_timer2.o
 .comment       0x000000000000003f       0x40 Output/Release/Obj/wdt_pca10040/app_util_platform.o
 .comment       0x000000000000003f       0x40 Output/Release/Obj/wdt_pca10040/drv_rtc.o
 .comment       0x000000000000003f       0x40 Output/Release/Obj/wdt_pca10040/nrf_atfifo.o
 .comment       0x000000000000003f       0x40 Output/Release/Obj/wdt_pca10040/nrf_sortlist.o
 .comment       0x000000000000003f       0x40 Output/Release/Obj/wdt_pca10040/nrf_drv_clock.o
 .comment       0x000000000000003f       0x40 Output/Release/Obj/wdt_pca10040/nrfx_clock.o
 .comment       0x000000000000003f       0x40 Output/Release/Obj/wdt_pca10040/nrfx_gpiote.o
 .comment       0x000000000000003f       0x40 Output/Release/Obj/wdt_pca10040/nrfx_wdt.o
 .comment       0x000000000000003f       0x40 Output/Release/Obj/wdt_pca10040/bsp.o
 .comment       0x000000000000003f       0x40 Output/Release/Obj/wdt_pca10040/main.o
 .comment       0x000000000000003f       0x40 Output/Release/Obj/wdt_pca10040/system_nrf52.o

.debug_line     0x0000000000000000     0xac03
 .debug_line    0x0000000000000000      0x21e Output/Release/Obj/wdt_pca10040/thumb_crt0.o
 .debug_line    0x000000000000021e      0xae9 Output/Release/Obj/wdt_pca10040/boards.o
 .debug_line    0x0000000000000d07      0xd06 Output/Release/Obj/wdt_pca10040/app_button.o
 .debug_line    0x0000000000001a0d      0x3c9 Output/Release/Obj/wdt_pca10040/app_error.o
 .debug_line    0x0000000000001dd6      0xdc4 Output/Release/Obj/wdt_pca10040/app_timer2.o
 .debug_line    0x0000000000002b9a      0x457 Output/Release/Obj/wdt_pca10040/app_util_platform.o
 .debug_line    0x0000000000002ff1     0x1126 Output/Release/Obj/wdt_pca10040/drv_rtc.o
 .debug_line    0x0000000000004117      0x75c Output/Release/Obj/wdt_pca10040/nrf_atfifo.o
 .debug_line    0x0000000000004873      0x5ad Output/Release/Obj/wdt_pca10040/nrf_sortlist.o
 .debug_line    0x0000000000004e20      0xb64 Output/Release/Obj/wdt_pca10040/nrf_drv_clock.o
 .debug_line    0x0000000000005984      0xc60 Output/Release/Obj/wdt_pca10040/nrfx_clock.o
 .debug_line    0x00000000000065e4     0x1bfc Output/Release/Obj/wdt_pca10040/nrfx_gpiote.o
 .debug_line    0x00000000000081e0      0x981 Output/Release/Obj/wdt_pca10040/nrfx_wdt.o
 .debug_line    0x0000000000008b61      0xdb7 Output/Release/Obj/wdt_pca10040/bsp.o
 .debug_line    0x0000000000009918      0xa57 Output/Release/Obj/wdt_pca10040/main.o
 .debug_line    0x000000000000a36f       0xa7 Output/Release/Obj/wdt_pca10040/ses_startup_nrf52.o
 .debug_line    0x000000000000a416       0xc9 Output/Release/Obj/wdt_pca10040/ses_startup_nrf_common.o
 .debug_line    0x000000000000a4df      0x724 Output/Release/Obj/wdt_pca10040/system_nrf52.o

.debug_info     0x0000000000000000     0xf387
 .debug_info    0x0000000000000000       0x22 Output/Release/Obj/wdt_pca10040/thumb_crt0.o
 .debug_info    0x0000000000000022      0xc0e Output/Release/Obj/wdt_pca10040/boards.o
 .debug_info    0x0000000000000c30      0xb43 Output/Release/Obj/wdt_pca10040/app_button.o
 .debug_info    0x0000000000001773      0x2a4 Output/Release/Obj/wdt_pca10040/app_error.o
 .debug_info    0x0000000000001a17     0x15af Output/Release/Obj/wdt_pca10040/app_timer2.o
 .debug_info    0x0000000000002fc6      0x785 Output/Release/Obj/wdt_pca10040/app_util_platform.o
 .debug_info    0x000000000000374b     0x1fb6 Output/Release/Obj/wdt_pca10040/drv_rtc.o
 .debug_info    0x0000000000005701      0x8a6 Output/Release/Obj/wdt_pca10040/nrf_atfifo.o
 .debug_info    0x0000000000005fa7      0x305 Output/Release/Obj/wdt_pca10040/nrf_sortlist.o
 .debug_info    0x00000000000062ac      0xd46 Output/Release/Obj/wdt_pca10040/nrf_drv_clock.o
 .debug_info    0x0000000000006ff2     0x1370 Output/Release/Obj/wdt_pca10040/nrfx_clock.o
 .debug_info    0x0000000000008362     0x346d Output/Release/Obj/wdt_pca10040/nrfx_gpiote.o
 .debug_info    0x000000000000b7cf      0xd55 Output/Release/Obj/wdt_pca10040/nrfx_wdt.o
 .debug_info    0x000000000000c524     0x1190 Output/Release/Obj/wdt_pca10040/bsp.o
 .debug_info    0x000000000000d6b4      0x756 Output/Release/Obj/wdt_pca10040/main.o
 .debug_info    0x000000000000de0a       0x23 Output/Release/Obj/wdt_pca10040/ses_startup_nrf52.o
 .debug_info    0x000000000000de2d       0x23 Output/Release/Obj/wdt_pca10040/ses_startup_nrf_common.o
 .debug_info    0x000000000000de50     0x1537 Output/Release/Obj/wdt_pca10040/system_nrf52.o

.debug_abbrev   0x0000000000000000     0x321f
 .debug_abbrev  0x0000000000000000       0x12 Output/Release/Obj/wdt_pca10040/thumb_crt0.o
 .debug_abbrev  0x0000000000000012      0x2e9 Output/Release/Obj/wdt_pca10040/boards.o
 .debug_abbrev  0x00000000000002fb      0x360 Output/Release/Obj/wdt_pca10040/app_button.o
 .debug_abbrev  0x000000000000065b      0x13e Output/Release/Obj/wdt_pca10040/app_error.o
 .debug_abbrev  0x0000000000000799      0x4a0 Output/Release/Obj/wdt_pca10040/app_timer2.o
 .debug_abbrev  0x0000000000000c39      0x23c Output/Release/Obj/wdt_pca10040/app_util_platform.o
 .debug_abbrev  0x0000000000000e75      0x4c2 Output/Release/Obj/wdt_pca10040/drv_rtc.o
 .debug_abbrev  0x0000000000001337      0x219 Output/Release/Obj/wdt_pca10040/nrf_atfifo.o
 .debug_abbrev  0x0000000000001550      0x148 Output/Release/Obj/wdt_pca10040/nrf_sortlist.o
 .debug_abbrev  0x0000000000001698      0x41f Output/Release/Obj/wdt_pca10040/nrf_drv_clock.o
 .debug_abbrev  0x0000000000001ab7      0x46d Output/Release/Obj/wdt_pca10040/nrfx_clock.o
 .debug_abbrev  0x0000000000001f24      0x573 Output/Release/Obj/wdt_pca10040/nrfx_gpiote.o
 .debug_abbrev  0x0000000000002497      0x31f Output/Release/Obj/wdt_pca10040/nrfx_wdt.o
 .debug_abbrev  0x00000000000027b6      0x424 Output/Release/Obj/wdt_pca10040/bsp.o
 .debug_abbrev  0x0000000000002bda      0x2f2 Output/Release/Obj/wdt_pca10040/main.o
 .debug_abbrev  0x0000000000002ecc       0x14 Output/Release/Obj/wdt_pca10040/ses_startup_nrf52.o
 .debug_abbrev  0x0000000000002ee0       0x14 Output/Release/Obj/wdt_pca10040/ses_startup_nrf_common.o
 .debug_abbrev  0x0000000000002ef4      0x32b Output/Release/Obj/wdt_pca10040/system_nrf52.o

.debug_aranges  0x0000000000000000      0x780
 .debug_aranges
                0x0000000000000000       0x98 Output/Release/Obj/wdt_pca10040/thumb_crt0.o
 .debug_aranges
                0x0000000000000098       0x78 Output/Release/Obj/wdt_pca10040/boards.o
 .debug_aranges
                0x0000000000000110       0x70 Output/Release/Obj/wdt_pca10040/app_button.o
 .debug_aranges
                0x0000000000000180       0x28 Output/Release/Obj/wdt_pca10040/app_error.o
 .debug_aranges
                0x00000000000001a8       0x88 Output/Release/Obj/wdt_pca10040/app_timer2.o
 .debug_aranges
                0x0000000000000230       0x48 Output/Release/Obj/wdt_pca10040/app_util_platform.o
 .debug_aranges
                0x0000000000000278       0xb8 Output/Release/Obj/wdt_pca10040/drv_rtc.o
 .debug_aranges
                0x0000000000000330       0x58 Output/Release/Obj/wdt_pca10040/nrf_atfifo.o
 .debug_aranges
                0x0000000000000388       0x40 Output/Release/Obj/wdt_pca10040/nrf_sortlist.o
 .debug_aranges
                0x00000000000003c8       0x88 Output/Release/Obj/wdt_pca10040/nrf_drv_clock.o
 .debug_aranges
                0x0000000000000450       0x80 Output/Release/Obj/wdt_pca10040/nrfx_clock.o
 .debug_aranges
                0x00000000000004d0      0x118 Output/Release/Obj/wdt_pca10040/nrfx_gpiote.o
 .debug_aranges
                0x00000000000005e8       0x48 Output/Release/Obj/wdt_pca10040/nrfx_wdt.o
 .debug_aranges
                0x0000000000000630       0x90 Output/Release/Obj/wdt_pca10040/bsp.o
 .debug_aranges
                0x00000000000006c0       0x38 Output/Release/Obj/wdt_pca10040/main.o
 .debug_aranges
                0x00000000000006f8       0x20 Output/Release/Obj/wdt_pca10040/ses_startup_nrf52.o
 .debug_aranges
                0x0000000000000718       0x20 Output/Release/Obj/wdt_pca10040/ses_startup_nrf_common.o
 .debug_aranges
                0x0000000000000738       0x48 Output/Release/Obj/wdt_pca10040/system_nrf52.o

.debug_str      0x0000000000000000    0x7dd92
 .debug_str     0x0000000000000000       0xcd Output/Release/Obj/wdt_pca10040/thumb_crt0.o
 .debug_str     0x00000000000000cd    0x6bd9f Output/Release/Obj/wdt_pca10040/boards.o
                                      0x6cc1e (size before relaxing)
 .debug_str     0x000000000006be6c     0x453f Output/Release/Obj/wdt_pca10040/app_button.o
                                      0x6fd56 (size before relaxing)
 .debug_str     0x00000000000703ab      0x148 Output/Release/Obj/wdt_pca10040/app_error.o
                                      0x5ed14 (size before relaxing)
 .debug_str     0x00000000000704f3     0x1182 Output/Release/Obj/wdt_pca10040/app_timer2.o
                                      0x6fa9b (size before relaxing)
 .debug_str     0x0000000000071675      0x27a Output/Release/Obj/wdt_pca10040/app_util_platform.o
                                      0x5f529 (size before relaxing)
 .debug_str     0x00000000000718ef      0x7f3 Output/Release/Obj/wdt_pca10040/drv_rtc.o
                                      0x6f36d (size before relaxing)
 .debug_str     0x00000000000720e2      0x1c5 Output/Release/Obj/wdt_pca10040/nrf_atfifo.o
                                      0x6b5dc (size before relaxing)
 .debug_str     0x00000000000722a7       0xaf Output/Release/Obj/wdt_pca10040/nrf_sortlist.o
                                      0x6b207 (size before relaxing)
 .debug_str     0x0000000000072356      0x9e2 Output/Release/Obj/wdt_pca10040/nrf_drv_clock.o
                                      0x6ec55 (size before relaxing)
 .debug_str     0x0000000000072d38      0x860 Output/Release/Obj/wdt_pca10040/nrfx_clock.o
                                      0x6f325 (size before relaxing)
 .debug_str     0x0000000000073598      0xdb0 Output/Release/Obj/wdt_pca10040/nrfx_gpiote.o
                                      0x70622 (size before relaxing)
 .debug_str     0x0000000000074348      0x415 Output/Release/Obj/wdt_pca10040/nrfx_wdt.o
                                      0x6ee81 (size before relaxing)
 .debug_str     0x000000000007475d     0x1011 Output/Release/Obj/wdt_pca10040/bsp.o
                                      0x6e8d8 (size before relaxing)
 .debug_str     0x000000000007576e      0x298 Output/Release/Obj/wdt_pca10040/main.o
                                      0x6e164 (size before relaxing)
 .debug_str     0x0000000000075a06       0x69 Output/Release/Obj/wdt_pca10040/ses_startup_nrf52.o
                                         0xe6 (size before relaxing)
 .debug_str     0x0000000000075a6f       0x6e Output/Release/Obj/wdt_pca10040/ses_startup_nrf_common.o
                                         0xeb (size before relaxing)
 .debug_str     0x0000000000075add     0x82b5 Output/Release/Obj/wdt_pca10040/system_nrf52.o
                                      0x66512 (size before relaxing)

.debug_ranges   0x0000000000000000     0x1910
 .debug_ranges  0x0000000000000000       0x90 Output/Release/Obj/wdt_pca10040/thumb_crt0.o
 .debug_ranges  0x0000000000000090      0x380 Output/Release/Obj/wdt_pca10040/boards.o
 .debug_ranges  0x0000000000000410      0x128 Output/Release/Obj/wdt_pca10040/app_button.o
 .debug_ranges  0x0000000000000538       0x18 Output/Release/Obj/wdt_pca10040/app_error.o
 .debug_ranges  0x0000000000000550      0x180 Output/Release/Obj/wdt_pca10040/app_timer2.o
 .debug_ranges  0x00000000000006d0       0x38 Output/Release/Obj/wdt_pca10040/app_util_platform.o
 .debug_ranges  0x0000000000000708      0x310 Output/Release/Obj/wdt_pca10040/drv_rtc.o
 .debug_ranges  0x0000000000000a18       0xc0 Output/Release/Obj/wdt_pca10040/nrf_atfifo.o
 .debug_ranges  0x0000000000000ad8       0x30 Output/Release/Obj/wdt_pca10040/nrf_sortlist.o
 .debug_ranges  0x0000000000000b08       0xf0 Output/Release/Obj/wdt_pca10040/nrf_drv_clock.o
 .debug_ranges  0x0000000000000bf8      0x168 Output/Release/Obj/wdt_pca10040/nrfx_clock.o
 .debug_ranges  0x0000000000000d60      0x8d8 Output/Release/Obj/wdt_pca10040/nrfx_gpiote.o
 .debug_ranges  0x0000000000001638       0xe8 Output/Release/Obj/wdt_pca10040/nrfx_wdt.o
 .debug_ranges  0x0000000000001720      0x118 Output/Release/Obj/wdt_pca10040/bsp.o
 .debug_ranges  0x0000000000001838       0x80 Output/Release/Obj/wdt_pca10040/main.o
 .debug_ranges  0x00000000000018b8       0x58 Output/Release/Obj/wdt_pca10040/system_nrf52.o

.debug_frame    0x0000000000000000     0x1254
 .debug_frame   0x0000000000000000      0x104 Output/Release/Obj/wdt_pca10040/boards.o
 .debug_frame   0x0000000000000104      0x210 Output/Release/Obj/wdt_pca10040/app_button.o
 .debug_frame   0x0000000000000314       0x58 Output/Release/Obj/wdt_pca10040/app_error.o
 .debug_frame   0x000000000000036c      0x1e4 Output/Release/Obj/wdt_pca10040/app_timer2.o
 .debug_frame   0x0000000000000550       0x70 Output/Release/Obj/wdt_pca10040/app_util_platform.o
 .debug_frame   0x00000000000005c0      0x1c4 Output/Release/Obj/wdt_pca10040/drv_rtc.o
 .debug_frame   0x0000000000000784      0x124 Output/Release/Obj/wdt_pca10040/nrf_atfifo.o
 .debug_frame   0x00000000000008a8       0x70 Output/Release/Obj/wdt_pca10040/nrf_sortlist.o
 .debug_frame   0x0000000000000918      0x19c Output/Release/Obj/wdt_pca10040/nrf_drv_clock.o
 .debug_frame   0x0000000000000ab4      0x15c Output/Release/Obj/wdt_pca10040/nrfx_clock.o
 .debug_frame   0x0000000000000c10      0x304 Output/Release/Obj/wdt_pca10040/nrfx_gpiote.o
 .debug_frame   0x0000000000000f14       0xac Output/Release/Obj/wdt_pca10040/nrfx_wdt.o
 .debug_frame   0x0000000000000fc0      0x1ac Output/Release/Obj/wdt_pca10040/bsp.o
 .debug_frame   0x000000000000116c       0x6c Output/Release/Obj/wdt_pca10040/main.o
 .debug_frame   0x00000000000011d8       0x7c Output/Release/Obj/wdt_pca10040/system_nrf52.o

.debug_loc      0x0000000000000000     0x69a8
 .debug_loc     0x0000000000000000      0x83d Output/Release/Obj/wdt_pca10040/boards.o
 .debug_loc     0x000000000000083d      0x824 Output/Release/Obj/wdt_pca10040/app_button.o
 .debug_loc     0x0000000000001061       0xcd Output/Release/Obj/wdt_pca10040/app_error.o
 .debug_loc     0x000000000000112e      0x893 Output/Release/Obj/wdt_pca10040/app_timer2.o
 .debug_loc     0x00000000000019c1       0xda Output/Release/Obj/wdt_pca10040/app_util_platform.o
 .debug_loc     0x0000000000001a9b     0x11ae Output/Release/Obj/wdt_pca10040/drv_rtc.o
 .debug_loc     0x0000000000002c49      0x47c Output/Release/Obj/wdt_pca10040/nrf_atfifo.o
 .debug_loc     0x00000000000030c5      0x171 Output/Release/Obj/wdt_pca10040/nrf_sortlist.o
 .debug_loc     0x0000000000003236      0x35d Output/Release/Obj/wdt_pca10040/nrf_drv_clock.o
 .debug_loc     0x0000000000003593      0x2e0 Output/Release/Obj/wdt_pca10040/nrfx_clock.o
 .debug_loc     0x0000000000003873     0x1ffa Output/Release/Obj/wdt_pca10040/nrfx_gpiote.o
 .debug_loc     0x000000000000586d      0x2df Output/Release/Obj/wdt_pca10040/nrfx_wdt.o
 .debug_loc     0x0000000000005b4c      0xaaa Output/Release/Obj/wdt_pca10040/bsp.o
 .debug_loc     0x00000000000065f6      0x286 Output/Release/Obj/wdt_pca10040/main.o
 .debug_loc     0x000000000000687c      0x12c Output/Release/Obj/wdt_pca10040/system_nrf52.o

.debug_pubnames
                0x0000000000000000     0x4ddd
 .debug_pubnames
                0x0000000000000000      0x4bd Output/Release/Obj/wdt_pca10040/boards.o
 .debug_pubnames
                0x00000000000004bd      0x3d1 Output/Release/Obj/wdt_pca10040/app_button.o
 .debug_pubnames
                0x000000000000088e       0x6c Output/Release/Obj/wdt_pca10040/app_error.o
 .debug_pubnames
                0x00000000000008fa      0x7ba Output/Release/Obj/wdt_pca10040/app_timer2.o
 .debug_pubnames
                0x00000000000010b4      0x223 Output/Release/Obj/wdt_pca10040/app_util_platform.o
 .debug_pubnames
                0x00000000000012d7      0x711 Output/Release/Obj/wdt_pca10040/drv_rtc.o
 .debug_pubnames
                0x00000000000019e8      0x1fb Output/Release/Obj/wdt_pca10040/nrf_atfifo.o
 .debug_pubnames
                0x0000000000001be3      0x125 Output/Release/Obj/wdt_pca10040/nrf_sortlist.o
 .debug_pubnames
                0x0000000000001d08      0x4a2 Output/Release/Obj/wdt_pca10040/nrf_drv_clock.o
 .debug_pubnames
                0x00000000000021aa      0x681 Output/Release/Obj/wdt_pca10040/nrfx_clock.o
 .debug_pubnames
                0x000000000000282b     0x1175 Output/Release/Obj/wdt_pca10040/nrfx_gpiote.o
 .debug_pubnames
                0x00000000000039a0      0x74e Output/Release/Obj/wdt_pca10040/nrfx_wdt.o
 .debug_pubnames
                0x00000000000040ee      0x879 Output/Release/Obj/wdt_pca10040/bsp.o
 .debug_pubnames
                0x0000000000004967      0x2cf Output/Release/Obj/wdt_pca10040/main.o
 .debug_pubnames
                0x0000000000004c36      0x1a7 Output/Release/Obj/wdt_pca10040/system_nrf52.o

.debug_pubtypes
                0x0000000000000000     0x1d58
 .debug_pubtypes
                0x0000000000000000      0x181 Output/Release/Obj/wdt_pca10040/boards.o
 .debug_pubtypes
                0x0000000000000181      0x24f Output/Release/Obj/wdt_pca10040/app_button.o
 .debug_pubtypes
                0x00000000000003d0      0x10a Output/Release/Obj/wdt_pca10040/app_error.o
 .debug_pubtypes
                0x00000000000004da      0x34b Output/Release/Obj/wdt_pca10040/app_timer2.o
 .debug_pubtypes
                0x0000000000000825      0x110 Output/Release/Obj/wdt_pca10040/app_util_platform.o
 .debug_pubtypes
                0x0000000000000935      0x1e2 Output/Release/Obj/wdt_pca10040/drv_rtc.o
 .debug_pubtypes
                0x0000000000000b17      0x201 Output/Release/Obj/wdt_pca10040/nrf_atfifo.o
 .debug_pubtypes
                0x0000000000000d18      0x161 Output/Release/Obj/wdt_pca10040/nrf_sortlist.o
 .debug_pubtypes
                0x0000000000000e79      0x1f0 Output/Release/Obj/wdt_pca10040/nrf_drv_clock.o
 .debug_pubtypes
                0x0000000000001069      0x21f Output/Release/Obj/wdt_pca10040/nrfx_clock.o
 .debug_pubtypes
                0x0000000000001288      0x2f2 Output/Release/Obj/wdt_pca10040/nrfx_gpiote.o
 .debug_pubtypes
                0x000000000000157a      0x21f Output/Release/Obj/wdt_pca10040/nrfx_wdt.o
 .debug_pubtypes
                0x0000000000001799      0x257 Output/Release/Obj/wdt_pca10040/bsp.o
 .debug_pubtypes
                0x00000000000019f0      0x1aa Output/Release/Obj/wdt_pca10040/main.o
 .debug_pubtypes
                0x0000000000001b9a      0x1be Output/Release/Obj/wdt_pca10040/system_nrf52.o

.debug_macro    0x0000000000000000     0x4e9f
 .debug_macro   0x0000000000000000      0x225 Output/Release/Obj/wdt_pca10040/boards.o
 .debug_macro   0x0000000000000225       0x1c Output/Release/Obj/wdt_pca10040/boards.o
 .debug_macro   0x0000000000000241       0xfb Output/Release/Obj/wdt_pca10040/boards.o
 .debug_macro   0x000000000000033c       0x40 Output/Release/Obj/wdt_pca10040/boards.o
 .debug_macro   0x000000000000037c      0x3dc Output/Release/Obj/wdt_pca10040/boards.o
 .debug_macro   0x0000000000000758       0x59 Output/Release/Obj/wdt_pca10040/boards.o
 .debug_macro   0x00000000000007b1      0x145 Output/Release/Obj/wdt_pca10040/boards.o
 .debug_macro   0x00000000000008f6      0x131 Output/Release/Obj/wdt_pca10040/boards.o
 .debug_macro   0x0000000000000a27       0x3f Output/Release/Obj/wdt_pca10040/boards.o
 .debug_macro   0x0000000000000a66       0x72 Output/Release/Obj/wdt_pca10040/boards.o
 .debug_macro   0x0000000000000ad8       0x49 Output/Release/Obj/wdt_pca10040/boards.o
 .debug_macro   0x0000000000000b21       0x8c Output/Release/Obj/wdt_pca10040/boards.o
 .debug_macro   0x0000000000000bad       0x19 Output/Release/Obj/wdt_pca10040/boards.o
 .debug_macro   0x0000000000000bc6       0x1d Output/Release/Obj/wdt_pca10040/boards.o
 .debug_macro   0x0000000000000be3       0x35 Output/Release/Obj/wdt_pca10040/boards.o
 .debug_macro   0x0000000000000c18       0x7b Output/Release/Obj/wdt_pca10040/boards.o
 .debug_macro   0x0000000000000c93       0x64 Output/Release/Obj/wdt_pca10040/boards.o
 .debug_macro   0x0000000000000cf7       0x20 Output/Release/Obj/wdt_pca10040/boards.o
 .debug_macro   0x0000000000000d17       0x1c Output/Release/Obj/wdt_pca10040/boards.o
 .debug_macro   0x0000000000000d33      0x25a Output/Release/Obj/wdt_pca10040/boards.o
 .debug_macro   0x0000000000000f8d      0x16d Output/Release/Obj/wdt_pca10040/boards.o
 .debug_macro   0x00000000000010fa      0x2f1 Output/Release/Obj/wdt_pca10040/app_button.o
 .debug_macro   0x00000000000013eb       0x1c Output/Release/Obj/wdt_pca10040/app_button.o
 .debug_macro   0x0000000000001407       0x37 Output/Release/Obj/wdt_pca10040/app_button.o
 .debug_macro   0x000000000000143e       0x55 Output/Release/Obj/wdt_pca10040/app_button.o
 .debug_macro   0x0000000000001493       0x16 Output/Release/Obj/wdt_pca10040/app_button.o
 .debug_macro   0x00000000000014a9       0x42 Output/Release/Obj/wdt_pca10040/app_button.o
 .debug_macro   0x00000000000014eb       0x17 Output/Release/Obj/wdt_pca10040/app_button.o
 .debug_macro   0x0000000000001502       0x45 Output/Release/Obj/wdt_pca10040/app_button.o
 .debug_macro   0x0000000000001547       0xcc Output/Release/Obj/wdt_pca10040/app_button.o
 .debug_macro   0x0000000000001613       0x16 Output/Release/Obj/wdt_pca10040/app_button.o
 .debug_macro   0x0000000000001629      0x179 Output/Release/Obj/wdt_pca10040/app_button.o
 .debug_macro   0x00000000000017a2       0x9a Output/Release/Obj/wdt_pca10040/app_button.o
 .debug_macro   0x000000000000183c      0x103 Output/Release/Obj/wdt_pca10040/app_error.o
 .debug_macro   0x000000000000193f       0x78 Output/Release/Obj/wdt_pca10040/app_error.o
 .debug_macro   0x00000000000019b7      0x2d9 Output/Release/Obj/wdt_pca10040/app_timer2.o
 .debug_macro   0x0000000000001c90       0x27 Output/Release/Obj/wdt_pca10040/app_timer2.o
 .debug_macro   0x0000000000001cb7       0x45 Output/Release/Obj/wdt_pca10040/app_timer2.o
 .debug_macro   0x0000000000001cfc       0xac Output/Release/Obj/wdt_pca10040/app_timer2.o
 .debug_macro   0x0000000000001da8       0x5b Output/Release/Obj/wdt_pca10040/app_timer2.o
 .debug_macro   0x0000000000001e03       0x10 Output/Release/Obj/wdt_pca10040/app_timer2.o
 .debug_macro   0x0000000000001e13       0x2e Output/Release/Obj/wdt_pca10040/app_timer2.o
 .debug_macro   0x0000000000001e41       0x28 Output/Release/Obj/wdt_pca10040/app_timer2.o
 .debug_macro   0x0000000000001e69      0x11f Output/Release/Obj/wdt_pca10040/app_util_platform.o
 .debug_macro   0x0000000000001f88      0x2c3 Output/Release/Obj/wdt_pca10040/drv_rtc.o
 .debug_macro   0x000000000000224b       0x10 Output/Release/Obj/wdt_pca10040/drv_rtc.o
 .debug_macro   0x000000000000225b      0x1b6 Output/Release/Obj/wdt_pca10040/nrf_atfifo.o
 .debug_macro   0x0000000000002411      0x1ae Output/Release/Obj/wdt_pca10040/nrf_sortlist.o
 .debug_macro   0x00000000000025bf      0x2e2 Output/Release/Obj/wdt_pca10040/nrf_drv_clock.o
 .debug_macro   0x00000000000028a1       0x16 Output/Release/Obj/wdt_pca10040/nrf_drv_clock.o
 .debug_macro   0x00000000000028b7       0x10 Output/Release/Obj/wdt_pca10040/nrf_drv_clock.o
 .debug_macro   0x00000000000028c7       0x16 Output/Release/Obj/wdt_pca10040/nrf_drv_clock.o
 .debug_macro   0x00000000000028dd      0x2c3 Output/Release/Obj/wdt_pca10040/nrfx_clock.o
 .debug_macro   0x0000000000002ba0       0x1c Output/Release/Obj/wdt_pca10040/nrfx_clock.o
 .debug_macro   0x0000000000002bbc       0x42 Output/Release/Obj/wdt_pca10040/nrfx_clock.o
 .debug_macro   0x0000000000002bfe      0x2f5 Output/Release/Obj/wdt_pca10040/nrfx_gpiote.o
 .debug_macro   0x0000000000002ef3       0x22 Output/Release/Obj/wdt_pca10040/nrfx_gpiote.o
 .debug_macro   0x0000000000002f15       0x16 Output/Release/Obj/wdt_pca10040/nrfx_gpiote.o
 .debug_macro   0x0000000000002f2b      0x2a1 Output/Release/Obj/wdt_pca10040/nrfx_wdt.o
 .debug_macro   0x00000000000031cc       0x10 Output/Release/Obj/wdt_pca10040/nrfx_wdt.o
 .debug_macro   0x00000000000031dc      0x28e Output/Release/Obj/wdt_pca10040/bsp.o
 .debug_macro   0x000000000000346a       0x1c Output/Release/Obj/wdt_pca10040/bsp.o
 .debug_macro   0x0000000000003486      0x100 Output/Release/Obj/wdt_pca10040/bsp.o
 .debug_macro   0x0000000000003586      0x2dd Output/Release/Obj/wdt_pca10040/main.o
 .debug_macro   0x0000000000003863       0x3a Output/Release/Obj/wdt_pca10040/main.o
 .debug_macro   0x000000000000389d      0x108 Output/Release/Obj/wdt_pca10040/system_nrf52.o
 .debug_macro   0x00000000000039a5      0x44e Output/Release/Obj/wdt_pca10040/system_nrf52.o
 .debug_macro   0x0000000000003df3      0xa28 Output/Release/Obj/wdt_pca10040/system_nrf52.o
 .debug_macro   0x000000000000481b      0x520 Output/Release/Obj/wdt_pca10040/system_nrf52.o
 .debug_macro   0x0000000000004d3b      0x164 Output/Release/Obj/wdt_pca10040/system_nrf52.o
